#TYPE=CODEMRI;MSG_CODE=1000-7001;MSG_TEXT=CP/SP     <TRACE> CodeMriAnalyzer-proc> [warning] sasp: 00000001: TRACE: failed to get message: [java.lang./^Throwable$\|^Exception$/.printStackTrace(...)] in FILE<NOT @reference> % 31000209.stack_trace();STACK_TRACE=;
#TYPE=CODEMRI;MSG_CODE=1000-7001;MSG_TEXT=CP/SP     <TRACE> CodeMriAnalyzer-proc> [warning] sasp: 00000001: TRACE: undefined message;STACK_TRACE=;
#TYPE=CODEMRI;MSG_CODE=1000-7001;MSG_TEXT=CP/SP     <TRACE> CodeMriAnalyzer-proc> [warning] sasp: 00000001: TRACE: failed to get message: [java.lang./^Throwable$\|^Exception$/.printStackTrace(...)] in FILE<NOT @reference> % 31000209.stack_trace();STACK_TRACE=;
#TYPE=CODEMRI;MSG_CODE=1000-7001;MSG_TEXT=CP/SP     <TRACE> CodeMriAnalyzer-proc> [warning] sasp: 00000001: TRACE: undefined message;STACK_TRACE=;
#TYPE=CODEMRI;MSG_CODE=1000-7001;MSG_TEXT=CP/SP     <TRACE> CodeMriAnalyzer-proc> [warning] sasp: 00000001: TRACE: failed to get message: [java.lang./^Throwable$\|^Exception$/.printStackTrace(...)] in FILE<NOT @reference> % 31000209.stack_trace();STACK_TRACE=;
#TYPE=CODEMRI;MSG_CODE=1000-7001;MSG_TEXT=CP/SP     <TRACE> CodeMriAnalyzer-proc> [warning] sasp: 00000001: TRACE: undefined message;STACK_TRACE=;
#TYPE=CODEMRI;MSG_CODE=1000-7001;MSG_TEXT=CP/SP     <TRACE> CodeMriAnalyzer-proc> [warning] sasp: 00000001: TRACE: failed to get message: [java.lang./^Throwable$\|^Exception$/.printStackTrace(...)] in FILE<NOT @reference> % 31000209.stack_trace();STACK_TRACE=;
#TYPE=CODEMRI;MSG_CODE=1000-7001;MSG_TEXT=CP/SP     <TRACE> CodeMriAnalyzer-proc> [warning] sasp: 00000001: TRACE: undefined message;STACK_TRACE=;
#TYPE=CODEMRI;MSG_CODE=1000-7001;MSG_TEXT=CP/SP     <TRACE> CodeMriAnalyzer-proc> [warning] sasp: 00000001: TRACE: failed to get message: [$1<LIT {{^\(^\(.*\)$\)$}}, NOT LIT "", OR[STRING, ARRAY]>] % 31000259.source_constant($1);STACK_TRACE=;
#TYPE=CODEMRI;MSG_CODE=1000-7001;MSG_TEXT=CP/SP     <TRACE> CodeMriAnalyzer-proc> [warning] sasp: 00000001: TRACE: undefined message;STACK_TRACE=;
#TYPE=CODEMRI;MSG_CODE=1000-7001;MSG_TEXT=CP/SP     <TRACE> CodeMriAnalyzer-proc> [warning] sasp: 00000001: TRACE: failed to get message: [java.sql.DriverManager.getConnection($$, $$, $1)] in FILE<NOT @reference> % 31000259.sink_constant($1);STACK_TRACE=;
#TYPE=CODEMRI;MSG_CODE=1000-7001;MSG_TEXT=CP/SP     <TRACE> CodeMriAnalyzer-proc> [warning] sasp: 00000001: TRACE: undefined message;STACK_TRACE=;
#TYPE=CODEMRI;MSG_CODE=1000-7001;MSG_TEXT=CP/SP     <TRACE> CodeMriAnalyzer-proc> [warning] sasp: 00000002: TRACE: failed to get message: [java.lang./^Throwable$\|^Exception$/.printStackTrace(...)] in FILE<NOT @reference> % 31000209.stack_trace();STACK_TRACE=;
#TYPE=CODEMRI;MSG_CODE=1000-7001;MSG_TEXT=CP/SP     <TRACE> CodeMriAnalyzer-proc> [warning] sasp: 00000002: TRACE: undefined message;STACK_TRACE=;
#TYPE=CODEMRI;MSG_CODE=1000-7001;MSG_TEXT=CP/SP     <TRACE> CodeMriAnalyzer-proc> [warning] sasp: 00000002: TRACE: failed to get message: [java.lang./^Throwable$\|^Exception$/.printStackTrace(...)] in FILE<NOT @reference> % 31000209.stack_trace();STACK_TRACE=;
#TYPE=CODEMRI;MSG_CODE=1000-7001;MSG_TEXT=CP/SP     <TRACE> CodeMriAnalyzer-proc> [warning] sasp: 00000002: TRACE: undefined message;STACK_TRACE=;
#TYPE=CODEMRI;MSG_CODE=1000-7001;MSG_TEXT=CP/SP     <TRACE> CodeMriAnalyzer-proc> [warning] sasp: 00000002: TRACE: failed to get message: [java.lang./^Throwable$\|^Exception$/.printStackTrace(...)] in FILE<NOT @reference> % 31000209.stack_trace();STACK_TRACE=;
#TYPE=CODEMRI;MSG_CODE=1000-7001;MSG_TEXT=CP/SP     <TRACE> CodeMriAnalyzer-proc> [warning] sasp: 00000002: TRACE: undefined message;STACK_TRACE=;
#TYPE=CODEMRI;MSG_CODE=1000-7001;MSG_TEXT=CP/SP     <TRACE> CodeMriAnalyzer-proc> [warning] sasp: 00000002: TRACE: failed to get message: [java.lang./^Throwable$\|^Exception$/.printStackTrace(...)] in FILE<NOT @reference> % 31000209.stack_trace();STACK_TRACE=;
#TYPE=CODEMRI;MSG_CODE=1000-7001;MSG_TEXT=CP/SP     <TRACE> CodeMriAnalyzer-proc> [warning] sasp: 00000002: TRACE: undefined message;STACK_TRACE=;
#TYPE=CODEMRI;MSG_CODE=1000-7001;MSG_TEXT=CP/SP     <TRACE> CodeMriAnalyzer-proc> [warning] sasp: 00000002: TRACE: failed to get message: [$1<LIT {{^\(^\(.*\)$\)$}}, NOT LIT "", OR[STRING, ARRAY]>] % 31000259.source_constant($1);STACK_TRACE=;
#TYPE=CODEMRI;MSG_CODE=1000-7001;MSG_TEXT=CP/SP     <TRACE> CodeMriAnalyzer-proc> [warning] sasp: 00000002: TRACE: undefined message;STACK_TRACE=;
#TYPE=CODEMRI;MSG_CODE=1000-7001;MSG_TEXT=CP/SP     <TRACE> CodeMriAnalyzer-proc> [warning] sasp: 00000002: TRACE: failed to get message: [java.sql.DriverManager.getConnection($$, $$, $1)] in FILE<NOT @reference> % 31000259.sink_constant($1);STACK_TRACE=;
#TYPE=CODEMRI;MSG_CODE=1000-7001;MSG_TEXT=CP/SP     <TRACE> CodeMriAnalyzer-proc> [warning] sasp: 00000002: TRACE: undefined message;STACK_TRACE=;
#TYPE=CODEMRI;MSG_CODE=1000-7001;MSG_TEXT=CP/SP     <TRACE> CodeMriAnalyzer-proc> [warning] sasp: 00000003: TRACE: failed to get message: [java.lang./^Throwable$\|^Exception$/.printStackTrace(...)] in FILE<NOT @reference> % 31000209.stack_trace();STACK_TRACE=;
#TYPE=CODEMRI;MSG_CODE=1000-7001;MSG_TEXT=CP/SP     <TRACE> CodeMriAnalyzer-proc> [warning] sasp: 00000003: TRACE: undefined message;STACK_TRACE=;
#TYPE=CODEMRI;MSG_CODE=1000-7001;MSG_TEXT=CP/SP     <TRACE> CodeMriAnalyzer-proc> [warning] sasp: 00000003: TRACE: failed to get message: [java.lang./^Throwable$\|^Exception$/.printStackTrace(...)] in FILE<NOT @reference> % 31000209.stack_trace();STACK_TRACE=;
#TYPE=CODEMRI;MSG_CODE=1000-7001;MSG_TEXT=CP/SP     <TRACE> CodeMriAnalyzer-proc> [warning] sasp: 00000003: TRACE: undefined message;STACK_TRACE=;
#TYPE=CODEMRI;MSG_CODE=1000-7001;MSG_TEXT=CP/SP     <TRACE> CodeMriAnalyzer-proc> [warning] sasp: 00000003: TRACE: failed to get message: [java.lang./^Throwable$\|^Exception$/.printStackTrace(...)] in FILE<NOT @reference> % 31000209.stack_trace();STACK_TRACE=;
#TYPE=CODEMRI;MSG_CODE=1000-7001;MSG_TEXT=CP/SP     <TRACE> CodeMriAnalyzer-proc> [warning] sasp: 00000003: TRACE: undefined message;STACK_TRACE=;
#TYPE=CODEMRI;MSG_CODE=1000-7001;MSG_TEXT=CP/SP     <TRACE> CodeMriAnalyzer-proc> [warning] sasp: 00000003: TRACE: failed to get message: [java.lang./^Throwable$\|^Exception$/.printStackTrace(...)] in FILE<NOT @reference> % 31000209.stack_trace();STACK_TRACE=;
#TYPE=CODEMRI;MSG_CODE=1000-7001;MSG_TEXT=CP/SP     <TRACE> CodeMriAnalyzer-proc> [warning] sasp: 00000003: TRACE: undefined message;STACK_TRACE=;
#TYPE=CODEMRI;MSG_CODE=1000-7001;MSG_TEXT=CP/SP     <TRACE> CodeMriAnalyzer-proc> [warning] sasp: 00000003: TRACE: failed to get message: [$1<LIT {{^\(^\(.*\)$\)$}}, NOT LIT "", OR[STRING, ARRAY]>] % 31000259.source_constant($1);STACK_TRACE=;
#TYPE=CODEMRI;MSG_CODE=1000-7001;MSG_TEXT=CP/SP     <TRACE> CodeMriAnalyzer-proc> [warning] sasp: 00000003: TRACE: undefined message;STACK_TRACE=;
#TYPE=CODEMRI;MSG_CODE=1000-7001;MSG_TEXT=CP/SP     <TRACE> CodeMriAnalyzer-proc> [warning] sasp: 00000003: TRACE: failed to get message: [java.sql.DriverManager.getConnection($$, $$, $1)] in FILE<NOT @reference> % 31000259.sink_constant($1);STACK_TRACE=;
#TYPE=CODEMRI;MSG_CODE=1000-7001;MSG_TEXT=CP/SP     <TRACE> CodeMriAnalyzer-proc> [warning] sasp: 00000003: TRACE: undefined message;STACK_TRACE=;
#TYPE=CODEMRI;MSG_CODE=1000-7001;MSG_TEXT=CP/SP     <TRACE> CodeMriAnalyzer-proc> [warning] sasp: 00000004: TRACE: failed to get message: [java.lang./^Throwable$\|^Exception$/.printStackTrace(...)] in FILE<NOT @reference> % 31000209.stack_trace();STACK_TRACE=;
#TYPE=CODEMRI;MSG_CODE=1000-7001;MSG_TEXT=CP/SP     <TRACE> CodeMriAnalyzer-proc> [warning] sasp: 00000004: TRACE: undefined message;STACK_TRACE=;
#TYPE=CODEMRI;MSG_CODE=1000-7001;MSG_TEXT=CP/SP     <TRACE> CodeMriAnalyzer-proc> [warning] sasp: 00000004: TRACE: failed to get message: [java.lang./^Throwable$\|^Exception$/.printStackTrace(...)] in FILE<NOT @reference> % 31000209.stack_trace();STACK_TRACE=;
#TYPE=CODEMRI;MSG_CODE=1000-7001;MSG_TEXT=CP/SP     <TRACE> CodeMriAnalyzer-proc> [warning] sasp: 00000004: TRACE: undefined message;STACK_TRACE=;
#TYPE=CODEMRI;MSG_CODE=1000-7001;MSG_TEXT=CP/SP     <TRACE> CodeMriAnalyzer-proc> [warning] sasp: 00000004: TRACE: failed to get message: [java.lang./^Throwable$\|^Exception$/.printStackTrace(...)] in FILE<NOT @reference> % 31000209.stack_trace();STACK_TRACE=;
#TYPE=CODEMRI;MSG_CODE=1000-7001;MSG_TEXT=CP/SP     <TRACE> CodeMriAnalyzer-proc> [warning] sasp: 00000004: TRACE: undefined message;STACK_TRACE=;
#TYPE=CODEMRI;MSG_CODE=1000-7001;MSG_TEXT=CP/SP     <TRACE> CodeMriAnalyzer-proc> [warning] sasp: 00000004: TRACE: failed to get message: [java.lang./^Throwable$\|^Exception$/.printStackTrace(...)] in FILE<NOT @reference> % 31000209.stack_trace();STACK_TRACE=;
#TYPE=CODEMRI;MSG_CODE=1000-7001;MSG_TEXT=CP/SP     <TRACE> CodeMriAnalyzer-proc> [warning] sasp: 00000004: TRACE: undefined message;STACK_TRACE=;
#TYPE=CODEMRI;MSG_CODE=1000-7001;MSG_TEXT=CP/SP     <TRACE> CodeMriAnalyzer-proc> [warning] sasp: 00000004: TRACE: failed to get message: [$1<LIT {{^\(^\(.*\)$\)$}}, NOT LIT "", OR[STRING, ARRAY]>] % 31000259.source_constant($1);STACK_TRACE=;
#TYPE=CODEMRI;MSG_CODE=1000-7001;MSG_TEXT=CP/SP     <TRACE> CodeMriAnalyzer-proc> [warning] sasp: 00000004: TRACE: undefined message;STACK_TRACE=;
#TYPE=CODEMRI;MSG_CODE=1000-7001;MSG_TEXT=CP/SP     <TRACE> CodeMriAnalyzer-proc> [warning] sasp: 00000004: TRACE: failed to get message: [java.sql.DriverManager.getConnection($$, $$, $1)] in FILE<NOT @reference> % 31000259.sink_constant($1);STACK_TRACE=;
#TYPE=CODEMRI;MSG_CODE=1000-7001;MSG_TEXT=CP/SP     <TRACE> CodeMriAnalyzer-proc> [warning] sasp: 00000004: TRACE: undefined message;STACK_TRACE=;
#TYPE=CODEMRI;MSG_CODE=1000-7001;MSG_TEXT=CP/SP     <TRACE> CodeMriAnalyzer-proc> [warning] sasp: 00000005: TRACE: failed to get message: [java.lang./^Throwable$\|^Exception$/.printStackTrace(...)] in FILE<NOT @reference> % 31000209.stack_trace();STACK_TRACE=;
#TYPE=CODEMRI;MSG_CODE=1000-7001;MSG_TEXT=CP/SP     <TRACE> CodeMriAnalyzer-proc> [warning] sasp: 00000005: TRACE: undefined message;STACK_TRACE=;
#TYPE=CODEMRI;MSG_CODE=1000-7001;MSG_TEXT=CP/SP     <TRACE> CodeMriAnalyzer-proc> [warning] sasp: 00000005: TRACE: failed to get message: [java.lang./^Throwable$\|^Exception$/.printStackTrace(...)] in FILE<NOT @reference> % 31000209.stack_trace();STACK_TRACE=;
#TYPE=CODEMRI;MSG_CODE=1000-7001;MSG_TEXT=CP/SP     <TRACE> CodeMriAnalyzer-proc> [warning] sasp: 00000005: TRACE: undefined message;STACK_TRACE=;
#TYPE=CODEMRI;MSG_CODE=1000-7001;MSG_TEXT=CP/SP     <TRACE> CodeMriAnalyzer-proc> [warning] sasp: 00000005: TRACE: failed to get message: [java.lang./^Throwable$\|^Exception$/.printStackTrace(...)] in FILE<NOT @reference> % 31000209.stack_trace();STACK_TRACE=;
#TYPE=CODEMRI;MSG_CODE=1000-7001;MSG_TEXT=CP/SP     <TRACE> CodeMriAnalyzer-proc> [warning] sasp: 00000005: TRACE: undefined message;STACK_TRACE=;
#TYPE=CODEMRI;MSG_CODE=1000-7001;MSG_TEXT=CP/SP     <TRACE> CodeMriAnalyzer-proc> [warning] sasp: 00000005: TRACE: failed to get message: [java.lang./^Throwable$\|^Exception$/.printStackTrace(...)] in FILE<NOT @reference> % 31000209.stack_trace();STACK_TRACE=;
#TYPE=CODEMRI;MSG_CODE=1000-7001;MSG_TEXT=CP/SP     <TRACE> CodeMriAnalyzer-proc> [warning] sasp: 00000005: TRACE: undefined message;STACK_TRACE=;
#TYPE=CODEMRI;MSG_CODE=1000-7001;MSG_TEXT=CP/SP     <TRACE> CodeMriAnalyzer-proc> [warning] sasp: 00000005: TRACE: failed to get message: [$1<LIT {{^\(^\(.*\)$\)$}}, NOT LIT "", OR[STRING, ARRAY]>] % 31000259.source_constant($1);STACK_TRACE=;
#TYPE=CODEMRI;MSG_CODE=1000-7001;MSG_TEXT=CP/SP     <TRACE> CodeMriAnalyzer-proc> [warning] sasp: 00000005: TRACE: undefined message;STACK_TRACE=;
#TYPE=CODEMRI;MSG_CODE=1000-7001;MSG_TEXT=CP/SP     <TRACE> CodeMriAnalyzer-proc> [warning] sasp: 00000005: TRACE: failed to get message: [java.sql.DriverManager.getConnection($$, $$, $1)] in FILE<NOT @reference> % 31000259.sink_constant($1);STACK_TRACE=;
#TYPE=CODEMRI;MSG_CODE=1000-7001;MSG_TEXT=CP/SP     <TRACE> CodeMriAnalyzer-proc> [warning] sasp: 00000005: TRACE: undefined message;STACK_TRACE=;
#TYPE=CODEMRI;MSG_CODE=1000-7001;MSG_TEXT=CP/SP     <TRACE> CodeMriAnalyzer-proc> [warning] sasp: 00000006: TRACE: failed to get message: [java.lang./^Throwable$\|^Exception$/.printStackTrace(...)] in FILE<NOT @reference> % 31000209.stack_trace();STACK_TRACE=;
#TYPE=CODEMRI;MSG_CODE=1000-7001;MSG_TEXT=CP/SP     <TRACE> CodeMriAnalyzer-proc> [warning] sasp: 00000006: TRACE: undefined message;STACK_TRACE=;
#TYPE=CODEMRI;MSG_CODE=1000-7001;MSG_TEXT=CP/SP     <TRACE> CodeMriAnalyzer-proc> [warning] sasp: 00000006: TRACE: failed to get message: [java.lang./^Throwable$\|^Exception$/.printStackTrace(...)] in FILE<NOT @reference> % 31000209.stack_trace();STACK_TRACE=;
#TYPE=CODEMRI;MSG_CODE=1000-7001;MSG_TEXT=CP/SP     <TRACE> CodeMriAnalyzer-proc> [warning] sasp: 00000006: TRACE: undefined message;STACK_TRACE=;
#TYPE=CODEMRI;MSG_CODE=1000-7001;MSG_TEXT=CP/SP     <TRACE> CodeMriAnalyzer-proc> [warning] sasp: 00000006: TRACE: failed to get message: [java.lang./^Throwable$\|^Exception$/.printStackTrace(...)] in FILE<NOT @reference> % 31000209.stack_trace();STACK_TRACE=;
#TYPE=CODEMRI;MSG_CODE=1000-7001;MSG_TEXT=CP/SP     <TRACE> CodeMriAnalyzer-proc> [warning] sasp: 00000006: TRACE: undefined message;STACK_TRACE=;
#TYPE=CODEMRI;MSG_CODE=1000-7001;MSG_TEXT=CP/SP     <TRACE> CodeMriAnalyzer-proc> [warning] sasp: 00000006: TRACE: failed to get message: [java.lang./^Throwable$\|^Exception$/.printStackTrace(...)] in FILE<NOT @reference> % 31000209.stack_trace();STACK_TRACE=;
#TYPE=CODEMRI;MSG_CODE=1000-7001;MSG_TEXT=CP/SP     <TRACE> CodeMriAnalyzer-proc> [warning] sasp: 00000006: TRACE: undefined message;STACK_TRACE=;
#TYPE=CODEMRI;MSG_CODE=1000-7001;MSG_TEXT=CP/SP     <TRACE> CodeMriAnalyzer-proc> [warning] sasp: 00000006: TRACE: failed to get message: [$1<LIT {{^\(^\(.*\)$\)$}}, NOT LIT "", OR[STRING, ARRAY]>] % 31000259.source_constant($1);STACK_TRACE=;
#TYPE=CODEMRI;MSG_CODE=1000-7001;MSG_TEXT=CP/SP     <TRACE> CodeMriAnalyzer-proc> [warning] sasp: 00000006: TRACE: undefined message;STACK_TRACE=;
#TYPE=CODEMRI;MSG_CODE=1000-7001;MSG_TEXT=CP/SP     <TRACE> CodeMriAnalyzer-proc> [warning] sasp: 00000006: TRACE: failed to get message: [java.sql.DriverManager.getConnection($$, $$, $1)] in FILE<NOT @reference> % 31000259.sink_constant($1);STACK_TRACE=;
#TYPE=CODEMRI;MSG_CODE=1000-7001;MSG_TEXT=CP/SP     <TRACE> CodeMriAnalyzer-proc> [warning] sasp: 00000006: TRACE: undefined message;STACK_TRACE=;
#TYPE=CODEMRI;MSG_CODE=1000-7001;MSG_TEXT=CP/SP     <TRACE> CodeMriAnalyzer-proc> [warning] sasp: 00000007: TRACE: failed to get message: [java.lang./^Throwable$\|^Exception$/.printStackTrace(...)] in FILE<NOT @reference> % 31000209.stack_trace();STACK_TRACE=;
#TYPE=CODEMRI;MSG_CODE=1000-7001;MSG_TEXT=CP/SP     <TRACE> CodeMriAnalyzer-proc> [warning] sasp: 00000007: TRACE: undefined message;STACK_TRACE=;
#TYPE=CODEMRI;MSG_CODE=1000-7001;MSG_TEXT=CP/SP     <TRACE> CodeMriAnalyzer-proc> [warning] sasp: 00000007: TRACE: failed to get message: [java.lang./^Throwable$\|^Exception$/.printStackTrace(...)] in FILE<NOT @reference> % 31000209.stack_trace();STACK_TRACE=;
#TYPE=CODEMRI;MSG_CODE=1000-7001;MSG_TEXT=CP/SP     <TRACE> CodeMriAnalyzer-proc> [warning] sasp: 00000007: TRACE: undefined message;STACK_TRACE=;
#TYPE=CODEMRI;MSG_CODE=1000-7001;MSG_TEXT=CP/SP     <TRACE> CodeMriAnalyzer-proc> [warning] sasp: 00000007: TRACE: failed to get message: [java.lang./^Throwable$\|^Exception$/.printStackTrace(...)] in FILE<NOT @reference> % 31000209.stack_trace();STACK_TRACE=;
#TYPE=CODEMRI;MSG_CODE=1000-7001;MSG_TEXT=CP/SP     <TRACE> CodeMriAnalyzer-proc> [warning] sasp: 00000007: TRACE: undefined message;STACK_TRACE=;
#TYPE=CODEMRI;MSG_CODE=1000-7001;MSG_TEXT=CP/SP     <TRACE> CodeMriAnalyzer-proc> [warning] sasp: 00000007: TRACE: failed to get message: [java.lang./^Throwable$\|^Exception$/.printStackTrace(...)] in FILE<NOT @reference> % 31000209.stack_trace();STACK_TRACE=;
#TYPE=CODEMRI;MSG_CODE=1000-7001;MSG_TEXT=CP/SP     <TRACE> CodeMriAnalyzer-proc> [warning] sasp: 00000007: TRACE: undefined message;STACK_TRACE=;
#TYPE=CODEMRI;MSG_CODE=1000-7001;MSG_TEXT=CP/SP     <TRACE> CodeMriAnalyzer-proc> [warning] sasp: 00000007: TRACE: failed to get message: [$1<LIT {{^\(^\(.*\)$\)$}}, NOT LIT "", OR[STRING, ARRAY]>] % 31000259.source_constant($1);STACK_TRACE=;
#TYPE=CODEMRI;MSG_CODE=1000-7001;MSG_TEXT=CP/SP     <TRACE> CodeMriAnalyzer-proc> [warning] sasp: 00000007: TRACE: undefined message;STACK_TRACE=;
#TYPE=CODEMRI;MSG_CODE=1000-7001;MSG_TEXT=CP/SP     <TRACE> CodeMriAnalyzer-proc> [warning] sasp: 00000007: TRACE: failed to get message: [java.sql.DriverManager.getConnection($$, $$, $1)] in FILE<NOT @reference> % 31000259.sink_constant($1);STACK_TRACE=;
#TYPE=CODEMRI;MSG_CODE=1000-7001;MSG_TEXT=CP/SP     <TRACE> CodeMriAnalyzer-proc> [warning] sasp: 00000007: TRACE: undefined message;STACK_TRACE=;
#TYPE=CODEMRI;MSG_CODE=1000-7001;MSG_TEXT=CP/SP     <TRACE> CodeMriAnalyzer-proc> [warning] sasp: 00000008: TRACE: failed to get message: [java.lang./^Throwable$\|^Exception$/.printStackTrace(...)] in FILE<NOT @reference> % 31000209.stack_trace();STACK_TRACE=;
#TYPE=CODEMRI;MSG_CODE=1000-7001;MSG_TEXT=CP/SP     <TRACE> CodeMriAnalyzer-proc> [warning] sasp: 00000008: TRACE: undefined message;STACK_TRACE=;
#TYPE=CODEMRI;MSG_CODE=1000-7001;MSG_TEXT=CP/SP     <TRACE> CodeMriAnalyzer-proc> [warning] sasp: 00000008: TRACE: failed to get message: [java.lang./^Throwable$\|^Exception$/.printStackTrace(...)] in FILE<NOT @reference> % 31000209.stack_trace();STACK_TRACE=;
#TYPE=CODEMRI;MSG_CODE=1000-7001;MSG_TEXT=CP/SP     <TRACE> CodeMriAnalyzer-proc> [warning] sasp: 00000008: TRACE: undefined message;STACK_TRACE=;
#TYPE=CODEMRI;MSG_CODE=1000-7001;MSG_TEXT=CP/SP     <TRACE> CodeMriAnalyzer-proc> [warning] sasp: 00000008: TRACE: failed to get message: [java.lang./^Throwable$\|^Exception$/.printStackTrace(...)] in FILE<NOT @reference> % 31000209.stack_trace();STACK_TRACE=;
#TYPE=CODEMRI;MSG_CODE=1000-7001;MSG_TEXT=CP/SP     <TRACE> CodeMriAnalyzer-proc> [warning] sasp: 00000008: TRACE: undefined message;STACK_TRACE=;
#TYPE=CODEMRI;MSG_CODE=1000-7001;MSG_TEXT=CP/SP     <TRACE> CodeMriAnalyzer-proc> [warning] sasp: 00000008: TRACE: failed to get message: [java.lang./^Throwable$\|^Exception$/.printStackTrace(...)] in FILE<NOT @reference> % 31000209.stack_trace();STACK_TRACE=;
#TYPE=CODEMRI;MSG_CODE=1000-7001;MSG_TEXT=CP/SP     <TRACE> CodeMriAnalyzer-proc> [warning] sasp: 00000008: TRACE: undefined message;STACK_TRACE=;
#TYPE=CODEMRI;MSG_CODE=1000-7001;MSG_TEXT=CP/SP     <TRACE> CodeMriAnalyzer-proc> [warning] sasp: 00000008: TRACE: failed to get message: [$1<LIT {{^\(^\(.*\)$\)$}}, NOT LIT "", OR[STRING, ARRAY]>] % 31000259.source_constant($1);STACK_TRACE=;
#TYPE=CODEMRI;MSG_CODE=1000-7001;MSG_TEXT=CP/SP     <TRACE> CodeMriAnalyzer-proc> [warning] sasp: 00000008: TRACE: undefined message;STACK_TRACE=;
#TYPE=CODEMRI;MSG_CODE=1000-7001;MSG_TEXT=CP/SP     <TRACE> CodeMriAnalyzer-proc> [warning] sasp: 00000008: TRACE: failed to get message: [java.sql.DriverManager.getConnection($$, $$, $1)] in FILE<NOT @reference> % 31000259.sink_constant($1);STACK_TRACE=;
#TYPE=CODEMRI;MSG_CODE=1000-7001;MSG_TEXT=CP/SP     <TRACE> CodeMriAnalyzer-proc> [warning] sasp: 00000008: TRACE: undefined message;STACK_TRACE=;
#TYPE=CODEMRI;MSG_CODE=1000-7001;MSG_TEXT=CP/SP     <TRACE> CodeMriAnalyzer-proc> [warning] sasp: 00000009: TRACE: failed to get message: [java.lang./^Throwable$\|^Exception$/.printStackTrace(...)] in FILE<NOT @reference> % 31000209.stack_trace();STACK_TRACE=;
#TYPE=CODEMRI;MSG_CODE=1000-7001;MSG_TEXT=CP/SP     <TRACE> CodeMriAnalyzer-proc> [warning] sasp: 00000009: TRACE: undefined message;STACK_TRACE=;
#TYPE=CODEMRI;MSG_CODE=1000-7001;MSG_TEXT=CP/SP     <TRACE> CodeMriAnalyzer-proc> [warning] sasp: 00000009: TRACE: failed to get message: [java.lang./^Throwable$\|^Exception$/.printStackTrace(...)] in FILE<NOT @reference> % 31000209.stack_trace();STACK_TRACE=;
#TYPE=CODEMRI;MSG_CODE=1000-7001;MSG_TEXT=CP/SP     <TRACE> CodeMriAnalyzer-proc> [warning] sasp: 00000009: TRACE: undefined message;STACK_TRACE=;
#TYPE=CODEMRI;MSG_CODE=1000-7001;MSG_TEXT=CP/SP     <TRACE> CodeMriAnalyzer-proc> [warning] sasp: 00000009: TRACE: failed to get message: [java.lang./^Throwable$\|^Exception$/.printStackTrace(...)] in FILE<NOT @reference> % 31000209.stack_trace();STACK_TRACE=;
#TYPE=CODEMRI;MSG_CODE=1000-7001;MSG_TEXT=CP/SP     <TRACE> CodeMriAnalyzer-proc> [warning] sasp: 00000009: TRACE: undefined message;STACK_TRACE=;
#TYPE=CODEMRI;MSG_CODE=1000-7001;MSG_TEXT=CP/SP     <TRACE> CodeMriAnalyzer-proc> [warning] sasp: 00000009: TRACE: failed to get message: [java.lang./^Throwable$\|^Exception$/.printStackTrace(...)] in FILE<NOT @reference> % 31000209.stack_trace();STACK_TRACE=;
#TYPE=CODEMRI;MSG_CODE=1000-7001;MSG_TEXT=CP/SP     <TRACE> CodeMriAnalyzer-proc> [warning] sasp: 00000009: TRACE: undefined message;STACK_TRACE=;
#TYPE=CODEMRI;MSG_CODE=1000-7001;MSG_TEXT=CP/SP     <TRACE> CodeMriAnalyzer-proc> [warning] sasp: 00000009: TRACE: failed to get message: [$1<LIT {{^\(^\(.*\)$\)$}}, NOT LIT "", OR[STRING, ARRAY]>] % 31000259.source_constant($1);STACK_TRACE=;
#TYPE=CODEMRI;MSG_CODE=1000-7001;MSG_TEXT=CP/SP     <TRACE> CodeMriAnalyzer-proc> [warning] sasp: 00000009: TRACE: undefined message;STACK_TRACE=;
#TYPE=CODEMRI;MSG_CODE=1000-7001;MSG_TEXT=CP/SP     <TRACE> CodeMriAnalyzer-proc> [warning] sasp: 00000009: TRACE: failed to get message: [java.sql.DriverManager.getConnection($$, $$, $1)] in FILE<NOT @reference> % 31000259.sink_constant($1);STACK_TRACE=;
#TYPE=CODEMRI;MSG_CODE=1000-7001;MSG_TEXT=CP/SP     <TRACE> CodeMriAnalyzer-proc> [warning] sasp: 00000009: TRACE: undefined message;STACK_TRACE=;
#TYPE=CODEMRI;MSG_CODE=1000-7001;MSG_TEXT=CP/SP     <TRACE> CodeMriAnalyzer-proc> [warning] sasp: 00000010: TRACE: failed to get message: [java.lang./^Throwable$\|^Exception$/.printStackTrace(...)] in FILE<NOT @reference> % 31000209.stack_trace();STACK_TRACE=;
#TYPE=CODEMRI;MSG_CODE=1000-7001;MSG_TEXT=CP/SP     <TRACE> CodeMriAnalyzer-proc> [warning] sasp: 00000010: TRACE: undefined message;STACK_TRACE=;
#TYPE=CODEMRI;MSG_CODE=1000-7001;MSG_TEXT=CP/SP     <TRACE> CodeMriAnalyzer-proc> [warning] sasp: 00000010: TRACE: failed to get message: [java.lang./^Throwable$\|^Exception$/.printStackTrace(...)] in FILE<NOT @reference> % 31000209.stack_trace();STACK_TRACE=;
#TYPE=CODEMRI;MSG_CODE=1000-7001;MSG_TEXT=CP/SP     <TRACE> CodeMriAnalyzer-proc> [warning] sasp: 00000010: TRACE: undefined message;STACK_TRACE=;
#TYPE=CODEMRI;MSG_CODE=1000-7001;MSG_TEXT=CP/SP     <TRACE> CodeMriAnalyzer-proc> [warning] sasp: 00000010: TRACE: failed to get message: [java.lang./^Throwable$\|^Exception$/.printStackTrace(...)] in FILE<NOT @reference> % 31000209.stack_trace();STACK_TRACE=;
#TYPE=CODEMRI;MSG_CODE=1000-7001;MSG_TEXT=CP/SP     <TRACE> CodeMriAnalyzer-proc> [warning] sasp: 00000010: TRACE: undefined message;STACK_TRACE=;
#TYPE=CODEMRI;MSG_CODE=1000-7001;MSG_TEXT=CP/SP     <TRACE> CodeMriAnalyzer-proc> [warning] sasp: 00000010: TRACE: failed to get message: [java.lang./^Throwable$\|^Exception$/.printStackTrace(...)] in FILE<NOT @reference> % 31000209.stack_trace();STACK_TRACE=;
#TYPE=CODEMRI;MSG_CODE=1000-7001;MSG_TEXT=CP/SP     <TRACE> CodeMriAnalyzer-proc> [warning] sasp: 00000010: TRACE: undefined message;STACK_TRACE=;
#TYPE=CODEMRI;MSG_CODE=1000-7001;MSG_TEXT=CP/SP     <TRACE> CodeMriAnalyzer-proc> [warning] sasp: 00000010: TRACE: failed to get message: [$1<LIT {{^\(^\(.*\)$\)$}}, NOT LIT "", OR[STRING, ARRAY]>] % 31000259.source_constant($1);STACK_TRACE=;
#TYPE=CODEMRI;MSG_CODE=1000-7001;MSG_TEXT=CP/SP     <TRACE> CodeMriAnalyzer-proc> [warning] sasp: 00000010: TRACE: undefined message;STACK_TRACE=;
#TYPE=CODEMRI;MSG_CODE=1000-7001;MSG_TEXT=CP/SP     <TRACE> CodeMriAnalyzer-proc> [warning] sasp: 00000010: TRACE: failed to get message: [java.sql.DriverManager.getConnection($$, $$, $1)] in FILE<NOT @reference> % 31000259.sink_constant($1);STACK_TRACE=;
#TYPE=CODEMRI;MSG_CODE=1000-7001;MSG_TEXT=CP/SP     <TRACE> CodeMriAnalyzer-proc> [warning] sasp: 00000010: TRACE: undefined message;STACK_TRACE=;
#TYPE=CODEMRI;MSG_CODE=1000-7001;MSG_TEXT=CP/SP     <TRACE> CodeMriAnalyzer-proc> [warning] sasp: 00000011: TRACE: failed to get message: [java.lang./^Throwable$\|^Exception$/.printStackTrace(...)] in FILE<NOT @reference> % 31000209.stack_trace();STACK_TRACE=;
#TYPE=CODEMRI;MSG_CODE=1000-7001;MSG_TEXT=CP/SP     <TRACE> CodeMriAnalyzer-proc> [warning] sasp: 00000011: TRACE: undefined message;STACK_TRACE=;
#TYPE=CODEMRI;MSG_CODE=1000-7001;MSG_TEXT=CP/SP     <TRACE> CodeMriAnalyzer-proc> [warning] sasp: 00000011: TRACE: failed to get message: [java.lang./^Throwable$\|^Exception$/.printStackTrace(...)] in FILE<NOT @reference> % 31000209.stack_trace();STACK_TRACE=;
#TYPE=CODEMRI;MSG_CODE=1000-7001;MSG_TEXT=CP/SP     <TRACE> CodeMriAnalyzer-proc> [warning] sasp: 00000011: TRACE: undefined message;STACK_TRACE=;
#TYPE=CODEMRI;MSG_CODE=1000-7001;MSG_TEXT=CP/SP     <TRACE> CodeMriAnalyzer-proc> [warning] sasp: 00000011: TRACE: failed to get message: [java.lang./^Throwable$\|^Exception$/.printStackTrace(...)] in FILE<NOT @reference> % 31000209.stack_trace();STACK_TRACE=;
#TYPE=CODEMRI;MSG_CODE=1000-7001;MSG_TEXT=CP/SP     <TRACE> CodeMriAnalyzer-proc> [warning] sasp: 00000011: TRACE: undefined message;STACK_TRACE=;
#TYPE=CODEMRI;MSG_CODE=1000-7001;MSG_TEXT=CP/SP     <TRACE> CodeMriAnalyzer-proc> [warning] sasp: 00000011: TRACE: failed to get message: [java.lang./^Throwable$\|^Exception$/.printStackTrace(...)] in FILE<NOT @reference> % 31000209.stack_trace();STACK_TRACE=;
#TYPE=CODEMRI;MSG_CODE=1000-7001;MSG_TEXT=CP/SP     <TRACE> CodeMriAnalyzer-proc> [warning] sasp: 00000011: TRACE: undefined message;STACK_TRACE=;
#TYPE=CODEMRI;MSG_CODE=1000-7001;MSG_TEXT=CP/SP     <TRACE> CodeMriAnalyzer-proc> [warning] sasp: 00000011: TRACE: failed to get message: [$1<LIT {{^\(^\(.*\)$\)$}}, NOT LIT "", OR[STRING, ARRAY]>] % 31000259.source_constant($1);STACK_TRACE=;
#TYPE=CODEMRI;MSG_CODE=1000-7001;MSG_TEXT=CP/SP     <TRACE> CodeMriAnalyzer-proc> [warning] sasp: 00000011: TRACE: undefined message;STACK_TRACE=;
#TYPE=CODEMRI;MSG_CODE=1000-7001;MSG_TEXT=CP/SP     <TRACE> CodeMriAnalyzer-proc> [warning] sasp: 00000011: TRACE: failed to get message: [java.sql.DriverManager.getConnection($$, $$, $1)] in FILE<NOT @reference> % 31000259.sink_constant($1);STACK_TRACE=;
#TYPE=CODEMRI;MSG_CODE=1000-7001;MSG_TEXT=CP/SP     <TRACE> CodeMriAnalyzer-proc> [warning] sasp: 00000011: TRACE: undefined message;STACK_TRACE=;
#TYPE=CODEMRI;MSG_CODE=1000-7001;MSG_TEXT=CP/SP     <TRACE> CodeMriAnalyzer-proc> [warning] sasp: 00000012: TRACE: failed to get message: [java.lang./^Throwable$\|^Exception$/.printStackTrace(...)] in FILE<NOT @reference> % 31000209.stack_trace();STACK_TRACE=;
#TYPE=CODEMRI;MSG_CODE=1000-7001;MSG_TEXT=CP/SP     <TRACE> CodeMriAnalyzer-proc> [warning] sasp: 00000012: TRACE: undefined message;STACK_TRACE=;
#TYPE=CODEMRI;MSG_CODE=1000-7001;MSG_TEXT=CP/SP     <TRACE> CodeMriAnalyzer-proc> [warning] sasp: 00000012: TRACE: failed to get message: [java.lang./^Throwable$\|^Exception$/.printStackTrace(...)] in FILE<NOT @reference> % 31000209.stack_trace();STACK_TRACE=;
#TYPE=CODEMRI;MSG_CODE=1000-7001;MSG_TEXT=CP/SP     <TRACE> CodeMriAnalyzer-proc> [warning] sasp: 00000012: TRACE: undefined message;STACK_TRACE=;
#TYPE=CODEMRI;MSG_CODE=1000-7001;MSG_TEXT=CP/SP     <TRACE> CodeMriAnalyzer-proc> [warning] sasp: 00000012: TRACE: failed to get message: [java.lang./^Throwable$\|^Exception$/.printStackTrace(...)] in FILE<NOT @reference> % 31000209.stack_trace();STACK_TRACE=;
#TYPE=CODEMRI;MSG_CODE=1000-7001;MSG_TEXT=CP/SP     <TRACE> CodeMriAnalyzer-proc> [warning] sasp: 00000012: TRACE: undefined message;STACK_TRACE=;
#TYPE=CODEMRI;MSG_CODE=1000-7001;MSG_TEXT=CP/SP     <TRACE> CodeMriAnalyzer-proc> [warning] sasp: 00000012: TRACE: failed to get message: [java.lang./^Throwable$\|^Exception$/.printStackTrace(...)] in FILE<NOT @reference> % 31000209.stack_trace();STACK_TRACE=;
#TYPE=CODEMRI;MSG_CODE=1000-7001;MSG_TEXT=CP/SP     <TRACE> CodeMriAnalyzer-proc> [warning] sasp: 00000012: TRACE: undefined message;STACK_TRACE=;
#TYPE=CODEMRI;MSG_CODE=1000-7001;MSG_TEXT=CP/SP     <TRACE> CodeMriAnalyzer-proc> [warning] sasp: 00000012: TRACE: failed to get message: [$1<LIT {{^\(^\(.*\)$\)$}}, NOT LIT "", OR[STRING, ARRAY]>] % 31000259.source_constant($1);STACK_TRACE=;
#TYPE=CODEMRI;MSG_CODE=1000-7001;MSG_TEXT=CP/SP     <TRACE> CodeMriAnalyzer-proc> [warning] sasp: 00000012: TRACE: undefined message;STACK_TRACE=;
#TYPE=CODEMRI;MSG_CODE=1000-7001;MSG_TEXT=CP/SP     <TRACE> CodeMriAnalyzer-proc> [warning] sasp: 00000012: TRACE: failed to get message: [java.sql.DriverManager.getConnection($$, $$, $1)] in FILE<NOT @reference> % 31000259.sink_constant($1);STACK_TRACE=;
#TYPE=CODEMRI;MSG_CODE=1000-7001;MSG_TEXT=CP/SP     <TRACE> CodeMriAnalyzer-proc> [warning] sasp: 00000012: TRACE: undefined message;STACK_TRACE=;
#TYPE=CODEMRI;MSG_CODE=1000-7001;MSG_TEXT=CP/SP     <TRACE> CodeMriAnalyzer-proc> [warning] sasp: 00000013: TRACE: failed to get message: [java.lang./^Throwable$\|^Exception$/.printStackTrace(...)] in FILE<NOT @reference> % 31000209.stack_trace();STACK_TRACE=;
#TYPE=CODEMRI;MSG_CODE=1000-7001;MSG_TEXT=CP/SP     <TRACE> CodeMriAnalyzer-proc> [warning] sasp: 00000013: TRACE: undefined message;STACK_TRACE=;
#TYPE=CODEMRI;MSG_CODE=1000-7001;MSG_TEXT=CP/SP     <TRACE> CodeMriAnalyzer-proc> [warning] sasp: 00000013: TRACE: failed to get message: [java.lang./^Throwable$\|^Exception$/.printStackTrace(...)] in FILE<NOT @reference> % 31000209.stack_trace();STACK_TRACE=;
#TYPE=CODEMRI;MSG_CODE=1000-7001;MSG_TEXT=CP/SP     <TRACE> CodeMriAnalyzer-proc> [warning] sasp: 00000013: TRACE: undefined message;STACK_TRACE=;
#TYPE=CODEMRI;MSG_CODE=1000-7001;MSG_TEXT=CP/SP     <TRACE> CodeMriAnalyzer-proc> [warning] sasp: 00000013: TRACE: failed to get message: [java.lang./^Throwable$\|^Exception$/.printStackTrace(...)] in FILE<NOT @reference> % 31000209.stack_trace();STACK_TRACE=;
#TYPE=CODEMRI;MSG_CODE=1000-7001;MSG_TEXT=CP/SP     <TRACE> CodeMriAnalyzer-proc> [warning] sasp: 00000013: TRACE: undefined message;STACK_TRACE=;
#TYPE=CODEMRI;MSG_CODE=1000-7001;MSG_TEXT=CP/SP     <TRACE> CodeMriAnalyzer-proc> [warning] sasp: 00000013: TRACE: failed to get message: [java.lang./^Throwable$\|^Exception$/.printStackTrace(...)] in FILE<NOT @reference> % 31000209.stack_trace();STACK_TRACE=;
#TYPE=CODEMRI;MSG_CODE=1000-7001;MSG_TEXT=CP/SP     <TRACE> CodeMriAnalyzer-proc> [warning] sasp: 00000013: TRACE: undefined message;STACK_TRACE=;
#TYPE=CODEMRI;MSG_CODE=1000-7001;MSG_TEXT=CP/SP     <TRACE> CodeMriAnalyzer-proc> [warning] sasp: 00000013: TRACE: failed to get message: [$1<LIT {{^\(^\(.*\)$\)$}}, NOT LIT "", OR[STRING, ARRAY]>] % 31000259.source_constant($1);STACK_TRACE=;
#TYPE=CODEMRI;MSG_CODE=1000-7001;MSG_TEXT=CP/SP     <TRACE> CodeMriAnalyzer-proc> [warning] sasp: 00000013: TRACE: undefined message;STACK_TRACE=;
#TYPE=CODEMRI;MSG_CODE=1000-7001;MSG_TEXT=CP/SP     <TRACE> CodeMriAnalyzer-proc> [warning] sasp: 00000013: TRACE: failed to get message: [java.sql.DriverManager.getConnection($$, $$, $1)] in FILE<NOT @reference> % 31000259.sink_constant($1);STACK_TRACE=;
#TYPE=CODEMRI;MSG_CODE=1000-7001;MSG_TEXT=CP/SP     <TRACE> CodeMriAnalyzer-proc> [warning] sasp: 00000013: TRACE: undefined message;STACK_TRACE=;
#TYPE=CODEMRI;MSG_CODE=1000-7001;MSG_TEXT=CP/SP     <TRACE> CodeMriAnalyzer-proc> [warning] sasp: 00000014: TRACE: failed to get message: [java.lang./^Throwable$\|^Exception$/.printStackTrace(...)] in FILE<NOT @reference> % 31000209.stack_trace();STACK_TRACE=;
#TYPE=CODEMRI;MSG_CODE=1000-7001;MSG_TEXT=CP/SP     <TRACE> CodeMriAnalyzer-proc> [warning] sasp: 00000014: TRACE: undefined message;STACK_TRACE=;
#TYPE=CODEMRI;MSG_CODE=1000-7001;MSG_TEXT=CP/SP     <TRACE> CodeMriAnalyzer-proc> [warning] sasp: 00000014: TRACE: failed to get message: [java.lang./^Throwable$\|^Exception$/.printStackTrace(...)] in FILE<NOT @reference> % 31000209.stack_trace();STACK_TRACE=;
#TYPE=CODEMRI;MSG_CODE=1000-7001;MSG_TEXT=CP/SP     <TRACE> CodeMriAnalyzer-proc> [warning] sasp: 00000014: TRACE: undefined message;STACK_TRACE=;
#TYPE=CODEMRI;MSG_CODE=1000-7001;MSG_TEXT=CP/SP     <TRACE> CodeMriAnalyzer-proc> [warning] sasp: 00000014: TRACE: failed to get message: [java.lang./^Throwable$\|^Exception$/.printStackTrace(...)] in FILE<NOT @reference> % 31000209.stack_trace();STACK_TRACE=;
#TYPE=CODEMRI;MSG_CODE=1000-7001;MSG_TEXT=CP/SP     <TRACE> CodeMriAnalyzer-proc> [warning] sasp: 00000014: TRACE: undefined message;STACK_TRACE=;
#TYPE=CODEMRI;MSG_CODE=1000-7001;MSG_TEXT=CP/SP     <TRACE> CodeMriAnalyzer-proc> [warning] sasp: 00000014: TRACE: failed to get message: [java.lang./^Throwable$\|^Exception$/.printStackTrace(...)] in FILE<NOT @reference> % 31000209.stack_trace();STACK_TRACE=;
#TYPE=CODEMRI;MSG_CODE=1000-7001;MSG_TEXT=CP/SP     <TRACE> CodeMriAnalyzer-proc> [warning] sasp: 00000014: TRACE: undefined message;STACK_TRACE=;
#TYPE=CODEMRI;MSG_CODE=1000-7001;MSG_TEXT=CP/SP     <TRACE> CodeMriAnalyzer-proc> [warning] sasp: 00000014: TRACE: failed to get message: [$1<LIT {{^\(^\(.*\)$\)$}}, NOT LIT "", OR[STRING, ARRAY]>] % 31000259.source_constant($1);STACK_TRACE=;
#TYPE=CODEMRI;MSG_CODE=1000-7001;MSG_TEXT=CP/SP     <TRACE> CodeMriAnalyzer-proc> [warning] sasp: 00000014: TRACE: undefined message;STACK_TRACE=;
#TYPE=CODEMRI;MSG_CODE=1000-7001;MSG_TEXT=CP/SP     <TRACE> CodeMriAnalyzer-proc> [warning] sasp: 00000014: TRACE: failed to get message: [java.sql.DriverManager.getConnection($$, $$, $1)] in FILE<NOT @reference> % 31000259.sink_constant($1);STACK_TRACE=;
#TYPE=CODEMRI;MSG_CODE=1000-7001;MSG_TEXT=CP/SP     <TRACE> CodeMriAnalyzer-proc> [warning] sasp: 00000014: TRACE: undefined message;STACK_TRACE=;
#TYPE=CODEMRI;MSG_CODE=1000-7001;MSG_TEXT=CP/SP     <TRACE> CodeMriAnalyzer-proc> [warning] sasp: 00000015: TRACE: failed to get message: [java.lang./^Throwable$\|^Exception$/.printStackTrace(...)] in FILE<NOT @reference> % 31000209.stack_trace();STACK_TRACE=;
#TYPE=CODEMRI;MSG_CODE=1000-7001;MSG_TEXT=CP/SP     <TRACE> CodeMriAnalyzer-proc> [warning] sasp: 00000015: TRACE: undefined message;STACK_TRACE=;
#TYPE=CODEMRI;MSG_CODE=1000-7001;MSG_TEXT=CP/SP     <TRACE> CodeMriAnalyzer-proc> [warning] sasp: 00000015: TRACE: failed to get message: [java.lang./^Throwable$\|^Exception$/.printStackTrace(...)] in FILE<NOT @reference> % 31000209.stack_trace();STACK_TRACE=;
#TYPE=CODEMRI;MSG_CODE=1000-7001;MSG_TEXT=CP/SP     <TRACE> CodeMriAnalyzer-proc> [warning] sasp: 00000015: TRACE: undefined message;STACK_TRACE=;
#TYPE=CODEMRI;MSG_CODE=1000-7001;MSG_TEXT=CP/SP     <TRACE> CodeMriAnalyzer-proc> [warning] sasp: 00000015: TRACE: failed to get message: [java.lang./^Throwable$\|^Exception$/.printStackTrace(...)] in FILE<NOT @reference> % 31000209.stack_trace();STACK_TRACE=;
#TYPE=CODEMRI;MSG_CODE=1000-7001;MSG_TEXT=CP/SP     <TRACE> CodeMriAnalyzer-proc> [warning] sasp: 00000015: TRACE: undefined message;STACK_TRACE=;
#TYPE=CODEMRI;MSG_CODE=1000-7001;MSG_TEXT=CP/SP     <TRACE> CodeMriAnalyzer-proc> [warning] sasp: 00000015: TRACE: failed to get message: [java.lang./^Throwable$\|^Exception$/.printStackTrace(...)] in FILE<NOT @reference> % 31000209.stack_trace();STACK_TRACE=;
#TYPE=CODEMRI;MSG_CODE=1000-7001;MSG_TEXT=CP/SP     <TRACE> CodeMriAnalyzer-proc> [warning] sasp: 00000015: TRACE: undefined message;STACK_TRACE=;
#TYPE=CODEMRI;MSG_CODE=1000-7001;MSG_TEXT=CP/SP     <TRACE> CodeMriAnalyzer-proc> [warning] sasp: 00000015: TRACE: failed to get message: [$1<LIT {{^\(^\(.*\)$\)$}}, NOT LIT "", OR[STRING, ARRAY]>] % 31000259.source_constant($1);STACK_TRACE=;
#TYPE=CODEMRI;MSG_CODE=1000-7001;MSG_TEXT=CP/SP     <TRACE> CodeMriAnalyzer-proc> [warning] sasp: 00000015: TRACE: undefined message;STACK_TRACE=;
#TYPE=CODEMRI;MSG_CODE=1000-7001;MSG_TEXT=CP/SP     <TRACE> CodeMriAnalyzer-proc> [warning] sasp: 00000015: TRACE: failed to get message: [java.sql.DriverManager.getConnection($$, $$, $1)] in FILE<NOT @reference> % 31000259.sink_constant($1);STACK_TRACE=;
#TYPE=CODEMRI;MSG_CODE=1000-7001;MSG_TEXT=CP/SP     <TRACE> CodeMriAnalyzer-proc> [warning] sasp: 00000015: TRACE: undefined message;STACK_TRACE=;
#TYPE=CODEMRI;MSG_CODE=1000-7001;MSG_TEXT=CP/SP     <TRACE> CodeMriAnalyzer-proc> [warning] sasp: 00000016: TRACE: failed to get message: [java.lang./^Throwable$\|^Exception$/.printStackTrace(...)] in FILE<NOT @reference> % 31000209.stack_trace();STACK_TRACE=;
#TYPE=CODEMRI;MSG_CODE=1000-7001;MSG_TEXT=CP/SP     <TRACE> CodeMriAnalyzer-proc> [warning] sasp: 00000016: TRACE: undefined message;STACK_TRACE=;
#TYPE=CODEMRI;MSG_CODE=1000-7001;MSG_TEXT=CP/SP     <TRACE> CodeMriAnalyzer-proc> [warning] sasp: 00000016: TRACE: failed to get message: [java.lang./^Throwable$\|^Exception$/.printStackTrace(...)] in FILE<NOT @reference> % 31000209.stack_trace();STACK_TRACE=;
#TYPE=CODEMRI;MSG_CODE=1000-7001;MSG_TEXT=CP/SP     <TRACE> CodeMriAnalyzer-proc> [warning] sasp: 00000016: TRACE: undefined message;STACK_TRACE=;
#TYPE=CODEMRI;MSG_CODE=1000-7001;MSG_TEXT=CP/SP     <TRACE> CodeMriAnalyzer-proc> [warning] sasp: 00000016: TRACE: failed to get message: [java.lang./^Throwable$\|^Exception$/.printStackTrace(...)] in FILE<NOT @reference> % 31000209.stack_trace();STACK_TRACE=;
#TYPE=CODEMRI;MSG_CODE=1000-7001;MSG_TEXT=CP/SP     <TRACE> CodeMriAnalyzer-proc> [warning] sasp: 00000016: TRACE: undefined message;STACK_TRACE=;
#TYPE=CODEMRI;MSG_CODE=1000-7001;MSG_TEXT=CP/SP     <TRACE> CodeMriAnalyzer-proc> [warning] sasp: 00000016: TRACE: failed to get message: [java.lang./^Throwable$\|^Exception$/.printStackTrace(...)] in FILE<NOT @reference> % 31000209.stack_trace();STACK_TRACE=;
#TYPE=CODEMRI;MSG_CODE=1000-7001;MSG_TEXT=CP/SP     <TRACE> CodeMriAnalyzer-proc> [warning] sasp: 00000016: TRACE: undefined message;STACK_TRACE=;
#TYPE=CODEMRI;MSG_CODE=1000-7001;MSG_TEXT=CP/SP     <TRACE> CodeMriAnalyzer-proc> [warning] sasp: 00000016: TRACE: failed to get message: [$1<LIT {{^\(^\(.*\)$\)$}}, NOT LIT "", OR[STRING, ARRAY]>] % 31000259.source_constant($1);STACK_TRACE=;
#TYPE=CODEMRI;MSG_CODE=1000-7001;MSG_TEXT=CP/SP     <TRACE> CodeMriAnalyzer-proc> [warning] sasp: 00000016: TRACE: undefined message;STACK_TRACE=;
#TYPE=CODEMRI;MSG_CODE=1000-7001;MSG_TEXT=CP/SP     <TRACE> CodeMriAnalyzer-proc> [warning] sasp: 00000016: TRACE: failed to get message: [java.sql.DriverManager.getConnection($$, $$, $1)] in FILE<NOT @reference> % 31000259.sink_constant($1);STACK_TRACE=;
#TYPE=CODEMRI;MSG_CODE=1000-7001;MSG_TEXT=CP/SP     <TRACE> CodeMriAnalyzer-proc> [warning] sasp: 00000016: TRACE: undefined message;STACK_TRACE=;
#TYPE=CODEMRI;MSG_CODE=1000-7001;MSG_TEXT=CP/SP     <TRACE> CodeMriAnalyzer-proc> [warning] sasp: 00000017: TRACE: failed to get message: [java.lang./^Throwable$\|^Exception$/.printStackTrace(...)] in FILE<NOT @reference> % 31000209.stack_trace();STACK_TRACE=;
#TYPE=CODEMRI;MSG_CODE=1000-7001;MSG_TEXT=CP/SP     <TRACE> CodeMriAnalyzer-proc> [warning] sasp: 00000017: TRACE: undefined message;STACK_TRACE=;
#TYPE=CODEMRI;MSG_CODE=1000-7001;MSG_TEXT=CP/SP     <TRACE> CodeMriAnalyzer-proc> [warning] sasp: 00000017: TRACE: failed to get message: [java.lang./^Throwable$\|^Exception$/.printStackTrace(...)] in FILE<NOT @reference> % 31000209.stack_trace();STACK_TRACE=;
#TYPE=CODEMRI;MSG_CODE=1000-7001;MSG_TEXT=CP/SP     <TRACE> CodeMriAnalyzer-proc> [warning] sasp: 00000017: TRACE: undefined message;STACK_TRACE=;
#TYPE=CODEMRI;MSG_CODE=1000-7001;MSG_TEXT=CP/SP     <TRACE> CodeMriAnalyzer-proc> [warning] sasp: 00000017: TRACE: failed to get message: [java.lang./^Throwable$\|^Exception$/.printStackTrace(...)] in FILE<NOT @reference> % 31000209.stack_trace();STACK_TRACE=;
#TYPE=CODEMRI;MSG_CODE=1000-7001;MSG_TEXT=CP/SP     <TRACE> CodeMriAnalyzer-proc> [warning] sasp: 00000017: TRACE: undefined message;STACK_TRACE=;
#TYPE=CODEMRI;MSG_CODE=1000-7001;MSG_TEXT=CP/SP     <TRACE> CodeMriAnalyzer-proc> [warning] sasp: 00000017: TRACE: failed to get message: [java.lang./^Throwable$\|^Exception$/.printStackTrace(...)] in FILE<NOT @reference> % 31000209.stack_trace();STACK_TRACE=;
#TYPE=CODEMRI;MSG_CODE=1000-7001;MSG_TEXT=CP/SP     <TRACE> CodeMriAnalyzer-proc> [warning] sasp: 00000017: TRACE: undefined message;STACK_TRACE=;
#TYPE=CODEMRI;MSG_CODE=1000-7001;MSG_TEXT=CP/SP     <TRACE> CodeMriAnalyzer-proc> [warning] sasp: 00000017: TRACE: failed to get message: [$1<LIT {{^\(^\(.*\)$\)$}}, NOT LIT "", OR[STRING, ARRAY]>] % 31000259.source_constant($1);STACK_TRACE=;
#TYPE=CODEMRI;MSG_CODE=1000-7001;MSG_TEXT=CP/SP     <TRACE> CodeMriAnalyzer-proc> [warning] sasp: 00000017: TRACE: undefined message;STACK_TRACE=;
#TYPE=CODEMRI;MSG_CODE=1000-7001;MSG_TEXT=CP/SP     <TRACE> CodeMriAnalyzer-proc> [warning] sasp: 00000017: TRACE: failed to get message: [java.sql.DriverManager.getConnection($$, $$, $1)] in FILE<NOT @reference> % 31000259.sink_constant($1);STACK_TRACE=;
#TYPE=CODEMRI;MSG_CODE=1000-7001;MSG_TEXT=CP/SP     <TRACE> CodeMriAnalyzer-proc> [warning] sasp: 00000017: TRACE: undefined message;STACK_TRACE=;
#TYPE=CODEMRI;MSG_CODE=1000-7001;MSG_TEXT=CP/SP     <TRACE> CodeMriAnalyzer-proc> [warning] sasp: 00000018: TRACE: failed to get message: [java.lang./^Throwable$\|^Exception$/.printStackTrace(...)] in FILE<NOT @reference> % 31000209.stack_trace();STACK_TRACE=;
#TYPE=CODEMRI;MSG_CODE=1000-7001;MSG_TEXT=CP/SP     <TRACE> CodeMriAnalyzer-proc> [warning] sasp: 00000018: TRACE: undefined message;STACK_TRACE=;
#TYPE=CODEMRI;MSG_CODE=1000-7001;MSG_TEXT=CP/SP     <TRACE> CodeMriAnalyzer-proc> [warning] sasp: 00000018: TRACE: failed to get message: [java.lang./^Throwable$\|^Exception$/.printStackTrace(...)] in FILE<NOT @reference> % 31000209.stack_trace();STACK_TRACE=;
#TYPE=CODEMRI;MSG_CODE=1000-7001;MSG_TEXT=CP/SP     <TRACE> CodeMriAnalyzer-proc> [warning] sasp: 00000018: TRACE: undefined message;STACK_TRACE=;
#TYPE=CODEMRI;MSG_CODE=1000-7001;MSG_TEXT=CP/SP     <TRACE> CodeMriAnalyzer-proc> [warning] sasp: 00000018: TRACE: failed to get message: [java.lang./^Throwable$\|^Exception$/.printStackTrace(...)] in FILE<NOT @reference> % 31000209.stack_trace();STACK_TRACE=;
#TYPE=CODEMRI;MSG_CODE=1000-7001;MSG_TEXT=CP/SP     <TRACE> CodeMriAnalyzer-proc> [warning] sasp: 00000018: TRACE: undefined message;STACK_TRACE=;
#TYPE=CODEMRI;MSG_CODE=1000-7001;MSG_TEXT=CP/SP     <TRACE> CodeMriAnalyzer-proc> [warning] sasp: 00000018: TRACE: failed to get message: [java.lang./^Throwable$\|^Exception$/.printStackTrace(...)] in FILE<NOT @reference> % 31000209.stack_trace();STACK_TRACE=;
#TYPE=CODEMRI;MSG_CODE=1000-7001;MSG_TEXT=CP/SP     <TRACE> CodeMriAnalyzer-proc> [warning] sasp: 00000018: TRACE: undefined message;STACK_TRACE=;
#TYPE=CODEMRI;MSG_CODE=1000-7001;MSG_TEXT=CP/SP     <TRACE> CodeMriAnalyzer-proc> [warning] sasp: 00000018: TRACE: failed to get message: [$1<LIT {{^\(^\(.*\)$\)$}}, NOT LIT "", OR[STRING, ARRAY]>] % 31000259.source_constant($1);STACK_TRACE=;
#TYPE=CODEMRI;MSG_CODE=1000-7001;MSG_TEXT=CP/SP     <TRACE> CodeMriAnalyzer-proc> [warning] sasp: 00000018: TRACE: undefined message;STACK_TRACE=;
#TYPE=CODEMRI;MSG_CODE=1000-7001;MSG_TEXT=CP/SP     <TRACE> CodeMriAnalyzer-proc> [warning] sasp: 00000018: TRACE: failed to get message: [java.sql.DriverManager.getConnection($$, $$, $1)] in FILE<NOT @reference> % 31000259.sink_constant($1);STACK_TRACE=;
#TYPE=CODEMRI;MSG_CODE=1000-7001;MSG_TEXT=CP/SP     <TRACE> CodeMriAnalyzer-proc> [warning] sasp: 00000018: TRACE: undefined message;STACK_TRACE=;
#TYPE=CODEMRI;MSG_CODE=1000-7001;MSG_TEXT=CP/SP     <TRACE> CodeMriAnalyzer-proc> [warning] sasp: 00000019: TRACE: failed to get message: [java.lang./^Throwable$\|^Exception$/.printStackTrace(...)] in FILE<NOT @reference> % 31000209.stack_trace();STACK_TRACE=;
#TYPE=CODEMRI;MSG_CODE=1000-7001;MSG_TEXT=CP/SP     <TRACE> CodeMriAnalyzer-proc> [warning] sasp: 00000019: TRACE: undefined message;STACK_TRACE=;
#TYPE=CODEMRI;MSG_CODE=1000-7001;MSG_TEXT=CP/SP     <TRACE> CodeMriAnalyzer-proc> [warning] sasp: 00000019: TRACE: failed to get message: [java.lang./^Throwable$\|^Exception$/.printStackTrace(...)] in FILE<NOT @reference> % 31000209.stack_trace();STACK_TRACE=;
#TYPE=CODEMRI;MSG_CODE=1000-7001;MSG_TEXT=CP/SP     <TRACE> CodeMriAnalyzer-proc> [warning] sasp: 00000019: TRACE: undefined message;STACK_TRACE=;
#TYPE=CODEMRI;MSG_CODE=1000-7001;MSG_TEXT=CP/SP     <TRACE> CodeMriAnalyzer-proc> [warning] sasp: 00000019: TRACE: failed to get message: [java.lang./^Throwable$\|^Exception$/.printStackTrace(...)] in FILE<NOT @reference> % 31000209.stack_trace();STACK_TRACE=;
#TYPE=CODEMRI;MSG_CODE=1000-7001;MSG_TEXT=CP/SP     <TRACE> CodeMriAnalyzer-proc> [warning] sasp: 00000019: TRACE: undefined message;STACK_TRACE=;
#TYPE=CODEMRI;MSG_CODE=1000-7001;MSG_TEXT=CP/SP     <TRACE> CodeMriAnalyzer-proc> [warning] sasp: 00000019: TRACE: failed to get message: [java.lang./^Throwable$\|^Exception$/.printStackTrace(...)] in FILE<NOT @reference> % 31000209.stack_trace();STACK_TRACE=;
#TYPE=CODEMRI;MSG_CODE=1000-7001;MSG_TEXT=CP/SP     <TRACE> CodeMriAnalyzer-proc> [warning] sasp: 00000019: TRACE: undefined message;STACK_TRACE=;
#TYPE=CODEMRI;MSG_CODE=1000-7001;MSG_TEXT=CP/SP     <TRACE> CodeMriAnalyzer-proc> [warning] sasp: 00000019: TRACE: failed to get message: [$1<LIT {{^\(^\(.*\)$\)$}}, NOT LIT "", OR[STRING, ARRAY]>] % 31000259.source_constant($1);STACK_TRACE=;
#TYPE=CODEMRI;MSG_CODE=1000-7001;MSG_TEXT=CP/SP     <TRACE> CodeMriAnalyzer-proc> [warning] sasp: 00000019: TRACE: undefined message;STACK_TRACE=;
#TYPE=CODEMRI;MSG_CODE=1000-7001;MSG_TEXT=CP/SP     <TRACE> CodeMriAnalyzer-proc> [warning] sasp: 00000019: TRACE: failed to get message: [java.sql.DriverManager.getConnection($$, $$, $1)] in FILE<NOT @reference> % 31000259.sink_constant($1);STACK_TRACE=;
#TYPE=CODEMRI;MSG_CODE=1000-7001;MSG_TEXT=CP/SP     <TRACE> CodeMriAnalyzer-proc> [warning] sasp: 00000019: TRACE: undefined message;STACK_TRACE=;
#TYPE=CODEMRI;MSG_CODE=1000-7001;MSG_TEXT=CP/SP     <TRACE> CodeMriAnalyzer-proc> [warning] sasp: 00000020: TRACE: failed to get message: [java.lang./^Throwable$\|^Exception$/.printStackTrace(...)] in FILE<NOT @reference> % 31000209.stack_trace();STACK_TRACE=;
#TYPE=CODEMRI;MSG_CODE=1000-7001;MSG_TEXT=CP/SP     <TRACE> CodeMriAnalyzer-proc> [warning] sasp: 00000020: TRACE: undefined message;STACK_TRACE=;
#TYPE=CODEMRI;MSG_CODE=1000-7001;MSG_TEXT=CP/SP     <TRACE> CodeMriAnalyzer-proc> [warning] sasp: 00000020: TRACE: failed to get message: [java.lang./^Throwable$\|^Exception$/.printStackTrace(...)] in FILE<NOT @reference> % 31000209.stack_trace();STACK_TRACE=;
#TYPE=CODEMRI;MSG_CODE=1000-7001;MSG_TEXT=CP/SP     <TRACE> CodeMriAnalyzer-proc> [warning] sasp: 00000020: TRACE: undefined message;STACK_TRACE=;
#TYPE=CODEMRI;MSG_CODE=1000-7001;MSG_TEXT=CP/SP     <TRACE> CodeMriAnalyzer-proc> [warning] sasp: 00000020: TRACE: failed to get message: [java.lang./^Throwable$\|^Exception$/.printStackTrace(...)] in FILE<NOT @reference> % 31000209.stack_trace();STACK_TRACE=;
#TYPE=CODEMRI;MSG_CODE=1000-7001;MSG_TEXT=CP/SP     <TRACE> CodeMriAnalyzer-proc> [warning] sasp: 00000020: TRACE: undefined message;STACK_TRACE=;
#TYPE=CODEMRI;MSG_CODE=1000-7001;MSG_TEXT=CP/SP     <TRACE> CodeMriAnalyzer-proc> [warning] sasp: 00000020: TRACE: failed to get message: [java.lang./^Throwable$\|^Exception$/.printStackTrace(...)] in FILE<NOT @reference> % 31000209.stack_trace();STACK_TRACE=;
#TYPE=CODEMRI;MSG_CODE=1000-7001;MSG_TEXT=CP/SP     <TRACE> CodeMriAnalyzer-proc> [warning] sasp: 00000020: TRACE: undefined message;STACK_TRACE=;
#TYPE=CODEMRI;MSG_CODE=1000-7001;MSG_TEXT=CP/SP     <TRACE> CodeMriAnalyzer-proc> [warning] sasp: 00000020: TRACE: failed to get message: [$1<LIT {{^\(^\(.*\)$\)$}}, NOT LIT "", OR[STRING, ARRAY]>] % 31000259.source_constant($1);STACK_TRACE=;
#TYPE=CODEMRI;MSG_CODE=1000-7001;MSG_TEXT=CP/SP     <TRACE> CodeMriAnalyzer-proc> [warning] sasp: 00000020: TRACE: undefined message;STACK_TRACE=;
#TYPE=CODEMRI;MSG_CODE=1000-7001;MSG_TEXT=CP/SP     <TRACE> CodeMriAnalyzer-proc> [warning] sasp: 00000020: TRACE: failed to get message: [java.sql.DriverManager.getConnection($$, $$, $1)] in FILE<NOT @reference> % 31000259.sink_constant($1);STACK_TRACE=;
#TYPE=CODEMRI;MSG_CODE=1000-7001;MSG_TEXT=CP/SP     <TRACE> CodeMriAnalyzer-proc> [warning] sasp: 00000020: TRACE: undefined message;STACK_TRACE=;
#TYPE=CODEMRI;MSG_CODE=1000-7001;MSG_TEXT=CP/SP     <TRACE> CodeMriAnalyzer-proc> [warning] sasp: 00000021: TRACE: failed to get message: [java.lang./^Throwable$\|^Exception$/.printStackTrace(...)] in FILE<NOT @reference> % 31000209.stack_trace();STACK_TRACE=;
#TYPE=CODEMRI;MSG_CODE=1000-7001;MSG_TEXT=CP/SP     <TRACE> CodeMriAnalyzer-proc> [warning] sasp: 00000021: TRACE: undefined message;STACK_TRACE=;
#TYPE=CODEMRI;MSG_CODE=1000-7001;MSG_TEXT=CP/SP     <TRACE> CodeMriAnalyzer-proc> [warning] sasp: 00000021: TRACE: failed to get message: [java.lang./^Throwable$\|^Exception$/.printStackTrace(...)] in FILE<NOT @reference> % 31000209.stack_trace();STACK_TRACE=;
#TYPE=CODEMRI;MSG_CODE=1000-7001;MSG_TEXT=CP/SP     <TRACE> CodeMriAnalyzer-proc> [warning] sasp: 00000021: TRACE: undefined message;STACK_TRACE=;
#TYPE=CODEMRI;MSG_CODE=1000-7001;MSG_TEXT=CP/SP     <TRACE> CodeMriAnalyzer-proc> [warning] sasp: 00000021: TRACE: failed to get message: [java.lang./^Throwable$\|^Exception$/.printStackTrace(...)] in FILE<NOT @reference> % 31000209.stack_trace();STACK_TRACE=;
#TYPE=CODEMRI;MSG_CODE=1000-7001;MSG_TEXT=CP/SP     <TRACE> CodeMriAnalyzer-proc> [warning] sasp: 00000021: TRACE: undefined message;STACK_TRACE=;
#TYPE=CODEMRI;MSG_CODE=1000-7001;MSG_TEXT=CP/SP     <TRACE> CodeMriAnalyzer-proc> [warning] sasp: 00000021: TRACE: failed to get message: [java.lang./^Throwable$\|^Exception$/.printStackTrace(...)] in FILE<NOT @reference> % 31000209.stack_trace();STACK_TRACE=;
#TYPE=CODEMRI;MSG_CODE=1000-7001;MSG_TEXT=CP/SP     <TRACE> CodeMriAnalyzer-proc> [warning] sasp: 00000021: TRACE: undefined message;STACK_TRACE=;
#TYPE=CODEMRI;MSG_CODE=1000-7001;MSG_TEXT=CP/SP     <TRACE> CodeMriAnalyzer-proc> [warning] sasp: 00000021: TRACE: failed to get message: [$1<LIT {{^\(^\(.*\)$\)$}}, NOT LIT "", OR[STRING, ARRAY]>] % 31000259.source_constant($1);STACK_TRACE=;
#TYPE=CODEMRI;MSG_CODE=1000-7001;MSG_TEXT=CP/SP     <TRACE> CodeMriAnalyzer-proc> [warning] sasp: 00000021: TRACE: undefined message;STACK_TRACE=;
#TYPE=CODEMRI;MSG_CODE=1000-7001;MSG_TEXT=CP/SP     <TRACE> CodeMriAnalyzer-proc> [warning] sasp: 00000021: TRACE: failed to get message: [java.sql.DriverManager.getConnection($$, $$, $1)] in FILE<NOT @reference> % 31000259.sink_constant($1);STACK_TRACE=;
#TYPE=CODEMRI;MSG_CODE=1000-7001;MSG_TEXT=CP/SP     <TRACE> CodeMriAnalyzer-proc> [warning] sasp: 00000021: TRACE: undefined message;STACK_TRACE=;
#TYPE=CODEMRI;MSG_CODE=1000-7001;MSG_TEXT=CP/SP     <TRACE> CodeMriAnalyzer-proc> [warning] sasp: 00000022: TRACE: failed to get message: [java.lang./^Throwable$\|^Exception$/.printStackTrace(...)] in FILE<NOT @reference> % 31000209.stack_trace();STACK_TRACE=;
#TYPE=CODEMRI;MSG_CODE=1000-7001;MSG_TEXT=CP/SP     <TRACE> CodeMriAnalyzer-proc> [warning] sasp: 00000022: TRACE: undefined message;STACK_TRACE=;
#TYPE=CODEMRI;MSG_CODE=1000-7001;MSG_TEXT=CP/SP     <TRACE> CodeMriAnalyzer-proc> [warning] sasp: 00000022: TRACE: failed to get message: [java.lang./^Throwable$\|^Exception$/.printStackTrace(...)] in FILE<NOT @reference> % 31000209.stack_trace();STACK_TRACE=;
#TYPE=CODEMRI;MSG_CODE=1000-7001;MSG_TEXT=CP/SP     <TRACE> CodeMriAnalyzer-proc> [warning] sasp: 00000022: TRACE: undefined message;STACK_TRACE=;
#TYPE=CODEMRI;MSG_CODE=1000-7001;MSG_TEXT=CP/SP     <TRACE> CodeMriAnalyzer-proc> [warning] sasp: 00000022: TRACE: failed to get message: [java.lang./^Throwable$\|^Exception$/.printStackTrace(...)] in FILE<NOT @reference> % 31000209.stack_trace();STACK_TRACE=;
#TYPE=CODEMRI;MSG_CODE=1000-7001;MSG_TEXT=CP/SP     <TRACE> CodeMriAnalyzer-proc> [warning] sasp: 00000022: TRACE: undefined message;STACK_TRACE=;
#TYPE=CODEMRI;MSG_CODE=1000-7001;MSG_TEXT=CP/SP     <TRACE> CodeMriAnalyzer-proc> [warning] sasp: 00000022: TRACE: failed to get message: [java.lang./^Throwable$\|^Exception$/.printStackTrace(...)] in FILE<NOT @reference> % 31000209.stack_trace();STACK_TRACE=;
#TYPE=CODEMRI;MSG_CODE=1000-7001;MSG_TEXT=CP/SP     <TRACE> CodeMriAnalyzer-proc> [warning] sasp: 00000022: TRACE: undefined message;STACK_TRACE=;
#TYPE=CODEMRI;MSG_CODE=1000-7001;MSG_TEXT=CP/SP     <TRACE> CodeMriAnalyzer-proc> [warning] sasp: 00000022: TRACE: failed to get message: [$1<LIT {{^\(^\(.*\)$\)$}}, NOT LIT "", OR[STRING, ARRAY]>] % 31000259.source_constant($1);STACK_TRACE=;
#TYPE=CODEMRI;MSG_CODE=1000-7001;MSG_TEXT=CP/SP     <TRACE> CodeMriAnalyzer-proc> [warning] sasp: 00000022: TRACE: undefined message;STACK_TRACE=;
#TYPE=CODEMRI;MSG_CODE=1000-7001;MSG_TEXT=CP/SP     <TRACE> CodeMriAnalyzer-proc> [warning] sasp: 00000022: TRACE: failed to get message: [java.sql.DriverManager.getConnection($$, $$, $1)] in FILE<NOT @reference> % 31000259.sink_constant($1);STACK_TRACE=;
#TYPE=CODEMRI;MSG_CODE=1000-7001;MSG_TEXT=CP/SP     <TRACE> CodeMriAnalyzer-proc> [warning] sasp: 00000022: TRACE: undefined message;STACK_TRACE=;
#TYPE=CODEMRI;MSG_CODE=1000-7001;MSG_TEXT=CP/SP     <TRACE> CodeMriAnalyzer-proc> [warning] sasp: 00000023: TRACE: failed to get message: [java.lang./^Throwable$\|^Exception$/.printStackTrace(...)] in FILE<NOT @reference> % 31000209.stack_trace();STACK_TRACE=;
#TYPE=CODEMRI;MSG_CODE=1000-7001;MSG_TEXT=CP/SP     <TRACE> CodeMriAnalyzer-proc> [warning] sasp: 00000023: TRACE: undefined message;STACK_TRACE=;
#TYPE=CODEMRI;MSG_CODE=1000-7001;MSG_TEXT=CP/SP     <TRACE> CodeMriAnalyzer-proc> [warning] sasp: 00000023: TRACE: failed to get message: [java.lang./^Throwable$\|^Exception$/.printStackTrace(...)] in FILE<NOT @reference> % 31000209.stack_trace();STACK_TRACE=;
#TYPE=CODEMRI;MSG_CODE=1000-7001;MSG_TEXT=CP/SP     <TRACE> CodeMriAnalyzer-proc> [warning] sasp: 00000023: TRACE: undefined message;STACK_TRACE=;
#TYPE=CODEMRI;MSG_CODE=1000-7001;MSG_TEXT=CP/SP     <TRACE> CodeMriAnalyzer-proc> [warning] sasp: 00000023: TRACE: failed to get message: [java.lang./^Throwable$\|^Exception$/.printStackTrace(...)] in FILE<NOT @reference> % 31000209.stack_trace();STACK_TRACE=;
#TYPE=CODEMRI;MSG_CODE=1000-7001;MSG_TEXT=CP/SP     <TRACE> CodeMriAnalyzer-proc> [warning] sasp: 00000023: TRACE: undefined message;STACK_TRACE=;
#TYPE=CODEMRI;MSG_CODE=1000-7001;MSG_TEXT=CP/SP     <TRACE> CodeMriAnalyzer-proc> [warning] sasp: 00000023: TRACE: failed to get message: [java.lang./^Throwable$\|^Exception$/.printStackTrace(...)] in FILE<NOT @reference> % 31000209.stack_trace();STACK_TRACE=;
#TYPE=CODEMRI;MSG_CODE=1000-7001;MSG_TEXT=CP/SP     <TRACE> CodeMriAnalyzer-proc> [warning] sasp: 00000023: TRACE: undefined message;STACK_TRACE=;
#TYPE=CODEMRI;MSG_CODE=1000-7001;MSG_TEXT=CP/SP     <TRACE> CodeMriAnalyzer-proc> [warning] sasp: 00000023: TRACE: failed to get message: [$1<LIT {{^\(^\(.*\)$\)$}}, NOT LIT "", OR[STRING, ARRAY]>] % 31000259.source_constant($1);STACK_TRACE=;
#TYPE=CODEMRI;MSG_CODE=1000-7001;MSG_TEXT=CP/SP     <TRACE> CodeMriAnalyzer-proc> [warning] sasp: 00000023: TRACE: undefined message;STACK_TRACE=;
#TYPE=CODEMRI;MSG_CODE=1000-7001;MSG_TEXT=CP/SP     <TRACE> CodeMriAnalyzer-proc> [warning] sasp: 00000023: TRACE: failed to get message: [java.sql.DriverManager.getConnection($$, $$, $1)] in FILE<NOT @reference> % 31000259.sink_constant($1);STACK_TRACE=;
#TYPE=CODEMRI;MSG_CODE=1000-7001;MSG_TEXT=CP/SP     <TRACE> CodeMriAnalyzer-proc> [warning] sasp: 00000023: TRACE: undefined message;STACK_TRACE=;
#TYPE=CODEMRI;MSG_CODE=1000-7001;MSG_TEXT=CP/SP     <TRACE> CodeMriAnalyzer-proc> [warning] sasp: 00000024: TRACE: failed to get message: [java.lang./^Throwable$\|^Exception$/.printStackTrace(...)] in FILE<NOT @reference> % 31000209.stack_trace();STACK_TRACE=;
#TYPE=CODEMRI;MSG_CODE=1000-7001;MSG_TEXT=CP/SP     <TRACE> CodeMriAnalyzer-proc> [warning] sasp: 00000024: TRACE: undefined message;STACK_TRACE=;
#TYPE=CODEMRI;MSG_CODE=1000-7001;MSG_TEXT=CP/SP     <TRACE> CodeMriAnalyzer-proc> [warning] sasp: 00000024: TRACE: failed to get message: [java.lang./^Throwable$\|^Exception$/.printStackTrace(...)] in FILE<NOT @reference> % 31000209.stack_trace();STACK_TRACE=;
#TYPE=CODEMRI;MSG_CODE=1000-7001;MSG_TEXT=CP/SP     <TRACE> CodeMriAnalyzer-proc> [warning] sasp: 00000024: TRACE: undefined message;STACK_TRACE=;
#TYPE=CODEMRI;MSG_CODE=1000-7001;MSG_TEXT=CP/SP     <TRACE> CodeMriAnalyzer-proc> [warning] sasp: 00000024: TRACE: failed to get message: [java.lang./^Throwable$\|^Exception$/.printStackTrace(...)] in FILE<NOT @reference> % 31000209.stack_trace();STACK_TRACE=;
#TYPE=CODEMRI;MSG_CODE=1000-7001;MSG_TEXT=CP/SP     <TRACE> CodeMriAnalyzer-proc> [warning] sasp: 00000024: TRACE: undefined message;STACK_TRACE=;
#TYPE=CODEMRI;MSG_CODE=1000-7001;MSG_TEXT=CP/SP     <TRACE> CodeMriAnalyzer-proc> [warning] sasp: 00000024: TRACE: failed to get message: [java.lang./^Throwable$\|^Exception$/.printStackTrace(...)] in FILE<NOT @reference> % 31000209.stack_trace();STACK_TRACE=;
#TYPE=CODEMRI;MSG_CODE=1000-7001;MSG_TEXT=CP/SP     <TRACE> CodeMriAnalyzer-proc> [warning] sasp: 00000024: TRACE: undefined message;STACK_TRACE=;
#TYPE=CODEMRI;MSG_CODE=1000-7001;MSG_TEXT=CP/SP     <TRACE> CodeMriAnalyzer-proc> [warning] sasp: 00000024: TRACE: failed to get message: [$1<LIT {{^\(^\(.*\)$\)$}}, NOT LIT "", OR[STRING, ARRAY]>] % 31000259.source_constant($1);STACK_TRACE=;
#TYPE=CODEMRI;MSG_CODE=1000-7001;MSG_TEXT=CP/SP     <TRACE> CodeMriAnalyzer-proc> [warning] sasp: 00000024: TRACE: undefined message;STACK_TRACE=;
#TYPE=CODEMRI;MSG_CODE=1000-7001;MSG_TEXT=CP/SP     <TRACE> CodeMriAnalyzer-proc> [warning] sasp: 00000024: TRACE: failed to get message: [java.sql.DriverManager.getConnection($$, $$, $1)] in FILE<NOT @reference> % 31000259.sink_constant($1);STACK_TRACE=;
#TYPE=CODEMRI;MSG_CODE=1000-7001;MSG_TEXT=CP/SP     <TRACE> CodeMriAnalyzer-proc> [warning] sasp: 00000024: TRACE: undefined message;STACK_TRACE=;
#TYPE=CODEMRI;MSG_CODE=1000-7001;MSG_TEXT=CP/SP     <TRACE> CodeMriAnalyzer-proc> [warning] sasp: 00000025: TRACE: failed to get message: [java.lang./^Throwable$\|^Exception$/.printStackTrace(...)] in FILE<NOT @reference> % 31000209.stack_trace();STACK_TRACE=;
#TYPE=CODEMRI;MSG_CODE=1000-7001;MSG_TEXT=CP/SP     <TRACE> CodeMriAnalyzer-proc> [warning] sasp: 00000025: TRACE: undefined message;STACK_TRACE=;
#TYPE=CODEMRI;MSG_CODE=1000-7001;MSG_TEXT=CP/SP     <TRACE> CodeMriAnalyzer-proc> [warning] sasp: 00000025: TRACE: failed to get message: [java.lang./^Throwable$\|^Exception$/.printStackTrace(...)] in FILE<NOT @reference> % 31000209.stack_trace();STACK_TRACE=;
#TYPE=CODEMRI;MSG_CODE=1000-7001;MSG_TEXT=CP/SP     <TRACE> CodeMriAnalyzer-proc> [warning] sasp: 00000025: TRACE: undefined message;STACK_TRACE=;
#TYPE=CODEMRI;MSG_CODE=1000-7001;MSG_TEXT=CP/SP     <TRACE> CodeMriAnalyzer-proc> [warning] sasp: 00000025: TRACE: failed to get message: [java.lang./^Throwable$\|^Exception$/.printStackTrace(...)] in FILE<NOT @reference> % 31000209.stack_trace();STACK_TRACE=;
#TYPE=CODEMRI;MSG_CODE=1000-7001;MSG_TEXT=CP/SP     <TRACE> CodeMriAnalyzer-proc> [warning] sasp: 00000025: TRACE: undefined message;STACK_TRACE=;
#TYPE=CODEMRI;MSG_CODE=1000-7001;MSG_TEXT=CP/SP     <TRACE> CodeMriAnalyzer-proc> [warning] sasp: 00000025: TRACE: failed to get message: [java.lang./^Throwable$\|^Exception$/.printStackTrace(...)] in FILE<NOT @reference> % 31000209.stack_trace();STACK_TRACE=;
#TYPE=CODEMRI;MSG_CODE=1000-7001;MSG_TEXT=CP/SP     <TRACE> CodeMriAnalyzer-proc> [warning] sasp: 00000025: TRACE: undefined message;STACK_TRACE=;
#TYPE=CODEMRI;MSG_CODE=1000-7001;MSG_TEXT=CP/SP     <TRACE> CodeMriAnalyzer-proc> [warning] sasp: 00000025: TRACE: failed to get message: [$1<LIT {{^\(^\(.*\)$\)$}}, NOT LIT "", OR[STRING, ARRAY]>] % 31000259.source_constant($1);STACK_TRACE=;
#TYPE=CODEMRI;MSG_CODE=1000-7001;MSG_TEXT=CP/SP     <TRACE> CodeMriAnalyzer-proc> [warning] sasp: 00000025: TRACE: undefined message;STACK_TRACE=;
#TYPE=CODEMRI;MSG_CODE=1000-7001;MSG_TEXT=CP/SP     <TRACE> CodeMriAnalyzer-proc> [warning] sasp: 00000025: TRACE: failed to get message: [java.sql.DriverManager.getConnection($$, $$, $1)] in FILE<NOT @reference> % 31000259.sink_constant($1);STACK_TRACE=;
#TYPE=CODEMRI;MSG_CODE=1000-7001;MSG_TEXT=CP/SP     <TRACE> CodeMriAnalyzer-proc> [warning] sasp: 00000025: TRACE: undefined message;STACK_TRACE=;
#TYPE=CODEMRI;MSG_CODE=1000-7001;MSG_TEXT=CP/SP     <TRACE> CodeMriAnalyzer-proc> [warning] sasp: 00000026: TRACE: failed to get message: [java.lang./^Throwable$\|^Exception$/.printStackTrace(...)] in FILE<NOT @reference> % 31000209.stack_trace();STACK_TRACE=;
#TYPE=CODEMRI;MSG_CODE=1000-7001;MSG_TEXT=CP/SP     <TRACE> CodeMriAnalyzer-proc> [warning] sasp: 00000026: TRACE: undefined message;STACK_TRACE=;
#TYPE=CODEMRI;MSG_CODE=1000-7001;MSG_TEXT=CP/SP     <TRACE> CodeMriAnalyzer-proc> [warning] sasp: 00000026: TRACE: failed to get message: [java.lang./^Throwable$\|^Exception$/.printStackTrace(...)] in FILE<NOT @reference> % 31000209.stack_trace();STACK_TRACE=;
#TYPE=CODEMRI;MSG_CODE=1000-7001;MSG_TEXT=CP/SP     <TRACE> CodeMriAnalyzer-proc> [warning] sasp: 00000026: TRACE: undefined message;STACK_TRACE=;
#TYPE=CODEMRI;MSG_CODE=1000-7001;MSG_TEXT=CP/SP     <TRACE> CodeMriAnalyzer-proc> [warning] sasp: 00000026: TRACE: failed to get message: [java.lang./^Throwable$\|^Exception$/.printStackTrace(...)] in FILE<NOT @reference> % 31000209.stack_trace();STACK_TRACE=;
#TYPE=CODEMRI;MSG_CODE=1000-7001;MSG_TEXT=CP/SP     <TRACE> CodeMriAnalyzer-proc> [warning] sasp: 00000026: TRACE: undefined message;STACK_TRACE=;
#TYPE=CODEMRI;MSG_CODE=1000-7001;MSG_TEXT=CP/SP     <TRACE> CodeMriAnalyzer-proc> [warning] sasp: 00000026: TRACE: failed to get message: [java.lang./^Throwable$\|^Exception$/.printStackTrace(...)] in FILE<NOT @reference> % 31000209.stack_trace();STACK_TRACE=;
#TYPE=CODEMRI;MSG_CODE=1000-7001;MSG_TEXT=CP/SP     <TRACE> CodeMriAnalyzer-proc> [warning] sasp: 00000026: TRACE: undefined message;STACK_TRACE=;
#TYPE=CODEMRI;MSG_CODE=1000-7001;MSG_TEXT=CP/SP     <TRACE> CodeMriAnalyzer-proc> [warning] sasp: 00000026: TRACE: failed to get message: [$1<LIT {{^\(^\(.*\)$\)$}}, NOT LIT "", OR[STRING, ARRAY]>] % 31000259.source_constant($1);STACK_TRACE=;
#TYPE=CODEMRI;MSG_CODE=1000-7001;MSG_TEXT=CP/SP     <TRACE> CodeMriAnalyzer-proc> [warning] sasp: 00000026: TRACE: undefined message;STACK_TRACE=;
#TYPE=CODEMRI;MSG_CODE=1000-7001;MSG_TEXT=CP/SP     <TRACE> CodeMriAnalyzer-proc> [warning] sasp: 00000026: TRACE: failed to get message: [java.sql.DriverManager.getConnection($$, $$, $1)] in FILE<NOT @reference> % 31000259.sink_constant($1);STACK_TRACE=;
#TYPE=CODEMRI;MSG_CODE=1000-7001;MSG_TEXT=CP/SP     <TRACE> CodeMriAnalyzer-proc> [warning] sasp: 00000026: TRACE: undefined message;STACK_TRACE=;
#TYPE=CODEMRI;MSG_CODE=1000-7001;MSG_TEXT=CP/SP     <TRACE> CodeMriAnalyzer-proc> [warning] sasp: 00000027: TRACE: failed to get message: [java.lang./^Throwable$\|^Exception$/.printStackTrace(...)] in FILE<NOT @reference> % 31000209.stack_trace();STACK_TRACE=;
#TYPE=CODEMRI;MSG_CODE=1000-7001;MSG_TEXT=CP/SP     <TRACE> CodeMriAnalyzer-proc> [warning] sasp: 00000027: TRACE: undefined message;STACK_TRACE=;
#TYPE=CODEMRI;MSG_CODE=1000-7001;MSG_TEXT=CP/SP     <TRACE> CodeMriAnalyzer-proc> [warning] sasp: 00000027: TRACE: failed to get message: [java.lang./^Throwable$\|^Exception$/.printStackTrace(...)] in FILE<NOT @reference> % 31000209.stack_trace();STACK_TRACE=;
#TYPE=CODEMRI;MSG_CODE=1000-7001;MSG_TEXT=CP/SP     <TRACE> CodeMriAnalyzer-proc> [warning] sasp: 00000027: TRACE: undefined message;STACK_TRACE=;
#TYPE=CODEMRI;MSG_CODE=1000-7001;MSG_TEXT=CP/SP     <TRACE> CodeMriAnalyzer-proc> [warning] sasp: 00000027: TRACE: failed to get message: [java.lang./^Throwable$\|^Exception$/.printStackTrace(...)] in FILE<NOT @reference> % 31000209.stack_trace();STACK_TRACE=;
#TYPE=CODEMRI;MSG_CODE=1000-7001;MSG_TEXT=CP/SP     <TRACE> CodeMriAnalyzer-proc> [warning] sasp: 00000027: TRACE: undefined message;STACK_TRACE=;
#TYPE=CODEMRI;MSG_CODE=1000-7001;MSG_TEXT=CP/SP     <TRACE> CodeMriAnalyzer-proc> [warning] sasp: 00000027: TRACE: failed to get message: [java.lang./^Throwable$\|^Exception$/.printStackTrace(...)] in FILE<NOT @reference> % 31000209.stack_trace();STACK_TRACE=;
#TYPE=CODEMRI;MSG_CODE=1000-7001;MSG_TEXT=CP/SP     <TRACE> CodeMriAnalyzer-proc> [warning] sasp: 00000027: TRACE: undefined message;STACK_TRACE=;
#TYPE=CODEMRI;MSG_CODE=1000-7001;MSG_TEXT=CP/SP     <TRACE> CodeMriAnalyzer-proc> [warning] sasp: 00000027: TRACE: failed to get message: [$1<LIT {{^\(^\(.*\)$\)$}}, NOT LIT "", OR[STRING, ARRAY]>] % 31000259.source_constant($1);STACK_TRACE=;
#TYPE=CODEMRI;MSG_CODE=1000-7001;MSG_TEXT=CP/SP     <TRACE> CodeMriAnalyzer-proc> [warning] sasp: 00000027: TRACE: undefined message;STACK_TRACE=;
#TYPE=CODEMRI;MSG_CODE=1000-7001;MSG_TEXT=CP/SP     <TRACE> CodeMriAnalyzer-proc> [warning] sasp: 00000027: TRACE: failed to get message: [java.sql.DriverManager.getConnection($$, $$, $1)] in FILE<NOT @reference> % 31000259.sink_constant($1);STACK_TRACE=;
#TYPE=CODEMRI;MSG_CODE=1000-7001;MSG_TEXT=CP/SP     <TRACE> CodeMriAnalyzer-proc> [warning] sasp: 00000027: TRACE: undefined message;STACK_TRACE=;
#TYPE=CODEMRI;MSG_CODE=1000-7001;MSG_TEXT=CP/SP     <TRACE> CodeMriAnalyzer-proc> [warning] sasp: 00000028: TRACE: failed to get message: [java.lang./^Throwable$\|^Exception$/.printStackTrace(...)] in FILE<NOT @reference> % 31000209.stack_trace();STACK_TRACE=;
#TYPE=CODEMRI;MSG_CODE=1000-7001;MSG_TEXT=CP/SP     <TRACE> CodeMriAnalyzer-proc> [warning] sasp: 00000028: TRACE: undefined message;STACK_TRACE=;
#TYPE=CODEMRI;MSG_CODE=1000-7001;MSG_TEXT=CP/SP     <TRACE> CodeMriAnalyzer-proc> [warning] sasp: 00000028: TRACE: failed to get message: [java.lang./^Throwable$\|^Exception$/.printStackTrace(...)] in FILE<NOT @reference> % 31000209.stack_trace();STACK_TRACE=;
#TYPE=CODEMRI;MSG_CODE=1000-7001;MSG_TEXT=CP/SP     <TRACE> CodeMriAnalyzer-proc> [warning] sasp: 00000028: TRACE: undefined message;STACK_TRACE=;
#TYPE=CODEMRI;MSG_CODE=1000-7001;MSG_TEXT=CP/SP     <TRACE> CodeMriAnalyzer-proc> [warning] sasp: 00000028: TRACE: failed to get message: [java.lang./^Throwable$\|^Exception$/.printStackTrace(...)] in FILE<NOT @reference> % 31000209.stack_trace();STACK_TRACE=;
#TYPE=CODEMRI;MSG_CODE=1000-7001;MSG_TEXT=CP/SP     <TRACE> CodeMriAnalyzer-proc> [warning] sasp: 00000028: TRACE: undefined message;STACK_TRACE=;
#TYPE=CODEMRI;MSG_CODE=1000-7001;MSG_TEXT=CP/SP     <TRACE> CodeMriAnalyzer-proc> [warning] sasp: 00000028: TRACE: failed to get message: [java.lang./^Throwable$\|^Exception$/.printStackTrace(...)] in FILE<NOT @reference> % 31000209.stack_trace();STACK_TRACE=;
#TYPE=CODEMRI;MSG_CODE=1000-7001;MSG_TEXT=CP/SP     <TRACE> CodeMriAnalyzer-proc> [warning] sasp: 00000028: TRACE: undefined message;STACK_TRACE=;
#TYPE=CODEMRI;MSG_CODE=1000-7001;MSG_TEXT=CP/SP     <TRACE> CodeMriAnalyzer-proc> [warning] sasp: 00000028: TRACE: failed to get message: [$1<LIT {{^\(^\(.*\)$\)$}}, NOT LIT "", OR[STRING, ARRAY]>] % 31000259.source_constant($1);STACK_TRACE=;
#TYPE=CODEMRI;MSG_CODE=1000-7001;MSG_TEXT=CP/SP     <TRACE> CodeMriAnalyzer-proc> [warning] sasp: 00000028: TRACE: undefined message;STACK_TRACE=;
#TYPE=CODEMRI;MSG_CODE=1000-7001;MSG_TEXT=CP/SP     <TRACE> CodeMriAnalyzer-proc> [warning] sasp: 00000028: TRACE: failed to get message: [java.sql.DriverManager.getConnection($$, $$, $1)] in FILE<NOT @reference> % 31000259.sink_constant($1);STACK_TRACE=;
#TYPE=CODEMRI;MSG_CODE=1000-7001;MSG_TEXT=CP/SP     <TRACE> CodeMriAnalyzer-proc> [warning] sasp: 00000028: TRACE: undefined message;STACK_TRACE=;
#TYPE=CODEMRI;MSG_CODE=1000-7001;MSG_TEXT=CP/SP     <TRACE> CodeMriAnalyzer-proc> [warning] sasp: 00000029: TRACE: failed to get message: [java.lang./^Throwable$\|^Exception$/.printStackTrace(...)] in FILE<NOT @reference> % 31000209.stack_trace();STACK_TRACE=;
#TYPE=CODEMRI;MSG_CODE=1000-7001;MSG_TEXT=CP/SP     <TRACE> CodeMriAnalyzer-proc> [warning] sasp: 00000029: TRACE: undefined message;STACK_TRACE=;
#TYPE=CODEMRI;MSG_CODE=1000-7001;MSG_TEXT=CP/SP     <TRACE> CodeMriAnalyzer-proc> [warning] sasp: 00000029: TRACE: failed to get message: [java.lang./^Throwable$\|^Exception$/.printStackTrace(...)] in FILE<NOT @reference> % 31000209.stack_trace();STACK_TRACE=;
#TYPE=CODEMRI;MSG_CODE=1000-7001;MSG_TEXT=CP/SP     <TRACE> CodeMriAnalyzer-proc> [warning] sasp: 00000029: TRACE: undefined message;STACK_TRACE=;
#TYPE=CODEMRI;MSG_CODE=1000-7001;MSG_TEXT=CP/SP     <TRACE> CodeMriAnalyzer-proc> [warning] sasp: 00000029: TRACE: failed to get message: [java.lang./^Throwable$\|^Exception$/.printStackTrace(...)] in FILE<NOT @reference> % 31000209.stack_trace();STACK_TRACE=;
#TYPE=CODEMRI;MSG_CODE=1000-7001;MSG_TEXT=CP/SP     <TRACE> CodeMriAnalyzer-proc> [warning] sasp: 00000029: TRACE: undefined message;STACK_TRACE=;
#TYPE=CODEMRI;MSG_CODE=1000-7001;MSG_TEXT=CP/SP     <TRACE> CodeMriAnalyzer-proc> [warning] sasp: 00000029: TRACE: failed to get message: [java.lang./^Throwable$\|^Exception$/.printStackTrace(...)] in FILE<NOT @reference> % 31000209.stack_trace();STACK_TRACE=;
#TYPE=CODEMRI;MSG_CODE=1000-7001;MSG_TEXT=CP/SP     <TRACE> CodeMriAnalyzer-proc> [warning] sasp: 00000029: TRACE: undefined message;STACK_TRACE=;
#TYPE=CODEMRI;MSG_CODE=1000-7001;MSG_TEXT=CP/SP     <TRACE> CodeMriAnalyzer-proc> [warning] sasp: 00000029: TRACE: failed to get message: [$1<LIT {{^\(^\(.*\)$\)$}}, NOT LIT "", OR[STRING, ARRAY]>] % 31000259.source_constant($1);STACK_TRACE=;
#TYPE=CODEMRI;MSG_CODE=1000-7001;MSG_TEXT=CP/SP     <TRACE> CodeMriAnalyzer-proc> [warning] sasp: 00000029: TRACE: undefined message;STACK_TRACE=;
#TYPE=CODEMRI;MSG_CODE=1000-7001;MSG_TEXT=CP/SP     <TRACE> CodeMriAnalyzer-proc> [warning] sasp: 00000029: TRACE: failed to get message: [java.sql.DriverManager.getConnection($$, $$, $1)] in FILE<NOT @reference> % 31000259.sink_constant($1);STACK_TRACE=;
#TYPE=CODEMRI;MSG_CODE=1000-7001;MSG_TEXT=CP/SP     <TRACE> CodeMriAnalyzer-proc> [warning] sasp: 00000029: TRACE: undefined message;STACK_TRACE=;
#TYPE=CODEMRI;MSG_CODE=1000-7001;MSG_TEXT=CP/SP     <TRACE> CodeMriAnalyzer-proc> [warning] sasp: 00000030: TRACE: failed to get message: [java.lang./^Throwable$\|^Exception$/.printStackTrace(...)] in FILE<NOT @reference> % 31000209.stack_trace();STACK_TRACE=;
#TYPE=CODEMRI;MSG_CODE=1000-7001;MSG_TEXT=CP/SP     <TRACE> CodeMriAnalyzer-proc> [warning] sasp: 00000030: TRACE: undefined message;STACK_TRACE=;
#TYPE=CODEMRI;MSG_CODE=1000-7001;MSG_TEXT=CP/SP     <TRACE> CodeMriAnalyzer-proc> [warning] sasp: 00000030: TRACE: failed to get message: [java.lang./^Throwable$\|^Exception$/.printStackTrace(...)] in FILE<NOT @reference> % 31000209.stack_trace();STACK_TRACE=;
#TYPE=CODEMRI;MSG_CODE=1000-7001;MSG_TEXT=CP/SP     <TRACE> CodeMriAnalyzer-proc> [warning] sasp: 00000030: TRACE: undefined message;STACK_TRACE=;
#TYPE=CODEMRI;MSG_CODE=1000-7001;MSG_TEXT=CP/SP     <TRACE> CodeMriAnalyzer-proc> [warning] sasp: 00000030: TRACE: failed to get message: [java.lang./^Throwable$\|^Exception$/.printStackTrace(...)] in FILE<NOT @reference> % 31000209.stack_trace();STACK_TRACE=;
#TYPE=CODEMRI;MSG_CODE=1000-7001;MSG_TEXT=CP/SP     <TRACE> CodeMriAnalyzer-proc> [warning] sasp: 00000030: TRACE: undefined message;STACK_TRACE=;
#TYPE=CODEMRI;MSG_CODE=1000-7001;MSG_TEXT=CP/SP     <TRACE> CodeMriAnalyzer-proc> [warning] sasp: 00000030: TRACE: failed to get message: [java.lang./^Throwable$\|^Exception$/.printStackTrace(...)] in FILE<NOT @reference> % 31000209.stack_trace();STACK_TRACE=;
#TYPE=CODEMRI;MSG_CODE=1000-7001;MSG_TEXT=CP/SP     <TRACE> CodeMriAnalyzer-proc> [warning] sasp: 00000030: TRACE: undefined message;STACK_TRACE=;
#TYPE=CODEMRI;MSG_CODE=1000-7001;MSG_TEXT=CP/SP     <TRACE> CodeMriAnalyzer-proc> [warning] sasp: 00000030: TRACE: failed to get message: [$1<LIT {{^\(^\(.*\)$\)$}}, NOT LIT "", OR[STRING, ARRAY]>] % 31000259.source_constant($1);STACK_TRACE=;
#TYPE=CODEMRI;MSG_CODE=1000-7001;MSG_TEXT=CP/SP     <TRACE> CodeMriAnalyzer-proc> [warning] sasp: 00000030: TRACE: undefined message;STACK_TRACE=;
#TYPE=CODEMRI;MSG_CODE=1000-7001;MSG_TEXT=CP/SP     <TRACE> CodeMriAnalyzer-proc> [warning] sasp: 00000030: TRACE: failed to get message: [java.sql.DriverManager.getConnection($$, $$, $1)] in FILE<NOT @reference> % 31000259.sink_constant($1);STACK_TRACE=;
#TYPE=CODEMRI;MSG_CODE=1000-7001;MSG_TEXT=CP/SP     <TRACE> CodeMriAnalyzer-proc> [warning] sasp: 00000030: TRACE: undefined message;STACK_TRACE=;
#TYPE=CODEMRI;MSG_CODE=1000-7001;MSG_TEXT=CP/SP     <TRACE> CodeMriAnalyzer-proc> [warning] sasp: 00000031: TRACE: failed to get message: [java.lang./^Throwable$\|^Exception$/.printStackTrace(...)] in FILE<NOT @reference> % 31000209.stack_trace();STACK_TRACE=;
#TYPE=CODEMRI;MSG_CODE=1000-7001;MSG_TEXT=CP/SP     <TRACE> CodeMriAnalyzer-proc> [warning] sasp: 00000031: TRACE: undefined message;STACK_TRACE=;
#TYPE=CODEMRI;MSG_CODE=1000-7001;MSG_TEXT=CP/SP     <TRACE> CodeMriAnalyzer-proc> [warning] sasp: 00000031: TRACE: failed to get message: [java.lang./^Throwable$\|^Exception$/.printStackTrace(...)] in FILE<NOT @reference> % 31000209.stack_trace();STACK_TRACE=;
#TYPE=CODEMRI;MSG_CODE=1000-7001;MSG_TEXT=CP/SP     <TRACE> CodeMriAnalyzer-proc> [warning] sasp: 00000031: TRACE: undefined message;STACK_TRACE=;
#TYPE=CODEMRI;MSG_CODE=1000-7001;MSG_TEXT=CP/SP     <TRACE> CodeMriAnalyzer-proc> [warning] sasp: 00000031: TRACE: failed to get message: [java.lang./^Throwable$\|^Exception$/.printStackTrace(...)] in FILE<NOT @reference> % 31000209.stack_trace();STACK_TRACE=;
#TYPE=CODEMRI;MSG_CODE=1000-7001;MSG_TEXT=CP/SP     <TRACE> CodeMriAnalyzer-proc> [warning] sasp: 00000031: TRACE: undefined message;STACK_TRACE=;
#TYPE=CODEMRI;MSG_CODE=1000-7001;MSG_TEXT=CP/SP     <TRACE> CodeMriAnalyzer-proc> [warning] sasp: 00000031: TRACE: failed to get message: [java.lang./^Throwable$\|^Exception$/.printStackTrace(...)] in FILE<NOT @reference> % 31000209.stack_trace();STACK_TRACE=;
#TYPE=CODEMRI;MSG_CODE=1000-7001;MSG_TEXT=CP/SP     <TRACE> CodeMriAnalyzer-proc> [warning] sasp: 00000031: TRACE: undefined message;STACK_TRACE=;
#TYPE=CODEMRI;MSG_CODE=1000-7001;MSG_TEXT=CP/SP     <TRACE> CodeMriAnalyzer-proc> [warning] sasp: 00000031: TRACE: failed to get message: [$1<LIT {{^\(^\(.*\)$\)$}}, NOT LIT "", OR[STRING, ARRAY]>] % 31000259.source_constant($1);STACK_TRACE=;
#TYPE=CODEMRI;MSG_CODE=1000-7001;MSG_TEXT=CP/SP     <TRACE> CodeMriAnalyzer-proc> [warning] sasp: 00000031: TRACE: undefined message;STACK_TRACE=;
#TYPE=CODEMRI;MSG_CODE=1000-7001;MSG_TEXT=CP/SP     <TRACE> CodeMriAnalyzer-proc> [warning] sasp: 00000031: TRACE: failed to get message: [java.sql.DriverManager.getConnection($$, $$, $1)] in FILE<NOT @reference> % 31000259.sink_constant($1);STACK_TRACE=;
#TYPE=CODEMRI;MSG_CODE=1000-7001;MSG_TEXT=CP/SP     <TRACE> CodeMriAnalyzer-proc> [warning] sasp: 00000031: TRACE: undefined message;STACK_TRACE=;
#TYPE=CODEMRI;MSG_CODE=1000-7001;MSG_TEXT=CP/SP     <TRACE> CodeMriAnalyzer-proc> [warning] sasp: 00000032: TRACE: failed to get message: [java.lang./^Throwable$\|^Exception$/.printStackTrace(...)] in FILE<NOT @reference> % 31000209.stack_trace();STACK_TRACE=;
#TYPE=CODEMRI;MSG_CODE=1000-7001;MSG_TEXT=CP/SP     <TRACE> CodeMriAnalyzer-proc> [warning] sasp: 00000032: TRACE: undefined message;STACK_TRACE=;
#TYPE=CODEMRI;MSG_CODE=1000-7001;MSG_TEXT=CP/SP     <TRACE> CodeMriAnalyzer-proc> [warning] sasp: 00000032: TRACE: failed to get message: [java.lang./^Throwable$\|^Exception$/.printStackTrace(...)] in FILE<NOT @reference> % 31000209.stack_trace();STACK_TRACE=;
#TYPE=CODEMRI;MSG_CODE=1000-7001;MSG_TEXT=CP/SP     <TRACE> CodeMriAnalyzer-proc> [warning] sasp: 00000032: TRACE: undefined message;STACK_TRACE=;
#TYPE=CODEMRI;MSG_CODE=1000-7001;MSG_TEXT=CP/SP     <TRACE> CodeMriAnalyzer-proc> [warning] sasp: 00000032: TRACE: failed to get message: [java.lang./^Throwable$\|^Exception$/.printStackTrace(...)] in FILE<NOT @reference> % 31000209.stack_trace();STACK_TRACE=;
#TYPE=CODEMRI;MSG_CODE=1000-7001;MSG_TEXT=CP/SP     <TRACE> CodeMriAnalyzer-proc> [warning] sasp: 00000032: TRACE: undefined message;STACK_TRACE=;
#TYPE=CODEMRI;MSG_CODE=1000-7001;MSG_TEXT=CP/SP     <TRACE> CodeMriAnalyzer-proc> [warning] sasp: 00000032: TRACE: failed to get message: [java.lang./^Throwable$\|^Exception$/.printStackTrace(...)] in FILE<NOT @reference> % 31000209.stack_trace();STACK_TRACE=;
#TYPE=CODEMRI;MSG_CODE=1000-7001;MSG_TEXT=CP/SP     <TRACE> CodeMriAnalyzer-proc> [warning] sasp: 00000032: TRACE: undefined message;STACK_TRACE=;
#TYPE=CODEMRI;MSG_CODE=1000-7001;MSG_TEXT=CP/SP     <TRACE> CodeMriAnalyzer-proc> [warning] sasp: 00000032: TRACE: failed to get message: [$1<LIT {{^\(^\(.*\)$\)$}}, NOT LIT "", OR[STRING, ARRAY]>] % 31000259.source_constant($1);STACK_TRACE=;
#TYPE=CODEMRI;MSG_CODE=1000-7001;MSG_TEXT=CP/SP     <TRACE> CodeMriAnalyzer-proc> [warning] sasp: 00000032: TRACE: undefined message;STACK_TRACE=;
#TYPE=CODEMRI;MSG_CODE=1000-7001;MSG_TEXT=CP/SP     <TRACE> CodeMriAnalyzer-proc> [warning] sasp: 00000032: TRACE: failed to get message: [java.sql.DriverManager.getConnection($$, $$, $1)] in FILE<NOT @reference> % 31000259.sink_constant($1);STACK_TRACE=;
#TYPE=CODEMRI;MSG_CODE=1000-7001;MSG_TEXT=CP/SP     <TRACE> CodeMriAnalyzer-proc> [warning] sasp: 00000032: TRACE: undefined message;STACK_TRACE=;
#TYPE=CODEMRI;MSG_CODE=1000-7001;MSG_TEXT=CP/SP     <TRACE> CodeMriAnalyzer-proc> [warning] sasp: 00000033: TRACE: failed to get message: [java.lang./^Throwable$\|^Exception$/.printStackTrace(...)] in FILE<NOT @reference> % 31000209.stack_trace();STACK_TRACE=;
#TYPE=CODEMRI;MSG_CODE=1000-7001;MSG_TEXT=CP/SP     <TRACE> CodeMriAnalyzer-proc> [warning] sasp: 00000033: TRACE: undefined message;STACK_TRACE=;
#TYPE=CODEMRI;MSG_CODE=1000-7001;MSG_TEXT=CP/SP     <TRACE> CodeMriAnalyzer-proc> [warning] sasp: 00000033: TRACE: failed to get message: [java.lang./^Throwable$\|^Exception$/.printStackTrace(...)] in FILE<NOT @reference> % 31000209.stack_trace();STACK_TRACE=;
#TYPE=CODEMRI;MSG_CODE=1000-7001;MSG_TEXT=CP/SP     <TRACE> CodeMriAnalyzer-proc> [warning] sasp: 00000033: TRACE: undefined message;STACK_TRACE=;
#TYPE=CODEMRI;MSG_CODE=1000-7001;MSG_TEXT=CP/SP     <TRACE> CodeMriAnalyzer-proc> [warning] sasp: 00000033: TRACE: failed to get message: [java.lang./^Throwable$\|^Exception$/.printStackTrace(...)] in FILE<NOT @reference> % 31000209.stack_trace();STACK_TRACE=;
#TYPE=CODEMRI;MSG_CODE=1000-7001;MSG_TEXT=CP/SP     <TRACE> CodeMriAnalyzer-proc> [warning] sasp: 00000033: TRACE: undefined message;STACK_TRACE=;
#TYPE=CODEMRI;MSG_CODE=1000-7001;MSG_TEXT=CP/SP     <TRACE> CodeMriAnalyzer-proc> [warning] sasp: 00000033: TRACE: failed to get message: [java.lang./^Throwable$\|^Exception$/.printStackTrace(...)] in FILE<NOT @reference> % 31000209.stack_trace();STACK_TRACE=;
#TYPE=CODEMRI;MSG_CODE=1000-7001;MSG_TEXT=CP/SP     <TRACE> CodeMriAnalyzer-proc> [warning] sasp: 00000033: TRACE: undefined message;STACK_TRACE=;
#TYPE=CODEMRI;MSG_CODE=1000-7001;MSG_TEXT=CP/SP     <TRACE> CodeMriAnalyzer-proc> [warning] sasp: 00000033: TRACE: failed to get message: [$1<LIT {{^\(^\(.*\)$\)$}}, NOT LIT "", OR[STRING, ARRAY]>] % 31000259.source_constant($1);STACK_TRACE=;
#TYPE=CODEMRI;MSG_CODE=1000-7001;MSG_TEXT=CP/SP     <TRACE> CodeMriAnalyzer-proc> [warning] sasp: 00000033: TRACE: undefined message;STACK_TRACE=;
#TYPE=CODEMRI;MSG_CODE=1000-7001;MSG_TEXT=CP/SP     <TRACE> CodeMriAnalyzer-proc> [warning] sasp: 00000033: TRACE: failed to get message: [java.sql.DriverManager.getConnection($$, $$, $1)] in FILE<NOT @reference> % 31000259.sink_constant($1);STACK_TRACE=;
#TYPE=CODEMRI;MSG_CODE=1000-7001;MSG_TEXT=CP/SP     <TRACE> CodeMriAnalyzer-proc> [warning] sasp: 00000033: TRACE: undefined message;STACK_TRACE=;
#TYPE=CODEMRI;MSG_CODE=1000-7001;MSG_TEXT=CP/SP     <TRACE> CodeMriAnalyzer-proc> [warning] sasp: 00000034: TRACE: failed to get message: [java.lang./^Throwable$\|^Exception$/.printStackTrace(...)] in FILE<NOT @reference> % 31000209.stack_trace();STACK_TRACE=;
#TYPE=CODEMRI;MSG_CODE=1000-7001;MSG_TEXT=CP/SP     <TRACE> CodeMriAnalyzer-proc> [warning] sasp: 00000034: TRACE: undefined message;STACK_TRACE=;
#TYPE=CODEMRI;MSG_CODE=1000-7001;MSG_TEXT=CP/SP     <TRACE> CodeMriAnalyzer-proc> [warning] sasp: 00000034: TRACE: failed to get message: [java.lang./^Throwable$\|^Exception$/.printStackTrace(...)] in FILE<NOT @reference> % 31000209.stack_trace();STACK_TRACE=;
#TYPE=CODEMRI;MSG_CODE=1000-7001;MSG_TEXT=CP/SP     <TRACE> CodeMriAnalyzer-proc> [warning] sasp: 00000034: TRACE: undefined message;STACK_TRACE=;
#TYPE=CODEMRI;MSG_CODE=1000-7001;MSG_TEXT=CP/SP     <TRACE> CodeMriAnalyzer-proc> [warning] sasp: 00000034: TRACE: failed to get message: [java.lang./^Throwable$\|^Exception$/.printStackTrace(...)] in FILE<NOT @reference> % 31000209.stack_trace();STACK_TRACE=;
#TYPE=CODEMRI;MSG_CODE=1000-7001;MSG_TEXT=CP/SP     <TRACE> CodeMriAnalyzer-proc> [warning] sasp: 00000034: TRACE: undefined message;STACK_TRACE=;
#TYPE=CODEMRI;MSG_CODE=1000-7001;MSG_TEXT=CP/SP     <TRACE> CodeMriAnalyzer-proc> [warning] sasp: 00000034: TRACE: failed to get message: [java.lang./^Throwable$\|^Exception$/.printStackTrace(...)] in FILE<NOT @reference> % 31000209.stack_trace();STACK_TRACE=;
#TYPE=CODEMRI;MSG_CODE=1000-7001;MSG_TEXT=CP/SP     <TRACE> CodeMriAnalyzer-proc> [warning] sasp: 00000034: TRACE: undefined message;STACK_TRACE=;
#TYPE=CODEMRI;MSG_CODE=1000-7001;MSG_TEXT=CP/SP     <TRACE> CodeMriAnalyzer-proc> [warning] sasp: 00000034: TRACE: failed to get message: [$1<LIT {{^\(^\(.*\)$\)$}}, NOT LIT "", OR[STRING, ARRAY]>] % 31000259.source_constant($1);STACK_TRACE=;
#TYPE=CODEMRI;MSG_CODE=1000-7001;MSG_TEXT=CP/SP     <TRACE> CodeMriAnalyzer-proc> [warning] sasp: 00000034: TRACE: undefined message;STACK_TRACE=;
#TYPE=CODEMRI;MSG_CODE=1000-7001;MSG_TEXT=CP/SP     <TRACE> CodeMriAnalyzer-proc> [warning] sasp: 00000034: TRACE: failed to get message: [java.sql.DriverManager.getConnection($$, $$, $1)] in FILE<NOT @reference> % 31000259.sink_constant($1);STACK_TRACE=;
#TYPE=CODEMRI;MSG_CODE=1000-7001;MSG_TEXT=CP/SP     <TRACE> CodeMriAnalyzer-proc> [warning] sasp: 00000034: TRACE: undefined message;STACK_TRACE=;
#TYPE=CODEMRI;MSG_CODE=1000-7001;MSG_TEXT=CP/SP     <TRACE> CodeMriAnalyzer-proc> [warning] sasp: 00000035: TRACE: failed to get message: [java.lang./^Throwable$\|^Exception$/.printStackTrace(...)] in FILE<NOT @reference> % 31000209.stack_trace();STACK_TRACE=;
#TYPE=CODEMRI;MSG_CODE=1000-7001;MSG_TEXT=CP/SP     <TRACE> CodeMriAnalyzer-proc> [warning] sasp: 00000035: TRACE: undefined message;STACK_TRACE=;
#TYPE=CODEMRI;MSG_CODE=1000-7001;MSG_TEXT=CP/SP     <TRACE> CodeMriAnalyzer-proc> [warning] sasp: 00000035: TRACE: failed to get message: [java.lang./^Throwable$\|^Exception$/.printStackTrace(...)] in FILE<NOT @reference> % 31000209.stack_trace();STACK_TRACE=;
#TYPE=CODEMRI;MSG_CODE=1000-7001;MSG_TEXT=CP/SP     <TRACE> CodeMriAnalyzer-proc> [warning] sasp: 00000035: TRACE: undefined message;STACK_TRACE=;
#TYPE=CODEMRI;MSG_CODE=1000-7001;MSG_TEXT=CP/SP     <TRACE> CodeMriAnalyzer-proc> [warning] sasp: 00000035: TRACE: failed to get message: [java.lang./^Throwable$\|^Exception$/.printStackTrace(...)] in FILE<NOT @reference> % 31000209.stack_trace();STACK_TRACE=;
#TYPE=CODEMRI;MSG_CODE=1000-7001;MSG_TEXT=CP/SP     <TRACE> CodeMriAnalyzer-proc> [warning] sasp: 00000035: TRACE: undefined message;STACK_TRACE=;
#TYPE=CODEMRI;MSG_CODE=1000-7001;MSG_TEXT=CP/SP     <TRACE> CodeMriAnalyzer-proc> [warning] sasp: 00000035: TRACE: failed to get message: [java.lang./^Throwable$\|^Exception$/.printStackTrace(...)] in FILE<NOT @reference> % 31000209.stack_trace();STACK_TRACE=;
#TYPE=CODEMRI;MSG_CODE=1000-7001;MSG_TEXT=CP/SP     <TRACE> CodeMriAnalyzer-proc> [warning] sasp: 00000035: TRACE: undefined message;STACK_TRACE=;
#TYPE=CODEMRI;MSG_CODE=1000-7001;MSG_TEXT=CP/SP     <TRACE> CodeMriAnalyzer-proc> [warning] sasp: 00000035: TRACE: failed to get message: [$1<LIT {{^\(^\(.*\)$\)$}}, NOT LIT "", OR[STRING, ARRAY]>] % 31000259.source_constant($1);STACK_TRACE=;
#TYPE=CODEMRI;MSG_CODE=1000-7001;MSG_TEXT=CP/SP     <TRACE> CodeMriAnalyzer-proc> [warning] sasp: 00000035: TRACE: undefined message;STACK_TRACE=;
#TYPE=CODEMRI;MSG_CODE=1000-7001;MSG_TEXT=CP/SP     <TRACE> CodeMriAnalyzer-proc> [warning] sasp: 00000035: TRACE: failed to get message: [java.sql.DriverManager.getConnection($$, $$, $1)] in FILE<NOT @reference> % 31000259.sink_constant($1);STACK_TRACE=;
#TYPE=CODEMRI;MSG_CODE=1000-7001;MSG_TEXT=CP/SP     <TRACE> CodeMriAnalyzer-proc> [warning] sasp: 00000035: TRACE: undefined message;STACK_TRACE=;
#TYPE=CODEMRI;MSG_CODE=1000-7001;MSG_TEXT=CP/SP     <TRACE> CodeMriAnalyzer-proc> [warning] sasp: 00000036: TRACE: failed to get message: [java.lang./^Throwable$\|^Exception$/.printStackTrace(...)] in FILE<NOT @reference> % 31000209.stack_trace();STACK_TRACE=;
#TYPE=CODEMRI;MSG_CODE=1000-7001;MSG_TEXT=CP/SP     <TRACE> CodeMriAnalyzer-proc> [warning] sasp: 00000036: TRACE: undefined message;STACK_TRACE=;
#TYPE=CODEMRI;MSG_CODE=1000-7001;MSG_TEXT=CP/SP     <TRACE> CodeMriAnalyzer-proc> [warning] sasp: 00000036: TRACE: failed to get message: [java.lang./^Throwable$\|^Exception$/.printStackTrace(...)] in FILE<NOT @reference> % 31000209.stack_trace();STACK_TRACE=;
#TYPE=CODEMRI;MSG_CODE=1000-7001;MSG_TEXT=CP/SP     <TRACE> CodeMriAnalyzer-proc> [warning] sasp: 00000036: TRACE: undefined message;STACK_TRACE=;
#TYPE=CODEMRI;MSG_CODE=1000-7001;MSG_TEXT=CP/SP     <TRACE> CodeMriAnalyzer-proc> [warning] sasp: 00000036: TRACE: failed to get message: [java.lang./^Throwable$\|^Exception$/.printStackTrace(...)] in FILE<NOT @reference> % 31000209.stack_trace();STACK_TRACE=;
#TYPE=CODEMRI;MSG_CODE=1000-7001;MSG_TEXT=CP/SP     <TRACE> CodeMriAnalyzer-proc> [warning] sasp: 00000036: TRACE: undefined message;STACK_TRACE=;
#TYPE=CODEMRI;MSG_CODE=1000-7001;MSG_TEXT=CP/SP     <TRACE> CodeMriAnalyzer-proc> [warning] sasp: 00000036: TRACE: failed to get message: [java.lang./^Throwable$\|^Exception$/.printStackTrace(...)] in FILE<NOT @reference> % 31000209.stack_trace();STACK_TRACE=;
#TYPE=CODEMRI;MSG_CODE=1000-7001;MSG_TEXT=CP/SP     <TRACE> CodeMriAnalyzer-proc> [warning] sasp: 00000036: TRACE: undefined message;STACK_TRACE=;
#TYPE=CODEMRI;MSG_CODE=1000-7001;MSG_TEXT=CP/SP     <TRACE> CodeMriAnalyzer-proc> [warning] sasp: 00000036: TRACE: failed to get message: [$1<LIT {{^\(^\(.*\)$\)$}}, NOT LIT "", OR[STRING, ARRAY]>] % 31000259.source_constant($1);STACK_TRACE=;
#TYPE=CODEMRI;MSG_CODE=1000-7001;MSG_TEXT=CP/SP     <TRACE> CodeMriAnalyzer-proc> [warning] sasp: 00000036: TRACE: undefined message;STACK_TRACE=;
#TYPE=CODEMRI;MSG_CODE=1000-7001;MSG_TEXT=CP/SP     <TRACE> CodeMriAnalyzer-proc> [warning] sasp: 00000036: TRACE: failed to get message: [java.sql.DriverManager.getConnection($$, $$, $1)] in FILE<NOT @reference> % 31000259.sink_constant($1);STACK_TRACE=;
#TYPE=CODEMRI;MSG_CODE=1000-7001;MSG_TEXT=CP/SP     <TRACE> CodeMriAnalyzer-proc> [warning] sasp: 00000036: TRACE: undefined message;STACK_TRACE=;
#TYPE=CODEMRI;MSG_CODE=1000-7001;MSG_TEXT=CP/SP     <TRACE> CodeMriAnalyzer-proc> [warning] sasp: 00000037: TRACE: failed to get message: [java.lang./^Throwable$\|^Exception$/.printStackTrace(...)] in FILE<NOT @reference> % 31000209.stack_trace();STACK_TRACE=;
#TYPE=CODEMRI;MSG_CODE=1000-7001;MSG_TEXT=CP/SP     <TRACE> CodeMriAnalyzer-proc> [warning] sasp: 00000037: TRACE: undefined message;STACK_TRACE=;
#TYPE=CODEMRI;MSG_CODE=1000-7001;MSG_TEXT=CP/SP     <TRACE> CodeMriAnalyzer-proc> [warning] sasp: 00000037: TRACE: failed to get message: [java.lang./^Throwable$\|^Exception$/.printStackTrace(...)] in FILE<NOT @reference> % 31000209.stack_trace();STACK_TRACE=;
#TYPE=CODEMRI;MSG_CODE=1000-7001;MSG_TEXT=CP/SP     <TRACE> CodeMriAnalyzer-proc> [warning] sasp: 00000037: TRACE: undefined message;STACK_TRACE=;
#TYPE=CODEMRI;MSG_CODE=1000-7001;MSG_TEXT=CP/SP     <TRACE> CodeMriAnalyzer-proc> [warning] sasp: 00000037: TRACE: failed to get message: [java.lang./^Throwable$\|^Exception$/.printStackTrace(...)] in FILE<NOT @reference> % 31000209.stack_trace();STACK_TRACE=;
#TYPE=CODEMRI;MSG_CODE=1000-7001;MSG_TEXT=CP/SP     <TRACE> CodeMriAnalyzer-proc> [warning] sasp: 00000037: TRACE: undefined message;STACK_TRACE=;
#TYPE=CODEMRI;MSG_CODE=1000-7001;MSG_TEXT=CP/SP     <TRACE> CodeMriAnalyzer-proc> [warning] sasp: 00000037: TRACE: failed to get message: [java.lang./^Throwable$\|^Exception$/.printStackTrace(...)] in FILE<NOT @reference> % 31000209.stack_trace();STACK_TRACE=;
#TYPE=CODEMRI;MSG_CODE=1000-7001;MSG_TEXT=CP/SP     <TRACE> CodeMriAnalyzer-proc> [warning] sasp: 00000037: TRACE: undefined message;STACK_TRACE=;
#TYPE=CODEMRI;MSG_CODE=1000-7001;MSG_TEXT=CP/SP     <TRACE> CodeMriAnalyzer-proc> [warning] sasp: 00000037: TRACE: failed to get message: [$1<LIT {{^\(^\(.*\)$\)$}}, NOT LIT "", OR[STRING, ARRAY]>] % 31000259.source_constant($1);STACK_TRACE=;
#TYPE=CODEMRI;MSG_CODE=1000-7001;MSG_TEXT=CP/SP     <TRACE> CodeMriAnalyzer-proc> [warning] sasp: 00000037: TRACE: undefined message;STACK_TRACE=;
#TYPE=CODEMRI;MSG_CODE=1000-7001;MSG_TEXT=CP/SP     <TRACE> CodeMriAnalyzer-proc> [warning] sasp: 00000037: TRACE: failed to get message: [java.sql.DriverManager.getConnection($$, $$, $1)] in FILE<NOT @reference> % 31000259.sink_constant($1);STACK_TRACE=;
#TYPE=CODEMRI;MSG_CODE=1000-7001;MSG_TEXT=CP/SP     <TRACE> CodeMriAnalyzer-proc> [warning] sasp: 00000037: TRACE: undefined message;STACK_TRACE=;
#TYPE=CODEMRI;MSG_CODE=1000-7001;MSG_TEXT=CP/SP     <TRACE> CodeMriAnalyzer-proc> [warning] sasp: 00000038: TRACE: failed to get message: [java.io.BufferedReader.readLine():$1<NOT PRIMITIVE>] % 31000022.source_path($1);STACK_TRACE=;
#TYPE=CODEMRI;MSG_CODE=1000-7001;MSG_TEXT=CP/SP     <TRACE> CodeMriAnalyzer-proc> [warning] sasp: 00000038: TRACE: undefined message;STACK_TRACE=;
#TYPE=CODEMRI;MSG_CODE=1000-7001;MSG_TEXT=CP/SP     <TRACE> CodeMriAnalyzer-proc> [warning] sasp: 00000038: TRACE: failed to get message: [java.io./^FileWriter$\|^FileReader$\|^FileOutputStream$\|^FileInputStream$/.#init($1<NONCONSTANT, STRING>)] in FILE<NOT @reference> %;STACK_TRACE=;
#TYPE=CODEMRI;MSG_CODE=1000-7001;MSG_TEXT=CP/SP     <TRACE> CodeMriAnalyzer-proc> [warning] sasp: 00000038: TRACE: undefined message;STACK_TRACE=;
