2020-08-13T18:50:43 [e00:00.00 r-------- l?] [T191   0%] [1:IDLE]
2020-08-13T18:50:43 [e00:00.05 r-------- l?] [T191   0%] [1:WORK 00000001:0.00]
2020-08-13T18:50:44 [e00:00.41 r01:18.24 l00000001] [T191 S1   0%] [1:SUCC 00000001:0.37]
2020-08-13T18:50:44 [e00:00.42 r01:20.32 l00000001] [T191 S1   0%] [1:WORK 00000002:0.00]
2020-08-13T18:50:44 [e00:00.49 r00:46.18 l00000001] [T191 S2   1%] [1:SUCC 00000002:0.07]
2020-08-13T18:50:44 [e00:00.49 r00:46.47 l00000001] [T191 S2   1%] [1:WORK 00000003:0.00]
2020-08-13T18:50:44 [e00:00.54 r00:34.01 l00000001] [T191 S3   1%] [1:SUCC 00000003:0.05]
2020-08-13T18:50:44 [e00:00.54 r00:34.07 l00000001] [T191 S3   1%] [1:WORK 00000004:0.00]
2020-08-13T18:50:44 [e00:00.58 r00:27.15 l00000001] [T191 S4   2%] [1:SUCC 00000004:0.04]
2020-08-13T18:50:44 [e00:00.58 r00:27.33 l00000001] [T191 S4   2%] [1:WORK 00000005:0.00]
2020-08-13T18:50:44 [e00:00.63 r00:23.46 l00000001] [T191 S5   2%] [1:SUCC 00000005:0.05]
2020-08-13T18:50:44 [e00:00.63 r00:23.50 l00000001] [T191 S5   2%] [1:WORK 00000006:0.00]
2020-08-13T18:50:44 [e00:00.66 r00:20.34 l00000001] [T191 S6   3%] [1:SUCC 00000006:0.03]
2020-08-13T18:50:44 [e00:00.66 r00:20.34 l00000001] [T191 S6   3%] [1:WORK 00000007:0.00]
2020-08-13T18:50:44 [e00:00.68 r00:17.97 l00000001] [T191 S7   3%] [1:SUCC 00000007:0.02]
2020-08-13T18:50:44 [e00:00.68 r00:17.97 l00000001] [T191 S7   3%] [1:WORK 00000008:0.00]
2020-08-13T18:50:44 [e00:00.71 r00:16.21 l00000001] [T191 S8   4%] [1:SUCC 00000008:0.02]
2020-08-13T18:50:44 [e00:00.71 r00:16.23 l00000001] [T191 S8   4%] [1:WORK 00000009:0.00]
2020-08-13T18:50:44 [e00:00.73 r00:14.77 l00000001] [T191 S9   4%] [1:SUCC 00000009:0.02]
2020-08-13T18:50:44 [e00:00.73 r00:14.77 l00000001] [T191 S9   4%] [1:WORK 00000010:0.00]
2020-08-13T18:50:44 [e00:00.75 r00:13.60 l00000001] [T191 S10   5%] [1:SUCC 00000010:0.02]
2020-08-13T18:50:44 [e00:00.75 r00:13.62 l00000001] [T191 S10   5%] [1:WORK 00000011:0.00]
2020-08-13T18:50:44 [e00:00.77 r00:12.63 l00000001] [T191 S11   5%] [1:SUCC 00000011:0.02]
2020-08-13T18:50:44 [e00:00.77 r00:12.64 l00000001] [T191 S11   5%] [1:WORK 00000012:0.00]
2020-08-13T18:50:44 [e00:00.79 r00:11.81 l00000001] [T191 S12   6%] [1:SUCC 00000012:0.02]
2020-08-13T18:50:44 [e00:00.79 r00:11.81 l00000001] [T191 S12   6%] [1:WORK 00000013:0.00]
2020-08-13T18:50:44 [e00:00.81 r00:11.10 l00000001] [T191 S13   6%] [1:SUCC 00000013:0.02]
2020-08-13T18:50:44 [e00:00.81 r00:11.11 l00000001] [T191 S13   6%] [1:WORK 00000014:0.00]
2020-08-13T18:50:44 [e00:00.83 r00:10.54 l00000001] [T191 S14   7%] [1:SUCC 00000014:0.02]
2020-08-13T18:50:44 [e00:00.83 r00:10.54 l00000001] [T191 S14   7%] [1:WORK 00000015:0.00]
2020-08-13T18:50:44 [e00:00.86 r00:10.06 l00000001] [T191 S15   7%] [1:SUCC 00000015:0.02]
2020-08-13T18:50:44 [e00:00.86 r00:10.07 l00000001] [T191 S15   7%] [1:WORK 00000016:0.00]
2020-08-13T18:50:44 [e00:00.89 r00:09.71 l00000001] [T191 S16   8%] [1:SUCC 00000016:0.03]
2020-08-13T18:50:44 [e00:00.89 r00:09.72 l00000001] [T191 S16   8%] [1:WORK 00000017:0.00]
2020-08-13T18:50:44 [e00:00.92 r00:09.38 l00000001] [T191 S17   8%] [1:SUCC 00000017:0.03]
2020-08-13T18:50:44 [e00:00.92 r00:09.38 l00000001] [T191 S17   8%] [1:WORK 00000018:0.00]
2020-08-13T18:50:44 [e00:00.94 r00:09.03 l00000001] [T191 S18   9%] [1:SUCC 00000018:0.02]
2020-08-13T18:50:44 [e00:00.94 r00:09.03 l00000001] [T191 S18   9%] [1:WORK 00000019:0.00]
2020-08-13T18:50:44 [e00:00.96 r00:08.71 l00000001] [T191 S19   9%] [1:SUCC 00000019:0.02]
2020-08-13T18:50:44 [e00:00.96 r00:08.71 l00000001] [T191 S19   9%] [1:WORK 00000020:0.00]
2020-08-13T18:50:44 [e00:00.99 r00:08.43 l00000001] [T191 S20  10%] [1:SUCC 00000020:0.02]
2020-08-13T18:50:44 [e00:00.99 r00:08.43 l00000001] [T191 S20  10%] [1:WORK 00000021:0.00]
2020-08-13T18:50:44 [e00:01.01 r00:08.17 l00000001] [T191 S21  10%] [1:SUCC 00000021:0.02]
2020-08-13T18:50:44 [e00:01.01 r00:08.17 l00000001] [T191 S21  10%] [1:WORK 00000022:0.00]
2020-08-13T18:50:44 [e00:01.03 r00:07.92 l00000001] [T191 S22  11%] [1:SUCC 00000022:0.02]
2020-08-13T18:50:44 [e00:01.03 r00:07.92 l00000001] [T191 S22  11%] [1:WORK 00000023:0.00]
2020-08-13T18:50:44 [e00:01.05 r00:07.67 l00000001] [T191 S23  12%] [1:SUCC 00000023:0.02]
2020-08-13T18:50:44 [e00:01.05 r00:07.68 l00000001] [T191 S23  12%] [1:WORK 00000024:0.00]
2020-08-13T18:50:44 [e00:01.07 r00:07.48 l00000001] [T191 S24  12%] [1:SUCC 00000024:0.02]
2020-08-13T18:50:44 [e00:01.07 r00:07.48 l00000001] [T191 S24  12%] [1:WORK 00000025:0.00]
2020-08-13T18:50:44 [e00:01.10 r00:07.28 l00000001] [T191 S25  13%] [1:SUCC 00000025:0.02]
2020-08-13T18:50:44 [e00:01.10 r00:07.28 l00000001] [T191 S25  13%] [1:WORK 00000026:0.00]
2020-08-13T18:50:44 [e00:01.12 r00:07.11 l00000001] [T191 S26  13%] [1:SUCC 00000026:0.02]
2020-08-13T18:50:44 [e00:01.12 r00:07.11 l00000001] [T191 S26  13%] [1:WORK 00000027:0.00]
2020-08-13T18:50:44 [e00:01.14 r00:06.90 l00000001] [T191 S27  14%] [1:SUCC 00000027:0.02]
2020-08-13T18:50:44 [e00:01.14 r00:06.90 l00000001] [T191 S27  14%] [1:WORK 00000028:0.00]
2020-08-13T18:50:44 [e00:01.17 r00:06.79 l00000001] [T191 S28  14%] [1:SUCC 00000028:0.03]
2020-08-13T18:50:44 [e00:01.17 r00:06.79 l00000001] [T191 S28  14%] [1:WORK 00000029:0.00]
2020-08-13T18:50:44 [e00:01.18 r00:06.61 l00000001] [T191 S29  15%] [1:SUCC 00000029:0.02]
2020-08-13T18:50:44 [e00:01.18 r00:06.61 l00000001] [T191 S29  15%] [1:WORK 00000030:0.00]
2020-08-13T18:50:44 [e00:01.20 r00:06.43 l00000001] [T191 S30  15%] [1:SUCC 00000030:0.02]
2020-08-13T18:50:44 [e00:01.20 r00:06.43 l00000001] [T191 S30  15%] [1:WORK 00000031:0.00]
2020-08-13T18:50:44 [e00:01.23 r00:06.35 l00000001] [T191 S31  16%] [1:SUCC 00000031:0.03]
2020-08-13T18:50:44 [e00:01.23 r00:06.35 l00000001] [T191 S31  16%] [1:WORK 00000032:0.00]
2020-08-13T18:50:44 [e00:01.26 r00:06.26 l00000001] [T191 S32  16%] [1:SUCC 00000032:0.03]
2020-08-13T18:50:44 [e00:01.26 r00:06.26 l00000001] [T191 S32  16%] [1:WORK 00000033:0.00]
2020-08-13T18:50:44 [e00:01.31 r00:06.26 l00000001] [T191 S33  17%] [1:SUCC 00000033:0.05]
2020-08-13T18:50:44 [e00:01.31 r00:06.26 l00000001] [T191 S33  17%] [1:WORK 00000034:0.00]
2020-08-13T18:50:44 [e00:01.34 r00:06.18 l00000001] [T191 S34  17%] [1:SUCC 00000034:0.03]
2020-08-13T18:50:44 [e00:01.34 r00:06.18 l00000001] [T191 S34  17%] [1:WORK 00000035:0.00]
2020-08-13T18:50:44 [e00:01.37 r00:06.11 l00000001] [T191 S35  18%] [1:SUCC 00000035:0.03]
2020-08-13T18:50:44 [e00:01.37 r00:06.11 l00000001] [T191 S35  18%] [1:WORK 00000036:0.00]
2020-08-13T18:50:45 [e00:01.40 r00:06.03 l00000001] [T191 S36  18%] [1:SUCC 00000036:0.03]
2020-08-13T18:50:45 [e00:01.40 r00:06.03 l00000001] [T191 S36  18%] [1:WORK 00000037:0.00]
2020-08-13T18:50:45 [e00:01.43 r00:05.96 l00000001] [T191 S37  19%] [1:SUCC 00000037:0.03]
2020-08-13T18:50:45 [e00:01.43 r00:05.96 l00000001] [T191 S37  19%] [1:WORK 00000038:0.00]
2020-08-13T18:50:45 [e00:01.51 r00:06.08 l00000001] [T191 S38  19%] [1:SUCC 00000038:0.08]
2020-08-13T18:50:45 [e00:01.51 r00:06.08 l00000001] [T191 S38  19%] [1:WORK 00000039:0.00]
2020-08-13T18:50:45 [e00:01.54 r00:06.01 l00000001] [T191 S39  20%] [1:SUCC 00000039:0.03]
2020-08-13T18:50:45 [e00:01.54 r00:06.01 l00000001] [T191 S39  20%] [1:WORK 00000040:0.00]
2020-08-13T18:50:45 [e00:01.56 r00:05.88 l00000001] [T191 S40  20%] [1:SUCC 00000040:0.02]
2020-08-13T18:50:45 [e00:01.56 r00:05.88 l00000001] [T191 S40  20%] [1:WORK 00000041:0.00]
2020-08-13T18:50:45 [e00:01.57 r00:05.76 l00000001] [T191 S41  21%] [1:SUCC 00000041:0.02]
2020-08-13T18:50:45 [e00:01.57 r00:05.76 l00000001] [T191 S41  21%] [1:WORK 00000042:0.00]
2020-08-13T18:50:45 [e00:01.59 r00:05.64 l00000001] [T191 S42  21%] [1:SUCC 00000042:0.02]
2020-08-13T18:50:45 [e00:01.59 r00:05.64 l00000001] [T191 S42  21%] [1:WORK 00000043:0.00]
2020-08-13T18:50:45 [e00:01.60 r00:05.52 l00000001] [T191 S43  22%] [1:SUCC 00000043:0.02]
2020-08-13T18:50:45 [e00:01.60 r00:05.52 l00000001] [T191 S43  22%] [1:WORK 00000044:0.00]
2020-08-13T18:50:45 [e00:01.60 r00:05.36 l00000001] [T191 S44  23%] [1:SUCC 00000044:0.00]
2020-08-13T18:50:45 [e00:01.62 r00:05.41 l00000001] [T191 S44  23%] [1:WORK 00000045:0.00]
2020-08-13T18:50:45 [e00:01.62 r00:05.26 l00000001] [T191 S45  23%] [1:SUCC 00000045:0.00]
2020-08-13T18:50:45 [e00:01.62 r00:05.26 l00000001] [T191 S45  23%] [1:WORK 00000046:0.00]
2020-08-13T18:50:45 [e00:01.64 r00:05.16 l00000001] [T191 S46  24%] [1:SUCC 00000046:0.02]
2020-08-13T18:50:45 [e00:01.64 r00:05.16 l00000001] [T191 S46  24%] [1:WORK 00000047:0.00]
2020-08-13T18:50:45 [e00:01.65 r00:05.06 l00000001] [T191 S47  24%] [1:SUCC 00000047:0.02]
2020-08-13T18:50:45 [e00:01.65 r00:05.06 l00000001] [T191 S47  24%] [1:WORK 00000048:0.00]
2020-08-13T18:50:45 [e00:01.67 r00:04.97 l00000001] [T191 S48  25%] [1:SUCC 00000048:0.02]
2020-08-13T18:50:45 [e00:01.67 r00:04.97 l00000001] [T191 S48  25%] [1:WORK 00000049:0.00]
2020-08-13T18:50:45 [e00:01.68 r00:04.88 l00000001] [T191 S49  25%] [1:SUCC 00000049:0.02]
2020-08-13T18:50:45 [e00:01.68 r00:04.88 l00000001] [T191 S49  25%] [1:WORK 00000050:0.00]
2020-08-13T18:50:45 [e00:01.71 r00:04.83 l00000001] [T191 S50  26%] [1:SUCC 00000050:0.03]
2020-08-13T18:50:45 [e00:01.71 r00:04.83 l00000001] [T191 S50  26%] [1:WORK 00000051:0.00]
2020-08-13T18:50:45 [e00:01.73 r00:04.75 l00000001] [T191 S51  26%] [1:SUCC 00000051:0.02]
2020-08-13T18:50:45 [e00:01.73 r00:04.75 l00000001] [T191 S51  26%] [1:WORK 00000052:0.00]
2020-08-13T18:50:45 [e00:01.75 r00:04.66 l00000001] [T191 S52  27%] [1:SUCC 00000052:0.02]
2020-08-13T18:50:45 [e00:01.75 r00:04.66 l00000001] [T191 S52  27%] [1:WORK 00000053:0.00]
2020-08-13T18:50:45 [e00:01.76 r00:04.58 l00000001] [T191 S53  27%] [1:SUCC 00000053:0.02]
2020-08-13T18:50:45 [e00:01.76 r00:04.58 l00000001] [T191 S53  27%] [1:WORK 00000054:0.00]
2020-08-13T18:50:45 [e00:01.78 r00:04.51 l00000001] [T191 S54  28%] [1:SUCC 00000054:0.02]
2020-08-13T18:50:45 [e00:01.78 r00:04.51 l00000001] [T191 S54  28%] [1:WORK 00000055:0.00]
2020-08-13T18:50:45 [e00:01.79 r00:04.43 l00000001] [T191 S55  28%] [1:SUCC 00000055:0.02]
2020-08-13T18:50:45 [e00:01.79 r00:04.43 l00000001] [T191 S55  28%] [1:WORK 00000056:0.00]
2020-08-13T18:50:45 [e00:01.81 r00:04.36 l00000001] [T191 S56  29%] [1:SUCC 00000056:0.02]
2020-08-13T18:50:45 [e00:01.81 r00:04.36 l00000001] [T191 S56  29%] [1:WORK 00000057:0.00]
2020-08-13T18:50:45 [e00:01.82 r00:04.29 l00000001] [T191 S57  29%] [1:SUCC 00000057:0.02]
2020-08-13T18:50:45 [e00:01.82 r00:04.29 l00000001] [T191 S57  29%] [1:WORK 00000058:0.00]
2020-08-13T18:50:45 [e00:01.84 r00:04.22 l00000001] [T191 S58  30%] [1:SUCC 00000058:0.02]
2020-08-13T18:50:45 [e00:01.84 r00:04.22 l00000001] [T191 S58  30%] [1:WORK 00000059:0.00]
2020-08-13T18:50:45 [e00:01.84 r00:04.11 l00000001] [T191 S59  30%] [1:SUCC 00000059:0.00]
2020-08-13T18:50:45 [e00:01.84 r00:04.11 l00000001] [T191 S59  30%] [1:WORK 00000060:0.00]
2020-08-13T18:50:45 [e00:01.85 r00:04.05 l00000001] [T191 S60  31%] [1:SUCC 00000060:0.02]
2020-08-13T18:50:45 [e00:01.85 r00:04.05 l00000001] [T191 S60  31%] [1:WORK 00000061:0.00]
2020-08-13T18:50:45 [e00:01.87 r00:03.99 l00000001] [T191 S61  31%] [1:SUCC 00000061:0.02]
2020-08-13T18:50:45 [e00:01.87 r00:03.99 l00000001] [T191 S61  31%] [1:WORK 00000062:0.00]
2020-08-13T18:50:45 [e00:01.90 r00:03.96 l00000001] [T191 S62  32%] [1:SUCC 00000062:0.03]
2020-08-13T18:50:45 [e00:01.90 r00:03.96 l00000001] [T191 S62  32%] [1:WORK 00000063:0.00]
2020-08-13T18:50:45 [e00:01.92 r00:03.89 l00000001] [T191 S63  32%] [1:SUCC 00000063:0.02]
2020-08-13T18:50:45 [e00:01.92 r00:03.89 l00000001] [T191 S63  32%] [1:WORK 00000064:0.00]
2020-08-13T18:50:45 [e00:01.93 r00:03.83 l00000001] [T191 S64  33%] [1:SUCC 00000064:0.02]
2020-08-13T18:50:45 [e00:01.93 r00:03.83 l00000001] [T191 S64  33%] [1:WORK 00000065:0.00]
2020-08-13T18:50:45 [e00:01.95 r00:03.78 l00000001] [T191 S65  34%] [1:SUCC 00000065:0.02]
2020-08-13T18:50:45 [e00:01.95 r00:03.78 l00000001] [T191 S65  34%] [1:WORK 00000066:0.00]
2020-08-13T18:50:45 [e00:01.95 r00:03.69 l00000001] [T191 S66  34%] [1:SUCC 00000066:0.00]
2020-08-13T18:50:45 [e00:01.95 r00:03.69 l00000001] [T191 S66  34%] [1:WORK 00000067:0.00]
2020-08-13T18:50:45 [e00:01.96 r00:03.63 l00000001] [T191 S67  35%] [1:SUCC 00000067:0.02]
2020-08-13T18:50:45 [e00:01.96 r00:03.63 l00000001] [T191 S67  35%] [1:WORK 00000068:0.00]
2020-08-13T18:50:45 [e00:01.98 r00:03.58 l00000001] [T191 S68  35%] [1:SUCC 00000068:0.02]
2020-08-13T18:50:45 [e00:01.98 r00:03.58 l00000001] [T191 S68  35%] [1:WORK 00000069:0.00]
2020-08-13T18:50:45 [e00:02.00 r00:03.53 l00000001] [T191 S69  36%] [1:SUCC 00000069:0.02]
2020-08-13T18:50:45 [e00:02.00 r00:03.53 l00000001] [T191 S69  36%] [1:WORK 00000070:0.00]
2020-08-13T18:50:45 [e00:02.01 r00:03.48 l00000001] [T191 S70  36%] [1:SUCC 00000070:0.02]
2020-08-13T18:50:45 [e00:02.01 r00:03.48 l00000001] [T191 S70  36%] [1:WORK 00000071:0.00]
2020-08-13T18:50:45 [e00:02.06 r00:03.48 l00000001] [T191 S71  37%] [1:SUCC 00000071:0.05]
2020-08-13T18:50:45 [e00:02.06 r00:03.48 l00000001] [T191 S71  37%] [1:WORK 00000072:0.00]
2020-08-13T18:50:45 [e00:02.09 r00:03.45 l00000001] [T191 S72  37%] [1:SUCC 00000072:0.03]
2020-08-13T18:50:45 [e00:02.10 r00:03.48 l00000001] [T191 S72  37%] [1:WORK 00000073:0.00]
2020-08-13T18:50:45 [e00:02.28 r00:03.68 l00000001] [T191 S73  38%] [1:SUCC 00000073:0.17]
2020-08-13T18:50:45 [e00:02.28 r00:03.68 l00000001] [T191 S73  38%] [1:WORK 00000074:0.00]
2020-08-13T18:50:45 [e00:02.30 r00:03.64 l00000001] [T191 S74  38%] [1:SUCC 00000074:0.02]
2020-08-13T18:50:45 [e00:02.30 r00:03.64 l00000001] [T191 S74  38%] [1:WORK 00000075:0.00]
2020-08-13T18:50:45 [e00:02.35 r00:03.63 l00000001] [T191 S75  39%] [1:SUCC 00000075:0.04]
2020-08-13T18:50:45 [e00:02.35 r00:03.63 l00000001] [T191 S75  39%] [1:WORK 00000076:0.00]
2020-08-13T18:50:45 [e00:02.38 r00:03.61 l00000001] [T191 S76  39%] [1:SUCC 00000076:0.03]
2020-08-13T18:50:45 [e00:02.38 r00:03.61 l00000001] [T191 S76  39%] [1:WORK 00000077:0.00]
2020-08-13T18:50:46 [e00:02.41 r00:03.56 l00000001] [T191 S77  40%] [1:SUCC 00000077:0.02]
2020-08-13T18:50:46 [e00:02.41 r00:03.56 l00000001] [T191 S77  40%] [1:WORK 00000078:0.00]
2020-08-13T18:50:46 [e00:02.43 r00:03.53 l00000001] [T191 S78  40%] [1:SUCC 00000078:0.03]
2020-08-13T18:50:46 [e00:02.44 r00:03.53 l00000001] [T191 S78  40%] [1:WORK 00000079:0.00]
2020-08-13T18:50:46 [e00:02.45 r00:03.48 l00000001] [T191 S79  41%] [1:SUCC 00000079:0.02]
2020-08-13T18:50:46 [e00:02.45 r00:03.48 l00000001] [T191 S79  41%] [1:WORK 00000080:0.00]
2020-08-13T18:50:46 [e00:02.47 r00:03.43 l00000001] [T191 S80  41%] [1:SUCC 00000080:0.01]
2020-08-13T18:50:46 [e00:02.47 r00:03.43 l00000001] [T191 S80  41%] [1:WORK 00000081:0.00]
2020-08-13T18:50:46 [e00:02.48 r00:03.37 l00000001] [T191 S81  42%] [1:SUCC 00000081:0.02]
2020-08-13T18:50:46 [e00:02.49 r00:03.38 l00000001] [T191 S81  42%] [1:WORK 00000082:0.00]
2020-08-13T18:50:46 [e00:02.50 r00:03.33 l00000001] [T191 S82  42%] [1:SUCC 00000082:0.02]
2020-08-13T18:50:46 [e00:02.50 r00:03.33 l00000001] [T191 S82  42%] [1:WORK 00000083:0.00]
2020-08-13T18:50:46 [e00:02.52 r00:03.28 l00000001] [T191 S83  43%] [1:SUCC 00000083:0.02]
2020-08-13T18:50:46 [e00:02.52 r00:03.28 l00000001] [T191 S83  43%] [1:WORK 00000084:0.00]
2020-08-13T18:50:46 [e00:02.54 r00:03.24 l00000001] [T191 S84  43%] [1:SUCC 00000084:0.03]
2020-08-13T18:50:46 [e00:02.55 r00:03.24 l00000001] [T191 S84  43%] [1:WORK 00000085:0.00]
2020-08-13T18:50:46 [e00:02.56 r00:03.19 l00000001] [T191 S85  44%] [1:SUCC 00000085:0.01]
2020-08-13T18:50:46 [e00:02.56 r00:03.19 l00000001] [T191 S85  44%] [1:WORK 00000086:0.00]
2020-08-13T18:50:46 [e00:02.57 r00:03.14 l00000001] [T191 S86  45%] [1:SUCC 00000086:0.01]
2020-08-13T18:50:46 [e00:02.57 r00:03.14 l00000001] [T191 S86  45%] [1:WORK 00000087:0.00]
2020-08-13T18:50:46 [e00:02.59 r00:03.10 l00000001] [T191 S87  45%] [1:SUCC 00000087:0.01]
2020-08-13T18:50:46 [e00:02.59 r00:03.10 l00000001] [T191 S87  45%] [1:WORK 00000088:0.00]
2020-08-13T18:50:46 [e00:02.61 r00:03.05 l00000001] [T191 S88  46%] [1:SUCC 00000088:0.02]
2020-08-13T18:50:46 [e00:02.61 r00:03.05 l00000001] [T191 S88  46%] [1:WORK 00000089:0.00]
2020-08-13T18:50:46 [e00:02.62 r00:03.01 l00000001] [T191 S89  46%] [1:SUCC 00000089:0.02]
2020-08-13T18:50:46 [e00:02.62 r00:03.01 l00000001] [T191 S89  46%] [1:WORK 00000090:0.00]
2020-08-13T18:50:46 [e00:02.64 r00:02.96 l00000001] [T191 S90  47%] [1:SUCC 00000090:0.01]
2020-08-13T18:50:46 [e00:02.64 r00:02.96 l00000001] [T191 S90  47%] [1:WORK 00000091:0.00]
2020-08-13T18:50:46 [e00:02.65 r00:02.91 l00000001] [T191 S91  47%] [1:SUCC 00000091:0.01]
2020-08-13T18:50:46 [e00:02.65 r00:02.91 l00000001] [T191 S91  47%] [1:WORK 00000092:0.00]
2020-08-13T18:50:46 [e00:02.67 r00:02.87 l00000001] [T191 S92  48%] [1:SUCC 00000092:0.01]
2020-08-13T18:50:46 [e00:02.67 r00:02.87 l00000001] [T191 S92  48%] [1:WORK 00000093:0.00]
2020-08-13T18:50:46 [e00:02.68 r00:02.82 l00000001] [T191 S93  48%] [1:SUCC 00000093:0.01]
2020-08-13T18:50:46 [e00:02.68 r00:02.82 l00000001] [T191 S93  48%] [1:WORK 00000094:0.00]
2020-08-13T18:50:46 [e00:02.70 r00:02.78 l00000001] [T191 S94  49%] [1:SUCC 00000094:0.02]
2020-08-13T18:50:46 [e00:02.70 r00:02.78 l00000001] [T191 S94  49%] [1:WORK 00000095:0.00]
2020-08-13T18:50:46 [e00:02.71 r00:02.74 l00000001] [T191 S95  49%] [1:SUCC 00000095:0.01]
2020-08-13T18:50:46 [e00:02.71 r00:02.74 l00000001] [T191 S95  49%] [1:WORK 00000096:0.00]
2020-08-13T18:50:46 [e00:02.73 r00:02.70 l00000001] [T191 S96  50%] [1:SUCC 00000096:0.02]
2020-08-13T18:50:46 [e00:02.73 r00:02.70 l00000001] [T191 S96  50%] [1:WORK 00000097:0.00]
2020-08-13T18:50:46 [e00:02.75 r00:02.66 l00000001] [T191 S97  50%] [1:SUCC 00000097:0.02]
2020-08-13T18:50:46 [e00:02.75 r00:02.66 l00000001] [T191 S97  50%] [1:WORK 00000098:0.00]
2020-08-13T18:50:46 [e00:02.76 r00:02.62 l00000001] [T191 S98  51%] [1:SUCC 00000098:0.02]
2020-08-13T18:50:46 [e00:02.76 r00:02.62 l00000001] [T191 S98  51%] [1:WORK 00000099:0.00]
2020-08-13T18:50:46 [e00:02.78 r00:02.59 l00000001] [T191 S99  51%] [1:SUCC 00000099:0.02]
2020-08-13T18:50:46 [e00:02.78 r00:02.59 l00000001] [T191 S99  51%] [1:WORK 00000100:0.00]
2020-08-13T18:50:46 [e00:02.80 r00:02.55 l00000001] [T191 S100  52%] [1:SUCC 00000100:0.02]
2020-08-13T18:50:46 [e00:02.80 r00:02.55 l00000001] [T191 S100  52%] [1:WORK 00000101:0.00]
2020-08-13T18:50:46 [e00:02.82 r00:02.51 l00000001] [T191 S101  52%] [1:SUCC 00000101:0.02]
2020-08-13T18:50:46 [e00:02.82 r00:02.51 l00000001] [T191 S101  52%] [1:WORK 00000102:0.00]
2020-08-13T18:50:46 [e00:02.84 r00:02.48 l00000001] [T191 S102  53%] [1:SUCC 00000102:0.02]
2020-08-13T18:50:46 [e00:02.84 r00:02.48 l00000001] [T191 S102  53%] [1:WORK 00000103:0.00]
2020-08-13T18:50:46 [e00:02.86 r00:02.44 l00000001] [T191 S103  53%] [1:SUCC 00000103:0.02]
2020-08-13T18:50:46 [e00:02.86 r00:02.44 l00000001] [T191 S103  53%] [1:WORK 00000104:0.00]
2020-08-13T18:50:46 [e00:02.88 r00:02.41 l00000001] [T191 S104  54%] [1:SUCC 00000104:0.02]
2020-08-13T18:50:46 [e00:02.88 r00:02.41 l00000001] [T191 S104  54%] [1:WORK 00000105:0.00]
2020-08-13T18:50:46 [e00:02.90 r00:02.37 l00000001] [T191 S105  54%] [1:SUCC 00000105:0.02]
2020-08-13T18:50:46 [e00:02.90 r00:02.37 l00000001] [T191 S105  54%] [1:WORK 00000106:0.00]
2020-08-13T18:50:46 [e00:02.91 r00:02.34 l00000001] [T191 S106  55%] [1:SUCC 00000106:0.02]
2020-08-13T18:50:46 [e00:02.91 r00:02.34 l00000001] [T191 S106  55%] [1:WORK 00000107:0.00]
2020-08-13T18:50:46 [e00:02.93 r00:02.30 l00000001] [T191 S107  56%] [1:SUCC 00000107:0.02]
2020-08-13T18:50:46 [e00:02.93 r00:02.30 l00000001] [T191 S107  56%] [1:WORK 00000108:0.00]
2020-08-13T18:50:46 [e00:02.95 r00:02.27 l00000001] [T191 S108  56%] [1:SUCC 00000108:0.02]
2020-08-13T18:50:46 [e00:02.95 r00:02.27 l00000001] [T191 S108  56%] [1:WORK 00000109:0.00]
2020-08-13T18:50:46 [e00:02.97 r00:02.24 l00000001] [T191 S109  57%] [1:SUCC 00000109:0.02]
2020-08-13T18:50:46 [e00:02.97 r00:02.24 l00000001] [T191 S109  57%] [1:WORK 00000110:0.00]
2020-08-13T18:50:46 [e00:02.99 r00:02.20 l00000001] [T191 S110  57%] [1:SUCC 00000110:0.02]
2020-08-13T18:50:46 [e00:02.99 r00:02.20 l00000001] [T191 S110  57%] [1:WORK 00000111:0.00]
2020-08-13T18:50:46 [e00:03.01 r00:02.17 l00000001] [T191 S111  58%] [1:SUCC 00000111:0.02]
2020-08-13T18:50:46 [e00:03.01 r00:02.17 l00000001] [T191 S111  58%] [1:WORK 00000112:0.00]
2020-08-13T18:50:46 [e00:03.03 r00:02.14 l00000001] [T191 S112  58%] [1:SUCC 00000112:0.02]
2020-08-13T18:50:46 [e00:03.03 r00:02.14 l00000001] [T191 S112  58%] [1:WORK 00000113:0.00]
2020-08-13T18:50:46 [e00:03.05 r00:02.11 l00000001] [T191 S113  59%] [1:SUCC 00000113:0.02]
2020-08-13T18:50:46 [e00:03.05 r00:02.11 l00000001] [T191 S113  59%] [1:WORK 00000114:0.00]
2020-08-13T18:50:46 [e00:03.07 r00:02.07 l00000001] [T191 S114  59%] [1:SUCC 00000114:0.01]
2020-08-13T18:50:46 [e00:03.07 r00:02.07 l00000001] [T191 S114  59%] [1:WORK 00000115:0.00]
2020-08-13T18:50:46 [e00:03.09 r00:02.04 l00000001] [T191 S115  60%] [1:SUCC 00000115:0.02]
2020-08-13T18:50:46 [e00:03.09 r00:02.04 l00000001] [T191 S115  60%] [1:WORK 00000116:0.00]
2020-08-13T18:50:46 [e00:03.10 r00:02.00 l00000001] [T191 S116  60%] [1:SUCC 00000116:0.01]
2020-08-13T18:50:46 [e00:03.10 r00:02.00 l00000001] [T191 S116  60%] [1:WORK 00000117:0.00]
2020-08-13T18:50:46 [e00:03.12 r00:01.97 l00000001] [T191 S117  61%] [1:SUCC 00000117:0.02]
2020-08-13T18:50:46 [e00:03.12 r00:01.97 l00000001] [T191 S117  61%] [1:WORK 00000118:0.00]
2020-08-13T18:50:46 [e00:03.13 r00:01.94 l00000001] [T191 S118  61%] [1:SUCC 00000118:0.01]
2020-08-13T18:50:46 [e00:03.13 r00:01.94 l00000001] [T191 S118  61%] [1:WORK 00000119:0.00]
2020-08-13T18:50:46 [e00:03.15 r00:01.90 l00000001] [T191 S119  62%] [1:SUCC 00000119:0.02]
2020-08-13T18:50:46 [e00:03.15 r00:01.90 l00000001] [T191 S119  62%] [1:WORK 00000120:0.00]
2020-08-13T18:50:46 [e00:03.16 r00:01.87 l00000001] [T191 S120  62%] [1:SUCC 00000120:0.02]
2020-08-13T18:50:46 [e00:03.16 r00:01.87 l00000001] [T191 S120  62%] [1:WORK 00000121:0.00]
2020-08-13T18:50:46 [e00:03.18 r00:01.84 l00000001] [T191 S121  63%] [1:SUCC 00000121:0.01]
2020-08-13T18:50:46 [e00:03.18 r00:01.84 l00000001] [T191 S121  63%] [1:WORK 00000122:0.00]
2020-08-13T18:50:46 [e00:03.19 r00:01.81 l00000001] [T191 S122  63%] [1:SUCC 00000122:0.01]
2020-08-13T18:50:46 [e00:03.19 r00:01.81 l00000001] [T191 S122  63%] [1:WORK 00000123:0.00]
2020-08-13T18:50:46 [e00:03.21 r00:01.77 l00000001] [T191 S123  64%] [1:SUCC 00000123:0.02]
2020-08-13T18:50:46 [e00:03.21 r00:01.77 l00000001] [T191 S123  64%] [1:WORK 00000124:0.00]
2020-08-13T18:50:46 [e00:03.22 r00:01.74 l00000001] [T191 S124  64%] [1:SUCC 00000124:0.01]
2020-08-13T18:50:46 [e00:03.22 r00:01.74 l00000001] [T191 S124  64%] [1:WORK 00000125:0.00]
2020-08-13T18:50:46 [e00:03.24 r00:01.71 l00000001] [T191 S125  65%] [1:SUCC 00000125:0.01]
2020-08-13T18:50:46 [e00:03.24 r00:01.71 l00000001] [T191 S125  65%] [1:WORK 00000126:0.00]
2020-08-13T18:50:46 [e00:03.26 r00:01.68 l00000001] [T191 S126  65%] [1:SUCC 00000126:0.02]
2020-08-13T18:50:46 [e00:03.26 r00:01.68 l00000001] [T191 S126  65%] [1:WORK 00000127:0.00]
2020-08-13T18:50:46 [e00:03.27 r00:01.65 l00000001] [T191 S127  66%] [1:SUCC 00000127:0.01]
2020-08-13T18:50:46 [e00:03.27 r00:01.65 l00000001] [T191 S127  66%] [1:WORK 00000128:0.00]
2020-08-13T18:50:46 [e00:03.29 r00:01.62 l00000001] [T191 S128  67%] [1:SUCC 00000128:0.01]
2020-08-13T18:50:46 [e00:03.29 r00:01.62 l00000001] [T191 S128  67%] [1:WORK 00000129:0.00]
2020-08-13T18:50:46 [e00:03.30 r00:01.59 l00000001] [T191 S129  67%] [1:SUCC 00000129:0.01]
2020-08-13T18:50:46 [e00:03.30 r00:01.59 l00000001] [T191 S129  67%] [1:WORK 00000130:0.00]
2020-08-13T18:50:46 [e00:03.31 r00:01.55 l00000001] [T191 S130  68%] [1:SUCC 00000130:0.01]
2020-08-13T18:50:46 [e00:03.31 r00:01.55 l00000001] [T191 S130  68%] [1:WORK 00000131:0.00]
2020-08-13T18:50:46 [e00:03.32 r00:01.52 l00000001] [T191 S131  68%] [1:SUCC 00000131:0.01]
2020-08-13T18:50:46 [e00:03.32 r00:01.52 l00000001] [T191 S131  68%] [1:WORK 00000132:0.00]
2020-08-13T18:50:46 [e00:03.33 r00:01.49 l00000001] [T191 S132  69%] [1:SUCC 00000132:0.01]
2020-08-13T18:50:46 [e00:03.33 r00:01.49 l00000001] [T191 S132  69%] [1:WORK 00000133:0.00]
2020-08-13T18:50:46 [e00:03.35 r00:01.46 l00000001] [T191 S133  69%] [1:SUCC 00000133:0.01]
2020-08-13T18:50:46 [e00:03.35 r00:01.46 l00000001] [T191 S133  69%] [1:WORK 00000134:0.00]
2020-08-13T18:50:46 [e00:03.36 r00:01.43 l00000001] [T191 S134  70%] [1:SUCC 00000134:0.01]
2020-08-13T18:50:46 [e00:03.36 r00:01.43 l00000001] [T191 S134  70%] [1:WORK 00000135:0.00]
2020-08-13T18:50:46 [e00:03.38 r00:01.40 l00000001] [T191 S135  70%] [1:SUCC 00000135:0.01]
2020-08-13T18:50:46 [e00:03.38 r00:01.40 l00000001] [T191 S135  70%] [1:WORK 00000136:0.00]
2020-08-13T18:50:46 [e00:03.39 r00:01.37 l00000001] [T191 S136  71%] [1:SUCC 00000136:0.01]
2020-08-13T18:50:46 [e00:03.39 r00:01.37 l00000001] [T191 S136  71%] [1:WORK 00000137:0.00]
2020-08-13T18:50:47 [e00:03.40 r00:01.34 l00000001] [T191 S137  71%] [1:SUCC 00000137:0.01]
2020-08-13T18:50:47 [e00:03.40 r00:01.34 l00000001] [T191 S137  71%] [1:WORK 00000138:0.00]
2020-08-13T18:50:47 [e00:03.42 r00:01.31 l00000001] [T191 S138  72%] [1:SUCC 00000138:0.01]
2020-08-13T18:50:47 [e00:03.42 r00:01.31 l00000001] [T191 S138  72%] [1:WORK 00000139:0.00]
2020-08-13T18:50:47 [e00:03.43 r00:01.28 l00000001] [T191 S139  72%] [1:SUCC 00000139:0.01]
2020-08-13T18:50:47 [e00:03.43 r00:01.28 l00000001] [T191 S139  72%] [1:WORK 00000140:0.00]
2020-08-13T18:50:47 [e00:03.44 r00:01.25 l00000001] [T191 S140  73%] [1:SUCC 00000140:0.01]
2020-08-13T18:50:47 [e00:03.44 r00:01.25 l00000001] [T191 S140  73%] [1:WORK 00000141:0.00]
2020-08-13T18:50:47 [e00:03.45 r00:01.22 l00000001] [T191 S141  73%] [1:SUCC 00000141:0.01]
2020-08-13T18:50:47 [e00:03.45 r00:01.22 l00000001] [T191 S141  73%] [1:WORK 00000142:0.00]
2020-08-13T18:50:47 [e00:03.46 r00:01.19 l00000001] [T191 S142  74%] [1:SUCC 00000142:0.01]
2020-08-13T18:50:47 [e00:03.46 r00:01.20 l00000001] [T191 S142  74%] [1:WORK 00000143:0.00]
2020-08-13T18:50:47 [e00:03.47 r00:01.17 l00000001] [T191 S143  74%] [1:SUCC 00000143:0.01]
2020-08-13T18:50:47 [e00:03.47 r00:01.17 l00000001] [T191 S143  74%] [1:WORK 00000144:0.00]
2020-08-13T18:50:47 [e00:03.49 r00:01.14 l00000001] [T191 S144  75%] [1:SUCC 00000144:0.01]
2020-08-13T18:50:47 [e00:03.49 r00:01.14 l00000001] [T191 S144  75%] [1:WORK 00000145:0.00]
2020-08-13T18:50:47 [e00:03.50 r00:01.11 l00000001] [T191 S145  75%] [1:SUCC 00000145:0.01]
2020-08-13T18:50:47 [e00:03.50 r00:01.11 l00000001] [T191 S145  75%] [1:WORK 00000146:0.00]
2020-08-13T18:50:47 [e00:03.51 r00:01.08 l00000001] [T191 S146  76%] [1:SUCC 00000146:0.01]
2020-08-13T18:50:47 [e00:03.51 r00:01.08 l00000001] [T191 S146  76%] [1:WORK 00000147:0.00]
2020-08-13T18:50:47 [e00:03.52 r00:01.05 l00000001] [T191 S147  76%] [1:SUCC 00000147:0.01]
2020-08-13T18:50:47 [e00:03.52 r00:01.05 l00000001] [T191 S147  76%] [1:WORK 00000148:0.00]
2020-08-13T18:50:47 [e00:03.54 r00:01.03 l00000001] [T191 S148  77%] [1:SUCC 00000148:0.01]
2020-08-13T18:50:47 [e00:03.54 r00:01.03 l00000001] [T191 S148  77%] [1:WORK 00000149:0.00]
2020-08-13T18:50:47 [e00:03.55 r00:01.00 l00000001] [T191 S149  78%] [1:SUCC 00000149:0.01]
2020-08-13T18:50:47 [e00:03.55 r00:01.00 l00000001] [T191 S149  78%] [1:WORK 00000150:0.00]
2020-08-13T18:50:47 [e00:03.56 r00:00.97 l00000001] [T191 S150  78%] [1:SUCC 00000150:0.02]
2020-08-13T18:50:47 [e00:03.57 r00:00.97 l00000001] [T191 S150  78%] [1:WORK 00000151:0.00]
2020-08-13T18:50:47 [e00:03.58 r00:00.95 l00000001] [T191 S151  79%] [1:SUCC 00000151:0.01]
2020-08-13T18:50:47 [e00:03.58 r00:00.95 l00000001] [T191 S151  79%] [1:WORK 00000152:0.00]
2020-08-13T18:50:47 [e00:03.59 r00:00.92 l00000001] [T191 S152  79%] [1:SUCC 00000152:0.01]
2020-08-13T18:50:47 [e00:03.59 r00:00.92 l00000001] [T191 S152  79%] [1:WORK 00000153:0.00]
2020-08-13T18:50:47 [e00:03.61 r00:00.90 l00000001] [T191 S153  80%] [1:SUCC 00000153:0.01]
2020-08-13T18:50:47 [e00:03.61 r00:00.90 l00000001] [T191 S153  80%] [1:WORK 00000154:0.00]
2020-08-13T18:50:47 [e00:03.62 r00:00.87 l00000001] [T191 S154  80%] [1:SUCC 00000154:0.02]
2020-08-13T18:50:47 [e00:03.62 r00:00.87 l00000001] [T191 S154  80%] [1:WORK 00000155:0.00]
2020-08-13T18:50:47 [e00:03.63 r00:00.84 l00000001] [T191 S155  81%] [1:SUCC 00000155:0.01]
2020-08-13T18:50:47 [e00:03.63 r00:00.84 l00000001] [T191 S155  81%] [1:WORK 00000156:0.00]
2020-08-13T18:50:47 [e00:03.65 r00:00.82 l00000001] [T191 S156  81%] [1:SUCC 00000156:0.01]
2020-08-13T18:50:47 [e00:03.65 r00:00.82 l00000001] [T191 S156  81%] [1:WORK 00000157:0.00]
2020-08-13T18:50:47 [e00:03.66 r00:00.79 l00000001] [T191 S157  82%] [1:SUCC 00000157:0.01]
2020-08-13T18:50:47 [e00:03.66 r00:00.79 l00000001] [T191 S157  82%] [1:WORK 00000158:0.00]
2020-08-13T18:50:47 [e00:03.67 r00:00.77 l00000001] [T191 S158  82%] [1:SUCC 00000158:0.01]
2020-08-13T18:50:47 [e00:03.67 r00:00.77 l00000001] [T191 S158  82%] [1:WORK 00000159:0.00]
2020-08-13T18:50:47 [e00:03.68 r00:00.74 l00000001] [T191 S159  83%] [1:SUCC 00000159:0.01]
2020-08-13T18:50:47 [e00:03.68 r00:00.74 l00000001] [T191 S159  83%] [1:WORK 00000160:0.00]
2020-08-13T18:50:47 [e00:03.69 r00:00.72 l00000001] [T191 S160  83%] [1:SUCC 00000160:0.01]
2020-08-13T18:50:47 [e00:03.69 r00:00.72 l00000001] [T191 S160  83%] [1:WORK 00000161:0.00]
2020-08-13T18:50:47 [e00:03.70 r00:00.69 l00000001] [T191 S161  84%] [1:SUCC 00000161:0.01]
2020-08-13T18:50:47 [e00:03.70 r00:00.69 l00000001] [T191 S161  84%] [1:WORK 00000162:0.00]
2020-08-13T18:50:47 [e00:03.71 r00:00.66 l00000001] [T191 S162  84%] [1:SUCC 00000162:0.01]
2020-08-13T18:50:47 [e00:03.71 r00:00.66 l00000001] [T191 S162  84%] [1:WORK 00000163:0.00]
2020-08-13T18:50:47 [e00:03.73 r00:00.64 l00000001] [T191 S163  85%] [1:SUCC 00000163:0.01]
2020-08-13T18:50:47 [e00:03.73 r00:00.64 l00000001] [T191 S163  85%] [1:WORK 00000164:0.00]
2020-08-13T18:50:47 [e00:03.74 r00:00.62 l00000001] [T191 S164  85%] [1:SUCC 00000164:0.01]
2020-08-13T18:50:47 [e00:03.74 r00:00.62 l00000001] [T191 S164  85%] [1:WORK 00000165:0.00]
2020-08-13T18:50:47 [e00:03.75 r00:00.59 l00000001] [T191 S165  86%] [1:SUCC 00000165:0.01]
2020-08-13T18:50:47 [e00:03.75 r00:00.59 l00000001] [T191 S165  86%] [1:WORK 00000166:0.00]
2020-08-13T18:50:47 [e00:03.76 r00:00.57 l00000001] [T191 S166  86%] [1:SUCC 00000166:0.01]
2020-08-13T18:50:47 [e00:03.76 r00:00.57 l00000001] [T191 S166  86%] [1:WORK 00000167:0.00]
2020-08-13T18:50:47 [e00:03.77 r00:00.54 l00000001] [T191 S167  87%] [1:SUCC 00000167:0.01]
2020-08-13T18:50:47 [e00:03.77 r00:00.54 l00000001] [T191 S167  87%] [1:WORK 00000168:0.00]
2020-08-13T18:50:47 [e00:03.78 r00:00.52 l00000001] [T191 S168  87%] [1:SUCC 00000168:0.02]
2020-08-13T18:50:47 [e00:03.78 r00:00.52 l00000001] [T191 S168  87%] [1:WORK 00000169:0.00]
2020-08-13T18:50:47 [e00:03.80 r00:00.49 l00000001] [T191 S169  88%] [1:SUCC 00000169:0.01]
2020-08-13T18:50:47 [e00:03.80 r00:00.49 l00000001] [T191 S169  88%] [1:WORK 00000170:0.00]
2020-08-13T18:50:47 [e00:03.81 r00:00.47 l00000001] [T191 S170  89%] [1:SUCC 00000170:0.01]
2020-08-13T18:50:47 [e00:03.81 r00:00.47 l00000001] [T191 S170  89%] [1:WORK 00000171:0.00]
2020-08-13T18:50:47 [e00:03.82 r00:00.45 l00000001] [T191 S171  89%] [1:SUCC 00000171:0.01]
2020-08-13T18:50:47 [e00:03.82 r00:00.45 l00000001] [T191 S171  89%] [1:WORK 00000172:0.00]
2020-08-13T18:50:47 [e00:03.84 r00:00.42 l00000001] [T191 S172  90%] [1:SUCC 00000172:0.01]
2020-08-13T18:50:47 [e00:03.84 r00:00.42 l00000001] [T191 S172  90%] [1:WORK 00000173:0.00]
2020-08-13T18:50:47 [e00:03.85 r00:00.40 l00000001] [T191 S173  90%] [1:SUCC 00000173:0.01]
2020-08-13T18:50:47 [e00:03.85 r00:00.40 l00000001] [T191 S173  90%] [1:WORK 00000174:0.00]
2020-08-13T18:50:47 [e00:03.87 r00:00.38 l00000001] [T191 S174  91%] [1:SUCC 00000174:0.02]
2020-08-13T18:50:47 [e00:03.87 r00:00.38 l00000001] [T191 S174  91%] [1:WORK 00000175:0.00]
2020-08-13T18:50:47 [e00:03.88 r00:00.35 l00000001] [T191 S175  91%] [1:SUCC 00000175:0.01]
2020-08-13T18:50:47 [e00:03.88 r00:00.35 l00000001] [T191 S175  91%] [1:WORK 00000176:0.00]
2020-08-13T18:50:47 [e00:03.89 r00:00.33 l00000001] [T191 S176  92%] [1:SUCC 00000176:0.01]
2020-08-13T18:50:47 [e00:03.89 r00:00.33 l00000001] [T191 S176  92%] [1:WORK 00000177:0.00]
2020-08-13T18:50:47 [e00:03.90 r00:00.31 l00000001] [T191 S177  92%] [1:SUCC 00000177:0.01]
2020-08-13T18:50:47 [e00:03.90 r00:00.31 l00000001] [T191 S177  92%] [1:WORK 00000178:0.00]
2020-08-13T18:50:47 [e00:03.92 r00:00.29 l00000001] [T191 S178  93%] [1:SUCC 00000178:0.01]
2020-08-13T18:50:47 [e00:03.92 r00:00.29 l00000001] [T191 S178  93%] [1:WORK 00000179:0.00]
2020-08-13T18:50:47 [e00:03.93 r00:00.26 l00000001] [T191 S179  93%] [1:SUCC 00000179:0.01]
2020-08-13T18:50:47 [e00:03.93 r00:00.26 l00000001] [T191 S179  93%] [1:WORK 00000180:0.00]
2020-08-13T18:50:47 [e00:03.94 r00:00.24 l00000001] [T191 S180  94%] [1:SUCC 00000180:0.01]
2020-08-13T18:50:47 [e00:03.94 r00:00.24 l00000001] [T191 S180  94%] [1:WORK 00000181:0.00]
2020-08-13T18:50:47 [e00:03.95 r00:00.22 l00000001] [T191 S181  94%] [1:SUCC 00000181:0.01]
2020-08-13T18:50:47 [e00:03.95 r00:00.22 l00000001] [T191 S181  94%] [1:WORK 00000182:0.00]
2020-08-13T18:50:47 [e00:03.96 r00:00.20 l00000001] [T191 S182  95%] [1:SUCC 00000182:0.01]
2020-08-13T18:50:47 [e00:03.96 r00:00.20 l00000001] [T191 S182  95%] [1:WORK 00000183:0.00]
2020-08-13T18:50:47 [e00:03.97 r00:00.17 l00000001] [T191 S183  95%] [1:SUCC 00000183:0.01]
2020-08-13T18:50:47 [e00:03.97 r00:00.17 l00000001] [T191 S183  95%] [1:WORK 00000184:0.00]
2020-08-13T18:50:47 [e00:03.99 r00:00.15 l00000001] [T191 S184  96%] [1:SUCC 00000184:0.01]
2020-08-13T18:50:47 [e00:03.99 r00:00.15 l00000001] [T191 S184  96%] [1:WORK 00000185:0.00]
2020-08-13T18:50:47 [e00:04.00 r00:00.13 l00000001] [T191 S185  96%] [1:SUCC 00000185:0.01]
2020-08-13T18:50:47 [e00:04.00 r00:00.13 l00000001] [T191 S185  96%] [1:WORK 00000186:0.00]
2020-08-13T18:50:47 [e00:04.01 r00:00.11 l00000001] [T191 S186  97%] [1:SUCC 00000186:0.01]
2020-08-13T18:50:47 [e00:04.01 r00:00.11 l00000001] [T191 S186  97%] [1:WORK 00000187:0.00]
2020-08-13T18:50:47 [e00:04.02 r00:00.09 l00000001] [T191 S187  97%] [1:SUCC 00000187:0.01]
2020-08-13T18:50:47 [e00:04.02 r00:00.09 l00000001] [T191 S187  97%] [1:WORK 00000188:0.00]
2020-08-13T18:50:47 [e00:04.04 r00:00.06 l00000001] [T191 S188  98%] [1:SUCC 00000188:0.01]
2020-08-13T18:50:47 [e00:04.04 r00:00.06 l00000001] [T191 S188  98%] [1:WORK 00000189:0.00]
2020-08-13T18:50:47 [e00:04.05 r00:00.04 l00000001] [T191 S189  98%] [1:SUCC 00000189:0.01]
2020-08-13T18:50:47 [e00:04.05 r00:00.04 l00000001] [T191 S189  98%] [1:WORK 00000190:0.00]
2020-08-13T18:50:47 [e00:04.06 r00:00.02 l00000001] [T191 S190  99%] [1:SUCC 00000190:0.01]
2020-08-13T18:50:47 [e00:04.06 r00:00.02 l00000001] [T191 S190  99%] [1:WORK 00000191:0.00]
2020-08-13T18:50:47 [e00:04.07 r00:00.00 l00000001] [T191 S191 100%] [1:SUCC 00000191:0.01]
