("C:/Users/S&SSLAWKS/Desktop/Project/JAVA/src/20200813185000/dao/TB_CD10.java",29#20-29#38,"31000209","00000001","31000209.2")
("C:/Users/S&SSLAWKS/Desktop/Project/JAVA/src/20200813185000/dao/TB_CD10.java",35#21-35#39,"31000209","00000001","31000209.3")
("C:/Users/S&SSLAWKS/Desktop/Project/JAVA/src/20200813185000/dao/DAO.java",13#12-13#30,"31000209","00000001","31000209.0")
("C:/Users/S&SSLAWKS/Desktop/Project/JAVA/src/20200813185000/dao/DAO.java",23#12-23#30,"31000209","00000001","31000209.1")
("C:/Users/S&SSLAWKS/Desktop/Project/JAVA/src/20200813185000/dao/DAO.java",21#33-21#45,"31000259","00000001","31000259.0")
("C:/Users/S&SSLAWKS/Desktop/Project/JAVA/src/20200813185000/dao/DAO.java",13#12-13#30,"31000209","00000002","31000209.0")
("C:/Users/S&SSLAWKS/Desktop/Project/JAVA/src/20200813185000/dao/DAO.java",23#12-23#30,"31000209","00000002","31000209.1")
("C:/Users/S&SSLAWKS/Desktop/Project/JAVA/src/20200813185000/dao/DAO.java",21#33-21#45,"31000259","00000002","31000259.0")
("C:/Users/S&SSLAWKS/Desktop/Project/JAVA/src/20200813185000/dao/TB_CD20.java",29#20-29#38,"31000209","00000002","31000209.2")
("C:/Users/S&SSLAWKS/Desktop/Project/JAVA/src/20200813185000/dao/TB_CD20.java",35#21-35#39,"31000209","00000002","31000209.3")
("C:/Users/S&SSLAWKS/Desktop/Project/JAVA/src/20200813185000/dao/DAO.java",13#12-13#30,"31000209","00000003","31000209.0")
("C:/Users/S&SSLAWKS/Desktop/Project/JAVA/src/20200813185000/dao/DAO.java",23#12-23#30,"31000209","00000003","31000209.1")
("C:/Users/S&SSLAWKS/Desktop/Project/JAVA/src/20200813185000/dao/DAO.java",21#33-21#45,"31000259","00000003","31000259.0")
("C:/Users/S&SSLAWKS/Desktop/Project/JAVA/src/20200813185000/dao/TB_CD.java",30#20-30#38,"31000209","00000003","31000209.2")
("C:/Users/S&SSLAWKS/Desktop/Project/JAVA/src/20200813185000/dao/TB_CD.java",36#21-36#39,"31000209","00000003","31000209.3")
("C:/Users/S&SSLAWKS/Desktop/Project/JAVA/src/20200813185000/dao/DAO.java",13#12-13#30,"31000209","00000004","31000209.0")
("C:/Users/S&SSLAWKS/Desktop/Project/JAVA/src/20200813185000/dao/DAO.java",23#12-23#30,"31000209","00000004","31000209.1")
("C:/Users/S&SSLAWKS/Desktop/Project/JAVA/src/20200813185000/dao/DAO.java",21#33-21#45,"31000259","00000004","31000259.0")
("C:/Users/S&SSLAWKS/Desktop/Project/JAVA/src/20200813185000/dao/TB_CUSTOMER10.java",29#20-29#38,"31000209","00000004","31000209.2")
("C:/Users/S&SSLAWKS/Desktop/Project/JAVA/src/20200813185000/dao/TB_CUSTOMER10.java",35#21-35#39,"31000209","00000004","31000209.3")
("C:/Users/S&SSLAWKS/Desktop/Project/JAVA/src/20200813185000/dao/DAO.java",13#12-13#30,"31000209","00000005","31000209.0")
("C:/Users/S&SSLAWKS/Desktop/Project/JAVA/src/20200813185000/dao/DAO.java",23#12-23#30,"31000209","00000005","31000209.1")
("C:/Users/S&SSLAWKS/Desktop/Project/JAVA/src/20200813185000/dao/DAO.java",21#33-21#45,"31000259","00000005","31000259.0")
("C:/Users/S&SSLAWKS/Desktop/Project/JAVA/src/20200813185000/dao/TB_CUSTOMER20.java",29#20-29#38,"31000209","00000005","31000209.2")
("C:/Users/S&SSLAWKS/Desktop/Project/JAVA/src/20200813185000/dao/TB_CUSTOMER20.java",35#21-35#39,"31000209","00000005","31000209.3")
("C:/Users/S&SSLAWKS/Desktop/Project/JAVA/src/20200813185000/dao/DAO.java",13#12-13#30,"31000209","00000006","31000209.0")
("C:/Users/S&SSLAWKS/Desktop/Project/JAVA/src/20200813185000/dao/DAO.java",23#12-23#30,"31000209","00000006","31000209.1")
("C:/Users/S&SSLAWKS/Desktop/Project/JAVA/src/20200813185000/dao/DAO.java",21#33-21#45,"31000259","00000006","31000259.0")
("C:/Users/S&SSLAWKS/Desktop/Project/JAVA/src/20200813185000/dao/TB_CUSTOMER.java",29#20-29#38,"31000209","00000006","31000209.2")
("C:/Users/S&SSLAWKS/Desktop/Project/JAVA/src/20200813185000/dao/TB_CUSTOMER.java",35#21-35#39,"31000209","00000006","31000209.3")
("C:/Users/S&SSLAWKS/Desktop/Project/JAVA/src/20200813185000/dao/DAO.java",13#12-13#30,"31000209","00000007","31000209.0")
("C:/Users/S&SSLAWKS/Desktop/Project/JAVA/src/20200813185000/dao/DAO.java",23#12-23#30,"31000209","00000007","31000209.1")
("C:/Users/S&SSLAWKS/Desktop/Project/JAVA/src/20200813185000/dao/DAO.java",21#33-21#45,"31000259","00000007","31000259.0")
("C:/Users/S&SSLAWKS/Desktop/Project/JAVA/src/20200813185000/dao/TB_CODE_ANAL_LOAD.java",29#20-29#38,"31000209","00000007","31000209.2")
("C:/Users/S&SSLAWKS/Desktop/Project/JAVA/src/20200813185000/dao/TB_CODE_ANAL_LOAD.java",35#21-35#39,"31000209","00000007","31000209.3")
("C:/Users/S&SSLAWKS/Desktop/Project/JAVA/src/20200813185000/dao/DAO.java",13#12-13#30,"31000209","00000008","31000209.0")
("C:/Users/S&SSLAWKS/Desktop/Project/JAVA/src/20200813185000/dao/DAO.java",23#12-23#30,"31000209","00000008","31000209.1")
("C:/Users/S&SSLAWKS/Desktop/Project/JAVA/src/20200813185000/dao/DAO.java",21#33-21#45,"31000259","00000008","31000259.0")
("C:/Users/S&SSLAWKS/Desktop/Project/JAVA/src/20200813185000/dao/TB_CODE_ANAL_LOAD.java",63#20-63#38,"31000209","00000008","31000209.2")
("C:/Users/S&SSLAWKS/Desktop/Project/JAVA/src/20200813185000/dao/TB_CODE_ANAL_LOAD.java",69#21-69#39,"31000209","00000008","31000209.3")
("C:/Users/S&SSLAWKS/Desktop/Project/JAVA/src/20200813185000/dao/DAO.java",13#12-13#30,"31000209","00000009","31000209.0")
("C:/Users/S&SSLAWKS/Desktop/Project/JAVA/src/20200813185000/dao/DAO.java",23#12-23#30,"31000209","00000009","31000209.1")
("C:/Users/S&SSLAWKS/Desktop/Project/JAVA/src/20200813185000/dao/DAO.java",21#33-21#45,"31000259","00000009","31000259.0")
("C:/Users/S&SSLAWKS/Desktop/Project/JAVA/src/20200813185000/dao/TB_CUSTOMER.java",62#20-62#38,"31000209","00000009","31000209.2")
("C:/Users/S&SSLAWKS/Desktop/Project/JAVA/src/20200813185000/dao/TB_CUSTOMER.java",68#21-68#39,"31000209","00000009","31000209.3")
("C:/Users/S&SSLAWKS/Desktop/Project/JAVA/src/20200813185000/dao/DAO.java",13#12-13#30,"31000209","00000010","31000209.0")
("C:/Users/S&SSLAWKS/Desktop/Project/JAVA/src/20200813185000/dao/DAO.java",23#12-23#30,"31000209","00000010","31000209.1")
("C:/Users/S&SSLAWKS/Desktop/Project/JAVA/src/20200813185000/dao/DAO.java",21#33-21#45,"31000259","00000010","31000259.0")
("C:/Users/S&SSLAWKS/Desktop/Project/JAVA/src/20200813185000/dao/TB_CUSTOMER.java",98#20-98#38,"31000209","00000010","31000209.2")
("C:/Users/S&SSLAWKS/Desktop/Project/JAVA/src/20200813185000/dao/TB_CUSTOMER.java",104#21-104#39,"31000209","00000010","31000209.3")
("C:/Users/S&SSLAWKS/Desktop/Project/JAVA/src/20200813185000/dao/DAO.java",13#12-13#30,"31000209","00000011","31000209.0")
("C:/Users/S&SSLAWKS/Desktop/Project/JAVA/src/20200813185000/dao/DAO.java",23#12-23#30,"31000209","00000011","31000209.1")
("C:/Users/S&SSLAWKS/Desktop/Project/JAVA/src/20200813185000/dao/DAO.java",21#33-21#45,"31000259","00000011","31000259.0")
("C:/Users/S&SSLAWKS/Desktop/Project/JAVA/src/20200813185000/dao/TB_CUSTOMER.java",132#20-132#38,"31000209","00000011","31000209.2")
("C:/Users/S&SSLAWKS/Desktop/Project/JAVA/src/20200813185000/dao/TB_CUSTOMER.java",138#21-138#39,"31000209","00000011","31000209.3")
("C:/Users/S&SSLAWKS/Desktop/Project/JAVA/src/20200813185000/dao/DAO.java",13#12-13#30,"31000209","00000012","31000209.0")
("C:/Users/S&SSLAWKS/Desktop/Project/JAVA/src/20200813185000/dao/DAO.java",23#12-23#30,"31000209","00000012","31000209.1")
("C:/Users/S&SSLAWKS/Desktop/Project/JAVA/src/20200813185000/dao/DAO.java",21#33-21#45,"31000259","00000012","31000259.0")
("C:/Users/S&SSLAWKS/Desktop/Project/JAVA/src/20200813185000/dao/TB_CUSTOMER.java",167#20-167#38,"31000209","00000012","31000209.2")
("C:/Users/S&SSLAWKS/Desktop/Project/JAVA/src/20200813185000/dao/TB_CUSTOMER.java",173#21-173#39,"31000209","00000012","31000209.3")
("C:/Users/S&SSLAWKS/Desktop/Project/JAVA/src/20200813185000/dao/DAO.java",13#12-13#30,"31000209","00000013","31000209.0")
("C:/Users/S&SSLAWKS/Desktop/Project/JAVA/src/20200813185000/dao/DAO.java",23#12-23#30,"31000209","00000013","31000209.1")
("C:/Users/S&SSLAWKS/Desktop/Project/JAVA/src/20200813185000/dao/DAO.java",21#33-21#45,"31000259","00000013","31000259.0")
("C:/Users/S&SSLAWKS/Desktop/Project/JAVA/src/20200813185000/dao/TB_CUSTOMER10.java",62#20-62#38,"31000209","00000013","31000209.2")
("C:/Users/S&SSLAWKS/Desktop/Project/JAVA/src/20200813185000/dao/TB_CUSTOMER10.java",68#21-68#39,"31000209","00000013","31000209.3")
("C:/Users/S&SSLAWKS/Desktop/Project/JAVA/src/20200813185000/dao/DAO.java",13#12-13#30,"31000209","00000014","31000209.0")
("C:/Users/S&SSLAWKS/Desktop/Project/JAVA/src/20200813185000/dao/DAO.java",23#12-23#30,"31000209","00000014","31000209.1")
("C:/Users/S&SSLAWKS/Desktop/Project/JAVA/src/20200813185000/dao/DAO.java",21#33-21#45,"31000259","00000014","31000259.0")
("C:/Users/S&SSLAWKS/Desktop/Project/JAVA/src/20200813185000/dao/TB_CUSTOMER10.java",97#20-97#38,"31000209","00000014","31000209.2")
("C:/Users/S&SSLAWKS/Desktop/Project/JAVA/src/20200813185000/dao/TB_CUSTOMER10.java",103#21-103#39,"31000209","00000014","31000209.3")
("C:/Users/S&SSLAWKS/Desktop/Project/JAVA/src/20200813185000/dao/DAO.java",13#12-13#30,"31000209","00000015","31000209.0")
("C:/Users/S&SSLAWKS/Desktop/Project/JAVA/src/20200813185000/dao/DAO.java",23#12-23#30,"31000209","00000015","31000209.1")
("C:/Users/S&SSLAWKS/Desktop/Project/JAVA/src/20200813185000/dao/DAO.java",21#33-21#45,"31000259","00000015","31000259.0")
("C:/Users/S&SSLAWKS/Desktop/Project/JAVA/src/20200813185000/dao/TB_CUSTOMER10.java",131#20-131#38,"31000209","00000015","31000209.2")
("C:/Users/S&SSLAWKS/Desktop/Project/JAVA/src/20200813185000/dao/TB_CUSTOMER10.java",137#21-137#39,"31000209","00000015","31000209.3")
("C:/Users/S&SSLAWKS/Desktop/Project/JAVA/src/20200813185000/dao/DAO.java",13#12-13#30,"31000209","00000016","31000209.0")
("C:/Users/S&SSLAWKS/Desktop/Project/JAVA/src/20200813185000/dao/DAO.java",23#12-23#30,"31000209","00000016","31000209.1")
("C:/Users/S&SSLAWKS/Desktop/Project/JAVA/src/20200813185000/dao/DAO.java",21#33-21#45,"31000259","00000016","31000259.0")
("C:/Users/S&SSLAWKS/Desktop/Project/JAVA/src/20200813185000/dao/TB_CUSTOMER10.java",166#20-166#38,"31000209","00000016","31000209.2")
("C:/Users/S&SSLAWKS/Desktop/Project/JAVA/src/20200813185000/dao/TB_CUSTOMER10.java",172#21-172#39,"31000209","00000016","31000209.3")
("C:/Users/S&SSLAWKS/Desktop/Project/JAVA/src/20200813185000/dao/DAO.java",13#12-13#30,"31000209","00000017","31000209.0")
("C:/Users/S&SSLAWKS/Desktop/Project/JAVA/src/20200813185000/dao/DAO.java",23#12-23#30,"31000209","00000017","31000209.1")
("C:/Users/S&SSLAWKS/Desktop/Project/JAVA/src/20200813185000/dao/DAO.java",21#33-21#45,"31000259","00000017","31000259.0")
("C:/Users/S&SSLAWKS/Desktop/Project/JAVA/src/20200813185000/dao/TB_CUSTOMER20.java",65#20-65#38,"31000209","00000017","31000209.2")
("C:/Users/S&SSLAWKS/Desktop/Project/JAVA/src/20200813185000/dao/TB_CUSTOMER20.java",71#21-71#39,"31000209","00000017","31000209.3")
("C:/Users/S&SSLAWKS/Desktop/Project/JAVA/src/20200813185000/dao/DAO.java",13#12-13#30,"31000209","00000018","31000209.0")
("C:/Users/S&SSLAWKS/Desktop/Project/JAVA/src/20200813185000/dao/DAO.java",23#12-23#30,"31000209","00000018","31000209.1")
("C:/Users/S&SSLAWKS/Desktop/Project/JAVA/src/20200813185000/dao/DAO.java",21#33-21#45,"31000259","00000018","31000259.0")
("C:/Users/S&SSLAWKS/Desktop/Project/JAVA/src/20200813185000/dao/TB_CUSTOMER20.java",99#20-99#38,"31000209","00000018","31000209.2")
("C:/Users/S&SSLAWKS/Desktop/Project/JAVA/src/20200813185000/dao/TB_CUSTOMER20.java",105#21-105#39,"31000209","00000018","31000209.3")
("C:/Users/S&SSLAWKS/Desktop/Project/JAVA/src/20200813185000/dao/DAO.java",13#12-13#30,"31000209","00000019","31000209.0")
("C:/Users/S&SSLAWKS/Desktop/Project/JAVA/src/20200813185000/dao/DAO.java",23#12-23#30,"31000209","00000019","31000209.1")
("C:/Users/S&SSLAWKS/Desktop/Project/JAVA/src/20200813185000/dao/DAO.java",21#33-21#45,"31000259","00000019","31000259.0")
("C:/Users/S&SSLAWKS/Desktop/Project/JAVA/src/20200813185000/dao/TB_CUSTOMER20.java",134#20-134#38,"31000209","00000019","31000209.2")
("C:/Users/S&SSLAWKS/Desktop/Project/JAVA/src/20200813185000/dao/TB_CUSTOMER20.java",140#21-140#39,"31000209","00000019","31000209.3")
("C:/Users/S&SSLAWKS/Desktop/Project/JAVA/src/20200813185000/dao/DAO.java",13#12-13#30,"31000209","00000020","31000209.0")
("C:/Users/S&SSLAWKS/Desktop/Project/JAVA/src/20200813185000/dao/DAO.java",23#12-23#30,"31000209","00000020","31000209.1")
("C:/Users/S&SSLAWKS/Desktop/Project/JAVA/src/20200813185000/dao/DAO.java",21#33-21#45,"31000259","00000020","31000259.0")
("C:/Users/S&SSLAWKS/Desktop/Project/JAVA/src/20200813185000/dao/TB_CUST_HOUSEH.java",29#20-29#38,"31000209","00000020","31000209.2")
("C:/Users/S&SSLAWKS/Desktop/Project/JAVA/src/20200813185000/dao/TB_CUST_HOUSEH.java",35#21-35#39,"31000209","00000020","31000209.3")
("C:/Users/S&SSLAWKS/Desktop/Project/JAVA/src/20200813185000/dao/DAO.java",13#12-13#30,"31000209","00000021","31000209.0")
("C:/Users/S&SSLAWKS/Desktop/Project/JAVA/src/20200813185000/dao/DAO.java",23#12-23#30,"31000209","00000021","31000209.1")
("C:/Users/S&SSLAWKS/Desktop/Project/JAVA/src/20200813185000/dao/DAO.java",21#33-21#45,"31000259","00000021","31000259.0")
("C:/Users/S&SSLAWKS/Desktop/Project/JAVA/src/20200813185000/dao/TB_CUST_HOUSEH.java",62#20-62#38,"31000209","00000021","31000209.2")
("C:/Users/S&SSLAWKS/Desktop/Project/JAVA/src/20200813185000/dao/TB_CUST_HOUSEH.java",68#21-68#39,"31000209","00000021","31000209.3")
("C:/Users/S&SSLAWKS/Desktop/Project/JAVA/src/20200813185000/dao/DAO.java",13#12-13#30,"31000209","00000022","31000209.0")
("C:/Users/S&SSLAWKS/Desktop/Project/JAVA/src/20200813185000/dao/DAO.java",23#12-23#30,"31000209","00000022","31000209.1")
("C:/Users/S&SSLAWKS/Desktop/Project/JAVA/src/20200813185000/dao/DAO.java",21#33-21#45,"31000259","00000022","31000259.0")
("C:/Users/S&SSLAWKS/Desktop/Project/JAVA/src/20200813185000/dao/TB_CUST_ORDSUM.java",29#20-29#38,"31000209","00000022","31000209.2")
("C:/Users/S&SSLAWKS/Desktop/Project/JAVA/src/20200813185000/dao/TB_CUST_ORDSUM.java",35#21-35#39,"31000209","00000022","31000209.3")
("C:/Users/S&SSLAWKS/Desktop/Project/JAVA/src/20200813185000/dao/DAO.java",13#12-13#30,"31000209","00000023","31000209.0")
("C:/Users/S&SSLAWKS/Desktop/Project/JAVA/src/20200813185000/dao/DAO.java",23#12-23#30,"31000209","00000023","31000209.1")
("C:/Users/S&SSLAWKS/Desktop/Project/JAVA/src/20200813185000/dao/DAO.java",21#33-21#45,"31000259","00000023","31000259.0")
("C:/Users/S&SSLAWKS/Desktop/Project/JAVA/src/20200813185000/dao/TB_CUST_ORDSUM.java",63#20-63#38,"31000209","00000023","31000209.2")
("C:/Users/S&SSLAWKS/Desktop/Project/JAVA/src/20200813185000/dao/TB_CUST_ORDSUM.java",69#21-69#39,"31000209","00000023","31000209.3")
("C:/Users/S&SSLAWKS/Desktop/Project/JAVA/src/20200813185000/dao/DAO.java",13#12-13#30,"31000209","00000024","31000209.0")
("C:/Users/S&SSLAWKS/Desktop/Project/JAVA/src/20200813185000/dao/DAO.java",23#12-23#30,"31000209","00000024","31000209.1")
("C:/Users/S&SSLAWKS/Desktop/Project/JAVA/src/20200813185000/dao/DAO.java",21#33-21#45,"31000259","00000024","31000259.0")
("C:/Users/S&SSLAWKS/Desktop/Project/JAVA/src/20200813185000/dao/TB_CUST_PLACE.java",29#20-29#38,"31000209","00000024","31000209.2")
("C:/Users/S&SSLAWKS/Desktop/Project/JAVA/src/20200813185000/dao/TB_CUST_PLACE.java",35#21-35#39,"31000209","00000024","31000209.3")
("C:/Users/S&SSLAWKS/Desktop/Project/JAVA/src/20200813185000/dao/DAO.java",13#12-13#30,"31000209","00000025","31000209.0")
("C:/Users/S&SSLAWKS/Desktop/Project/JAVA/src/20200813185000/dao/DAO.java",23#12-23#30,"31000209","00000025","31000209.1")
("C:/Users/S&SSLAWKS/Desktop/Project/JAVA/src/20200813185000/dao/DAO.java",21#33-21#45,"31000259","00000025","31000259.0")
("C:/Users/S&SSLAWKS/Desktop/Project/JAVA/src/20200813185000/dao/TB_CUST_PLACE.java",62#20-62#38,"31000209","00000025","31000209.2")
("C:/Users/S&SSLAWKS/Desktop/Project/JAVA/src/20200813185000/dao/TB_CUST_PLACE.java",68#21-68#39,"31000209","00000025","31000209.3")
("C:/Users/S&SSLAWKS/Desktop/Project/JAVA/src/20200813185000/dao/DAO.java",13#12-13#30,"31000209","00000026","31000209.0")
("C:/Users/S&SSLAWKS/Desktop/Project/JAVA/src/20200813185000/dao/DAO.java",23#12-23#30,"31000209","00000026","31000209.1")
("C:/Users/S&SSLAWKS/Desktop/Project/JAVA/src/20200813185000/dao/DAO.java",21#33-21#45,"31000259","00000026","31000259.0")
("C:/Users/S&SSLAWKS/Desktop/Project/JAVA/src/20200813185000/dao/TB_DT_TYPE_STD_VAL.java",29#20-29#38,"31000209","00000026","31000209.2")
("C:/Users/S&SSLAWKS/Desktop/Project/JAVA/src/20200813185000/dao/TB_DT_TYPE_STD_VAL.java",35#21-35#39,"31000209","00000026","31000209.3")
("C:/Users/S&SSLAWKS/Desktop/Project/JAVA/src/20200813185000/dao/DAO.java",13#12-13#30,"31000209","00000027","31000209.0")
("C:/Users/S&SSLAWKS/Desktop/Project/JAVA/src/20200813185000/dao/DAO.java",23#12-23#30,"31000209","00000027","31000209.1")
("C:/Users/S&SSLAWKS/Desktop/Project/JAVA/src/20200813185000/dao/DAO.java",21#33-21#45,"31000259","00000027","31000259.0")
("C:/Users/S&SSLAWKS/Desktop/Project/JAVA/src/20200813185000/dao/TB_DT_TYPE_STD_VAL.java",63#20-63#38,"31000209","00000027","31000209.2")
("C:/Users/S&SSLAWKS/Desktop/Project/JAVA/src/20200813185000/dao/TB_DT_TYPE_STD_VAL.java",69#21-69#39,"31000209","00000027","31000209.3")
("C:/Users/S&SSLAWKS/Desktop/Project/JAVA/src/20200813185000/dao/DAO.java",13#12-13#30,"31000209","00000028","31000209.0")
("C:/Users/S&SSLAWKS/Desktop/Project/JAVA/src/20200813185000/dao/DAO.java",23#12-23#30,"31000209","00000028","31000209.1")
("C:/Users/S&SSLAWKS/Desktop/Project/JAVA/src/20200813185000/dao/DAO.java",21#33-21#45,"31000259","00000028","31000259.0")
("C:/Users/S&SSLAWKS/Desktop/Project/JAVA/src/20200813185000/dao/TB_ITEM_MASTER.java",29#20-29#38,"31000209","00000028","31000209.2")
("C:/Users/S&SSLAWKS/Desktop/Project/JAVA/src/20200813185000/dao/TB_ITEM_MASTER.java",35#21-35#39,"31000209","00000028","31000209.3")
("C:/Users/S&SSLAWKS/Desktop/Project/JAVA/src/20200813185000/dao/DAO.java",13#12-13#30,"31000209","00000029","31000209.0")
("C:/Users/S&SSLAWKS/Desktop/Project/JAVA/src/20200813185000/dao/DAO.java",23#12-23#30,"31000209","00000029","31000209.1")
("C:/Users/S&SSLAWKS/Desktop/Project/JAVA/src/20200813185000/dao/DAO.java",21#33-21#45,"31000259","00000029","31000259.0")
("C:/Users/S&SSLAWKS/Desktop/Project/JAVA/src/20200813185000/dao/TB_ITEM_MASTER.java",63#20-63#38,"31000209","00000029","31000209.2")
("C:/Users/S&SSLAWKS/Desktop/Project/JAVA/src/20200813185000/dao/TB_ITEM_MASTER.java",69#21-69#39,"31000209","00000029","31000209.3")
("C:/Users/S&SSLAWKS/Desktop/Project/JAVA/src/20200813185000/dao/DAO.java",13#12-13#30,"31000209","00000030","31000209.0")
("C:/Users/S&SSLAWKS/Desktop/Project/JAVA/src/20200813185000/dao/DAO.java",23#12-23#30,"31000209","00000030","31000209.1")
("C:/Users/S&SSLAWKS/Desktop/Project/JAVA/src/20200813185000/dao/DAO.java",21#33-21#45,"31000259","00000030","31000259.0")
("C:/Users/S&SSLAWKS/Desktop/Project/JAVA/src/20200813185000/dao/TB_MAIL_DOMAIN.java",29#20-29#38,"31000209","00000030","31000209.2")
("C:/Users/S&SSLAWKS/Desktop/Project/JAVA/src/20200813185000/dao/TB_MAIL_DOMAIN.java",35#21-35#39,"31000209","00000030","31000209.3")
("C:/Users/S&SSLAWKS/Desktop/Project/JAVA/src/20200813185000/dao/DAO.java",13#12-13#30,"31000209","00000031","31000209.0")
("C:/Users/S&SSLAWKS/Desktop/Project/JAVA/src/20200813185000/dao/DAO.java",23#12-23#30,"31000209","00000031","31000209.1")
("C:/Users/S&SSLAWKS/Desktop/Project/JAVA/src/20200813185000/dao/DAO.java",21#33-21#45,"31000259","00000031","31000259.0")
("C:/Users/S&SSLAWKS/Desktop/Project/JAVA/src/20200813185000/dao/TB_MAIL_DOMAIN.java",63#20-63#38,"31000209","00000031","31000209.2")
("C:/Users/S&SSLAWKS/Desktop/Project/JAVA/src/20200813185000/dao/TB_MAIL_DOMAIN.java",69#21-69#39,"31000209","00000031","31000209.3")
("C:/Users/S&SSLAWKS/Desktop/Project/JAVA/src/20200813185000/dao/DAO.java",13#12-13#30,"31000209","00000032","31000209.0")
("C:/Users/S&SSLAWKS/Desktop/Project/JAVA/src/20200813185000/dao/DAO.java",23#12-23#30,"31000209","00000032","31000209.1")
("C:/Users/S&SSLAWKS/Desktop/Project/JAVA/src/20200813185000/dao/DAO.java",21#33-21#45,"31000259","00000032","31000259.0")
("C:/Users/S&SSLAWKS/Desktop/Project/JAVA/src/20200813185000/dao/TB_ORDERM.java",29#20-29#38,"31000209","00000032","31000209.2")
("C:/Users/S&SSLAWKS/Desktop/Project/JAVA/src/20200813185000/dao/TB_ORDERM.java",35#21-35#39,"31000209","00000032","31000209.3")
("C:/Users/S&SSLAWKS/Desktop/Project/JAVA/src/20200813185000/dao/DAO.java",13#12-13#30,"31000209","00000033","31000209.0")
("C:/Users/S&SSLAWKS/Desktop/Project/JAVA/src/20200813185000/dao/DAO.java",23#12-23#30,"31000209","00000033","31000209.1")
("C:/Users/S&SSLAWKS/Desktop/Project/JAVA/src/20200813185000/dao/DAO.java",21#33-21#45,"31000259","00000033","31000259.0")
("C:/Users/S&SSLAWKS/Desktop/Project/JAVA/src/20200813185000/dao/TB_ORDERM.java",62#20-62#38,"31000209","00000033","31000209.2")
("C:/Users/S&SSLAWKS/Desktop/Project/JAVA/src/20200813185000/dao/TB_ORDERM.java",68#21-68#39,"31000209","00000033","31000209.3")
("C:/Users/S&SSLAWKS/Desktop/Project/JAVA/src/20200813185000/dao/DAO.java",13#12-13#30,"31000209","00000034","31000209.0")
("C:/Users/S&SSLAWKS/Desktop/Project/JAVA/src/20200813185000/dao/DAO.java",23#12-23#30,"31000209","00000034","31000209.1")
("C:/Users/S&SSLAWKS/Desktop/Project/JAVA/src/20200813185000/dao/DAO.java",21#33-21#45,"31000259","00000034","31000259.0")
("C:/Users/S&SSLAWKS/Desktop/Project/JAVA/src/20200813185000/dao/TB_ORDER_DETAIL.java",29#20-29#38,"31000209","00000034","31000209.2")
("C:/Users/S&SSLAWKS/Desktop/Project/JAVA/src/20200813185000/dao/TB_ORDER_DETAIL.java",35#21-35#39,"31000209","00000034","31000209.3")
("C:/Users/S&SSLAWKS/Desktop/Project/JAVA/src/20200813185000/dao/DAO.java",13#12-13#30,"31000209","00000035","31000209.0")
("C:/Users/S&SSLAWKS/Desktop/Project/JAVA/src/20200813185000/dao/DAO.java",23#12-23#30,"31000209","00000035","31000209.1")
("C:/Users/S&SSLAWKS/Desktop/Project/JAVA/src/20200813185000/dao/DAO.java",21#33-21#45,"31000259","00000035","31000259.0")
("C:/Users/S&SSLAWKS/Desktop/Project/JAVA/src/20200813185000/dao/TB_ORDER_DETAIL.java",62#20-62#38,"31000209","00000035","31000209.2")
("C:/Users/S&SSLAWKS/Desktop/Project/JAVA/src/20200813185000/dao/TB_ORDER_DETAIL.java",68#21-68#39,"31000209","00000035","31000209.3")
("C:/Users/S&SSLAWKS/Desktop/Project/JAVA/src/20200813185000/dao/DAO.java",13#12-13#30,"31000209","00000036","31000209.0")
("C:/Users/S&SSLAWKS/Desktop/Project/JAVA/src/20200813185000/dao/DAO.java",23#12-23#30,"31000209","00000036","31000209.1")
("C:/Users/S&SSLAWKS/Desktop/Project/JAVA/src/20200813185000/dao/DAO.java",21#33-21#45,"31000259","00000036","31000259.0")
("C:/Users/S&SSLAWKS/Desktop/Project/JAVA/src/20200813185000/dao/TB_VENDOR.java",29#20-29#38,"31000209","00000036","31000209.2")
("C:/Users/S&SSLAWKS/Desktop/Project/JAVA/src/20200813185000/dao/TB_VENDOR.java",35#21-35#39,"31000209","00000036","31000209.3")
("C:/Users/S&SSLAWKS/Desktop/Project/JAVA/src/20200813185000/dao/DAO.java",13#12-13#30,"31000209","00000037","31000209.0")
("C:/Users/S&SSLAWKS/Desktop/Project/JAVA/src/20200813185000/dao/DAO.java",23#12-23#30,"31000209","00000037","31000209.1")
("C:/Users/S&SSLAWKS/Desktop/Project/JAVA/src/20200813185000/dao/DAO.java",21#33-21#45,"31000259","00000037","31000259.0")
("C:/Users/S&SSLAWKS/Desktop/Project/JAVA/src/20200813185000/dao/TB_ZIP_CODE.java",29#20-29#38,"31000209","00000037","31000209.2")
("C:/Users/S&SSLAWKS/Desktop/Project/JAVA/src/20200813185000/dao/TB_ZIP_CODE.java",35#21-35#39,"31000209","00000037","31000209.3")
("C:/Users/S&SSLAWKS/Desktop/Project/JAVA/src/20200813185000/com/gtone/dq/customer/config/CUSTConfig.java",26#46-26#113,"31000022","00000038","31000022.0")
("C:/Users/S&SSLAWKS/Desktop/Project/JAVA/src/20200813185000/com/gtone/dq/customer/util/SysUtil.java",98#68-98#92,"31003034")
